<?xml version="1.0"?>
<link_info>
   <banner>TI ARM Linker PC v5.2.4</banner>
   <copyright>Copyright (c) 1996-2015 Texas Instruments Incorporated</copyright>
   <link_time>0x55da02c5</link_time>
   <link_errors>0x4</link_errors>
   <output_file>PIMDAQ_TI_RTOS.out</output_file>
   <entry_point>
      <name>_c_int00</name>
      <address>0x80008c24</address>
   </entry_point>
   <input_file_list>
      <input_file id="fl-2">
         <path>.\</path>
         <kind>object</kind>
         <file>am335x_clock_data.obj</file>
         <name>am335x_clock_data.obj</name>
      </input_file>
      <input_file id="fl-3">
         <path>.\</path>
         <kind>object</kind>
         <file>cache.obj</file>
         <name>cache.obj</name>
      </input_file>
      <input_file id="fl-4">
         <path>.\</path>
         <kind>object</kind>
         <file>clock.obj</file>
         <name>clock.obj</name>
      </input_file>
      <input_file id="fl-5">
         <path>.\</path>
         <kind>object</kind>
         <file>cp15.obj</file>
         <name>cp15.obj</name>
      </input_file>
      <input_file id="fl-6">
         <path>.\</path>
         <kind>object</kind>
         <file>cpu.obj</file>
         <name>cpu.obj</name>
      </input_file>
      <input_file id="fl-7">
         <path>.\</path>
         <kind>object</kind>
         <file>dmtimer.obj</file>
         <name>dmtimer.obj</name>
      </input_file>
      <input_file id="fl-8">
         <path>.\</path>
         <kind>object</kind>
         <file>eeprom.obj</file>
         <name>eeprom.obj</name>
      </input_file>
      <input_file id="fl-9">
         <path>.\</path>
         <kind>object</kind>
         <file>gpio.obj</file>
         <name>gpio.obj</name>
      </input_file>
      <input_file id="fl-a">
         <path>.\</path>
         <kind>object</kind>
         <file>gpio_v2.obj</file>
         <name>gpio_v2.obj</name>
      </input_file>
      <input_file id="fl-b">
         <path>.\</path>
         <kind>object</kind>
         <file>interrupt.obj</file>
         <name>interrupt.obj</name>
      </input_file>
      <input_file id="fl-c">
         <path>.\</path>
         <kind>object</kind>
         <file>main.obj</file>
         <name>main.obj</name>
      </input_file>
      <input_file id="fl-d">
         <path>.\</path>
         <kind>object</kind>
         <file>mmu.obj</file>
         <name>mmu.obj</name>
      </input_file>
      <input_file id="fl-e">
         <path>.\</path>
         <kind>object</kind>
         <file>rtc.obj</file>
         <name>rtc.obj</name>
      </input_file>
      <input_file id="fl-f">
         <path>.\</path>
         <kind>object</kind>
         <file>sysdelay.obj</file>
         <name>sysdelay.obj</name>
      </input_file>
      <input_file id="fl-10">
         <path>.\</path>
         <kind>object</kind>
         <file>uart.obj</file>
         <name>uart.obj</name>
      </input_file>
      <input_file id="fl-11">
         <path>.\</path>
         <kind>object</kind>
         <file>uartConsole.obj</file>
         <name>uartConsole.obj</name>
      </input_file>
      <input_file id="fl-12">
         <path>.\</path>
         <kind>object</kind>
         <file>uart_irda_cir.obj</file>
         <name>uart_irda_cir.obj</name>
      </input_file>
      <input_file id="fl-13">
         <path>.\</path>
         <kind>object</kind>
         <file>usb.obj</file>
         <name>usb.obj</name>
      </input_file>
      <input_file id="fl-1b">
         <path>C:\ti\tirtos_sitara_2_00_01_23\products\bios_6_40_01_15\packages\ti\targets\arm\rtsarm\lib\</path>
         <kind>archive</kind>
         <file>ti.targets.arm.rtsarm.aea8fnv</file>
         <name>Error.oea8fnv</name>
      </input_file>
      <input_file id="fl-1c">
         <path>C:\ti\tirtos_sitara_2_00_01_23\products\bios_6_40_01_15\packages\ti\targets\arm\rtsarm\lib\</path>
         <kind>archive</kind>
         <file>ti.targets.arm.rtsarm.aea8fnv</file>
         <name>Gate.oea8fnv</name>
      </input_file>
      <input_file id="fl-1d">
         <path>C:\ti\tirtos_sitara_2_00_01_23\products\bios_6_40_01_15\packages\ti\targets\arm\rtsarm\lib\</path>
         <kind>archive</kind>
         <file>ti.targets.arm.rtsarm.aea8fnv</file>
         <name>System.oea8fnv</name>
      </input_file>
      <input_file id="fl-1e">
         <path>C:\ti\tirtos_sitara_2_00_01_23\products\bios_6_40_01_15\packages\ti\targets\arm\rtsarm\lib\</path>
         <kind>archive</kind>
         <file>ti.targets.arm.rtsarm.aea8fnv</file>
         <name>Text.oea8fnv</name>
      </input_file>
      <input_file id="fl-1f">
         <path>C:\ti\tirtos_sitara_2_00_01_23\products\bios_6_40_01_15\packages\ti\targets\arm\rtsarm\lib\</path>
         <kind>archive</kind>
         <file>ti.targets.arm.rtsarm.aea8fnv</file>
         <name>Registry.oea8fnv</name>
      </input_file>
      <input_file id="fl-20">
         <path>C:\ti\tirtos_sitara_2_00_01_23\products\bios_6_40_01_15\packages\ti\targets\arm\rtsarm\lib\</path>
         <kind>archive</kind>
         <file>boot.aea8fnv</file>
         <name>boot.oea8fnv</name>
      </input_file>
      <input_file id="fl-21">
         <path>C:\ti\tirtos_sitara_2_00_01_23\products\bios_6_40_01_15\packages\ti\targets\arm\rtsarm\lib\</path>
         <kind>archive</kind>
         <file>auto_init.aea8fnv</file>
         <name>auto_init.oea8fnv</name>
      </input_file>
      <input_file id="fl-143">
         <path>C:\ti\ccsv6\tools\compiler\ti-cgt-arm_5.2.4\lib\</path>
         <kind>archive</kind>
         <file>rtsv7A8_A_le_n_v3_eabi.lib</file>
         <name>args_main.obj</name>
      </input_file>
      <input_file id="fl-144">
         <path>C:\ti\ccsv6\tools\compiler\ti-cgt-arm_5.2.4\lib\</path>
         <kind>archive</kind>
         <file>rtsv7A8_A_le_n_v3_eabi.lib</file>
         <name>copy_decompress_none.obj</name>
      </input_file>
      <input_file id="fl-145">
         <path>C:\ti\ccsv6\tools\compiler\ti-cgt-arm_5.2.4\lib\</path>
         <kind>archive</kind>
         <file>rtsv7A8_A_le_n_v3_eabi.lib</file>
         <name>copy_decompress_rle.obj</name>
      </input_file>
      <input_file id="fl-146">
         <path>C:\ti\ccsv6\tools\compiler\ti-cgt-arm_5.2.4\lib\</path>
         <kind>archive</kind>
         <file>rtsv7A8_A_le_n_v3_eabi.lib</file>
         <name>copy_zero_init.obj</name>
      </input_file>
      <input_file id="fl-147">
         <path>C:\ti\ccsv6\tools\compiler\ti-cgt-arm_5.2.4\lib\</path>
         <kind>archive</kind>
         <file>rtsv7A8_A_le_n_v3_eabi.lib</file>
         <name>cpy_tbl.obj</name>
      </input_file>
      <input_file id="fl-148">
         <path>C:\ti\ccsv6\tools\compiler\ti-cgt-arm_5.2.4\lib\</path>
         <kind>archive</kind>
         <file>rtsv7A8_A_le_n_v3_eabi.lib</file>
         <name>exit.obj</name>
      </input_file>
      <input_file id="fl-149">
         <path>C:\ti\ccsv6\tools\compiler\ti-cgt-arm_5.2.4\lib\</path>
         <kind>archive</kind>
         <file>rtsv7A8_A_le_n_v3_eabi.lib</file>
         <name>memcpy32.obj</name>
      </input_file>
      <input_file id="fl-14a">
         <path>C:\ti\ccsv6\tools\compiler\ti-cgt-arm_5.2.4\lib\</path>
         <kind>archive</kind>
         <file>rtsv7A8_A_le_n_v3_eabi.lib</file>
         <name>memset32.obj</name>
      </input_file>
      <input_file id="fl-14b">
         <path>C:\ti\ccsv6\tools\compiler\ti-cgt-arm_5.2.4\lib\</path>
         <kind>archive</kind>
         <file>rtsv7A8_A_le_n_v3_eabi.lib</file>
         <name>printf.obj</name>
      </input_file>
      <input_file id="fl-14c">
         <path>C:\ti\ccsv6\tools\compiler\ti-cgt-arm_5.2.4\lib\</path>
         <kind>archive</kind>
         <file>rtsv7A8_A_le_n_v3_eabi.lib</file>
         <name>stkdepth_vars.obj</name>
      </input_file>
      <input_file id="fl-14d">
         <path>C:\ti\ccsv6\tools\compiler\ti-cgt-arm_5.2.4\lib\</path>
         <kind>archive</kind>
         <file>rtsv7A8_A_le_n_v3_eabi.lib</file>
         <name>strcmp.obj</name>
      </input_file>
      <input_file id="fl-14e">
         <path>C:\ti\ccsv6\tools\compiler\ti-cgt-arm_5.2.4\lib\</path>
         <kind>archive</kind>
         <file>rtsv7A8_A_le_n_v3_eabi.lib</file>
         <name>strlen.obj</name>
      </input_file>
      <input_file id="fl-14f">
         <path>C:\ti\ccsv6\tools\compiler\ti-cgt-arm_5.2.4\lib\</path>
         <kind>archive</kind>
         <file>rtsv7A8_A_le_n_v3_eabi.lib</file>
         <name>u_div32.obj</name>
      </input_file>
      <input_file id="fl-150">
         <path>C:\ti\ccsv6\tools\compiler\ti-cgt-arm_5.2.4\lib\</path>
         <kind>archive</kind>
         <file>rtsv7A8_A_le_n_v3_eabi.lib</file>
         <name>_lock.obj</name>
      </input_file>
      <input_file id="fl-151">
         <path>C:\ti\ccsv6\tools\compiler\ti-cgt-arm_5.2.4\lib\</path>
         <kind>archive</kind>
         <file>rtsv7A8_A_le_n_v3_eabi.lib</file>
         <name>_printfi.obj</name>
      </input_file>
      <input_file id="fl-152">
         <path>C:\ti\ccsv6\tools\compiler\ti-cgt-arm_5.2.4\lib\</path>
         <kind>archive</kind>
         <file>rtsv7A8_A_le_n_v3_eabi.lib</file>
         <name>atoi.obj</name>
      </input_file>
      <input_file id="fl-153">
         <path>C:\ti\ccsv6\tools\compiler\ti-cgt-arm_5.2.4\lib\</path>
         <kind>archive</kind>
         <file>rtsv7A8_A_le_n_v3_eabi.lib</file>
         <name>ctype.obj</name>
      </input_file>
      <input_file id="fl-154">
         <path>C:\ti\ccsv6\tools\compiler\ti-cgt-arm_5.2.4\lib\</path>
         <kind>archive</kind>
         <file>rtsv7A8_A_le_n_v3_eabi.lib</file>
         <name>defs.obj</name>
      </input_file>
      <input_file id="fl-155">
         <path>C:\ti\ccsv6\tools\compiler\ti-cgt-arm_5.2.4\lib\</path>
         <kind>archive</kind>
         <file>rtsv7A8_A_le_n_v3_eabi.lib</file>
         <name>fputc.obj</name>
      </input_file>
      <input_file id="fl-156">
         <path>C:\ti\ccsv6\tools\compiler\ti-cgt-arm_5.2.4\lib\</path>
         <kind>archive</kind>
         <file>rtsv7A8_A_le_n_v3_eabi.lib</file>
         <name>fputs.obj</name>
      </input_file>
      <input_file id="fl-157">
         <path>C:\ti\ccsv6\tools\compiler\ti-cgt-arm_5.2.4\lib\</path>
         <kind>archive</kind>
         <file>rtsv7A8_A_le_n_v3_eabi.lib</file>
         <name>frexp.obj</name>
      </input_file>
      <input_file id="fl-158">
         <path>C:\ti\ccsv6\tools\compiler\ti-cgt-arm_5.2.4\lib\</path>
         <kind>archive</kind>
         <file>rtsv7A8_A_le_n_v3_eabi.lib</file>
         <name>i_div0.obj</name>
      </input_file>
      <input_file id="fl-159">
         <path>C:\ti\ccsv6\tools\compiler\ti-cgt-arm_5.2.4\lib\</path>
         <kind>archive</kind>
         <file>rtsv7A8_A_le_n_v3_eabi.lib</file>
         <name>ldexp.obj</name>
      </input_file>
      <input_file id="fl-15a">
         <path>C:\ti\ccsv6\tools\compiler\ti-cgt-arm_5.2.4\lib\</path>
         <kind>archive</kind>
         <file>rtsv7A8_A_le_n_v3_eabi.lib</file>
         <name>lowlev.obj</name>
      </input_file>
      <input_file id="fl-15b">
         <path>C:\ti\ccsv6\tools\compiler\ti-cgt-arm_5.2.4\lib\</path>
         <kind>archive</kind>
         <file>rtsv7A8_A_le_n_v3_eabi.lib</file>
         <name>ltoa.obj</name>
      </input_file>
      <input_file id="fl-15c">
         <path>C:\ti\ccsv6\tools\compiler\ti-cgt-arm_5.2.4\lib\</path>
         <kind>archive</kind>
         <file>rtsv7A8_A_le_n_v3_eabi.lib</file>
         <name>memccpy.obj</name>
      </input_file>
      <input_file id="fl-15d">
         <path>C:\ti\ccsv6\tools\compiler\ti-cgt-arm_5.2.4\lib\</path>
         <kind>archive</kind>
         <file>rtsv7A8_A_le_n_v3_eabi.lib</file>
         <name>memchr.obj</name>
      </input_file>
      <input_file id="fl-15e">
         <path>C:\ti\ccsv6\tools\compiler\ti-cgt-arm_5.2.4\lib\</path>
         <kind>archive</kind>
         <file>rtsv7A8_A_le_n_v3_eabi.lib</file>
         <name>strchr.obj</name>
      </input_file>
      <input_file id="fl-15f">
         <path>C:\ti\ccsv6\tools\compiler\ti-cgt-arm_5.2.4\lib\</path>
         <kind>archive</kind>
         <file>rtsv7A8_A_le_n_v3_eabi.lib</file>
         <name>strncpy.obj</name>
      </input_file>
      <input_file id="fl-160">
         <path>C:\ti\ccsv6\tools\compiler\ti-cgt-arm_5.2.4\lib\</path>
         <kind>archive</kind>
         <file>rtsv7A8_A_le_n_v3_eabi.lib</file>
         <name>trgdrv.obj</name>
      </input_file>
      <input_file id="fl-161">
         <path>C:\ti\ccsv6\tools\compiler\ti-cgt-arm_5.2.4\lib\</path>
         <kind>archive</kind>
         <file>rtsv7A8_A_le_n_v3_eabi.lib</file>
         <name>trgmsg.obj</name>
      </input_file>
      <input_file id="fl-162">
         <path>C:\ti\ccsv6\tools\compiler\ti-cgt-arm_5.2.4\lib\</path>
         <kind>archive</kind>
         <file>rtsv7A8_A_le_n_v3_eabi.lib</file>
         <name>ull_div32.obj</name>
      </input_file>
      <input_file id="fl-163">
         <path>C:\ti\ccsv6\tools\compiler\ti-cgt-arm_5.2.4\lib\</path>
         <kind>archive</kind>
         <file>rtsv7A8_A_le_n_v3_eabi.lib</file>
         <name>xdclass.obj</name>
      </input_file>
      <input_file id="fl-164">
         <path>C:\ti\ccsv6\tools\compiler\ti-cgt-arm_5.2.4\lib\</path>
         <kind>archive</kind>
         <file>rtsv7A8_A_le_n_v3_eabi.lib</file>
         <name>xdscale.obj</name>
      </input_file>
      <input_file id="fl-165">
         <path>C:\ti\ccsv6\tools\compiler\ti-cgt-arm_5.2.4\lib\</path>
         <kind>archive</kind>
         <file>rtsv7A8_A_le_n_v3_eabi.lib</file>
         <name>xdunscal.obj</name>
      </input_file>
      <input_file id="fl-166">
         <path>C:\ti\ccsv6\tools\compiler\ti-cgt-arm_5.2.4\lib\</path>
         <kind>archive</kind>
         <file>rtsv7A8_A_le_n_v3_eabi.lib</file>
         <name>xferaise.obj</name>
      </input_file>
      <input_file id="fl-167">
         <path>C:\ti\ccsv6\tools\compiler\ti-cgt-arm_5.2.4\lib\</path>
         <kind>archive</kind>
         <file>rtsv7A8_A_le_n_v3_eabi.lib</file>
         <name>xvalues.obj</name>
      </input_file>
      <input_file id="fl-168">
         <path>C:\ti\ccsv6\tools\compiler\ti-cgt-arm_5.2.4\lib\</path>
         <kind>archive</kind>
         <file>rtsv7A8_A_le_n_v3_eabi.lib</file>
         <name>_io_perm.obj</name>
      </input_file>
      <input_file id="fl-169">
         <path>C:\ti\ccsv6\tools\compiler\ti-cgt-arm_5.2.4\lib\</path>
         <kind>archive</kind>
         <file>rtsv7A8_A_le_n_v3_eabi.lib</file>
         <name>errno.obj</name>
      </input_file>
      <input_file id="fl-16a">
         <path>C:\ti\ccsv6\tools\compiler\ti-cgt-arm_5.2.4\lib\</path>
         <kind>archive</kind>
         <file>rtsv7A8_A_le_n_v3_eabi.lib</file>
         <name>feraiseexcept.obj</name>
      </input_file>
      <input_file id="fl-16b">
         <path>C:\ti\ccsv6\tools\compiler\ti-cgt-arm_5.2.4\lib\</path>
         <kind>archive</kind>
         <file>rtsv7A8_A_le_n_v3_eabi.lib</file>
         <name>fflush.obj</name>
      </input_file>
      <input_file id="fl-16c">
         <path>C:\ti\ccsv6\tools\compiler\ti-cgt-arm_5.2.4\lib\</path>
         <kind>archive</kind>
         <file>rtsv7A8_A_le_n_v3_eabi.lib</file>
         <name>fseek.obj</name>
      </input_file>
      <input_file id="fl-16d">
         <path>C:\ti\ccsv6\tools\compiler\ti-cgt-arm_5.2.4\lib\</path>
         <kind>archive</kind>
         <file>rtsv7A8_A_le_n_v3_eabi.lib</file>
         <name>i_div32.obj</name>
      </input_file>
      <input_file id="fl-16e">
         <path>C:\ti\ccsv6\tools\compiler\ti-cgt-arm_5.2.4\lib\</path>
         <kind>archive</kind>
         <file>rtsv7A8_A_le_n_v3_eabi.lib</file>
         <name>raise.obj</name>
      </input_file>
      <input_file id="fl-16f">
         <path>C:\ti\ccsv6\tools\compiler\ti-cgt-arm_5.2.4\lib\</path>
         <kind>archive</kind>
         <file>rtsv7A8_A_le_n_v3_eabi.lib</file>
         <name>setvbuf.obj</name>
      </input_file>
      <input_file id="fl-170">
         <path>C:\ti\ccsv6\tools\compiler\ti-cgt-arm_5.2.4\lib\</path>
         <kind>archive</kind>
         <file>rtsv7A8_A_le_n_v3_eabi.lib</file>
         <name>signal.obj</name>
      </input_file>
      <input_file id="fl-171">
         <path>C:\ti\ccsv6\tools\compiler\ti-cgt-arm_5.2.4\lib\</path>
         <kind>archive</kind>
         <file>rtsv7A8_A_le_n_v3_eabi.lib</file>
         <name>strcpy.obj</name>
      </input_file>
      <input_file id="fl-172">
         <path>C:\ti\ccsv6\tools\compiler\ti-cgt-arm_5.2.4\lib\</path>
         <kind>archive</kind>
         <file>rtsv7A8_A_le_n_v3_eabi.lib</file>
         <name>xdnorm.obj</name>
      </input_file>
      <input_file id="fl-173">
         <path>C:\ti\ccsv6\tools\compiler\ti-cgt-arm_5.2.4\lib\</path>
         <kind>archive</kind>
         <file>rtsv7A8_A_le_n_v3_eabi.lib</file>
         <name>fopen.obj</name>
      </input_file>
      <input_file id="fl-174">
         <path>C:\ti\ccsv6\tools\compiler\ti-cgt-arm_5.2.4\lib\</path>
         <kind>archive</kind>
         <file>rtsv7A8_A_le_n_v3_eabi.lib</file>
         <name>memory.obj</name>
      </input_file>
      <input_file id="fl-175">
         <path>C:\ti\ccsv6\tools\compiler\ti-cgt-arm_5.2.4\lib\</path>
         <kind>archive</kind>
         <file>rtsv7A8_A_le_n_v3_eabi.lib</file>
         <name>fclose.obj</name>
      </input_file>
      <input_file id="fl-176">
         <path>C:\ti\ccsv6\tools\compiler\ti-cgt-arm_5.2.4\lib\</path>
         <kind>archive</kind>
         <file>rtsv7A8_A_le_n_v3_eabi.lib</file>
         <name>remove.obj</name>
      </input_file>
      <input_file id="fl-177">
         <path>C:\ti\tirtos_sitara_2_00_01_23\products\bios_6_40_01_15\packages\ti\targets\arm\rtsarm\lib\</path>
         <kind>archive</kind>
         <file>ti.targets.arm.rtsarm.aea8fnv</file>
         <name>Startup.oea8fnv</name>
      </input_file>
   </input_file_list>
   <object_component_list>
      <object_component id="oc-d1">
         <name>.text</name>
         <load_address>0x80000000</load_address>
         <run_address>0x80000000</run_address>
         <size>0x1d10</size>
         <input_file_ref idref="fl-12"/>
      </object_component>
      <object_component id="oc-189">
         <name>.text</name>
         <load_address>0x80001d10</load_address>
         <run_address>0x80001d10</run_address>
         <size>0x18d0</size>
         <input_file_ref idref="fl-151"/>
      </object_component>
      <object_component id="oc-cb">
         <name>.text</name>
         <load_address>0x800035e0</load_address>
         <run_address>0x800035e0</run_address>
         <size>0xe0c</size>
         <input_file_ref idref="fl-4"/>
      </object_component>
      <object_component id="oc-bf">
         <name>.text</name>
         <load_address>0x800043ec</load_address>
         <run_address>0x800043ec</run_address>
         <size>0xb44</size>
         <input_file_ref idref="fl-a"/>
      </object_component>
      <object_component id="oc-99">
         <name>.text</name>
         <load_address>0x80004f30</load_address>
         <run_address>0x80004f30</run_address>
         <size>0x9d0</size>
         <input_file_ref idref="fl-c"/>
      </object_component>
      <object_component id="oc-69e">
         <name>.text</name>
         <load_address>0x80005900</load_address>
         <run_address>0x80005900</run_address>
         <size>0x63c</size>
         <input_file_ref idref="fl-174"/>
      </object_component>
      <object_component id="oc-347">
         <name>.text</name>
         <load_address>0x80005f3c</load_address>
         <run_address>0x80005f3c</run_address>
         <size>0x548</size>
         <input_file_ref idref="fl-15a"/>
      </object_component>
      <object_component id="oc-6be">
         <name>.text</name>
         <load_address>0x80006484</load_address>
         <run_address>0x80006484</run_address>
         <size>0x4cc</size>
         <input_file_ref idref="fl-160"/>
      </object_component>
      <object_component id="oc-e3">
         <name>.text</name>
         <load_address>0x80006950</load_address>
         <run_address>0x80006950</run_address>
         <size>0x3e4</size>
         <input_file_ref idref="fl-b"/>
      </object_component>
      <object_component id="oc-6a7">
         <name>.text</name>
         <load_address>0x80006d34</load_address>
         <run_address>0x80006d34</run_address>
         <size>0x2d4</size>
         <input_file_ref idref="fl-173"/>
      </object_component>
      <object_component id="oc-35d">
         <name>.text</name>
         <load_address>0x80007008</load_address>
         <run_address>0x80007008</run_address>
         <size>0x2b8</size>
         <input_file_ref idref="fl-162"/>
      </object_component>
      <object_component id="oc-dd">
         <name>.text</name>
         <load_address>0x800072c0</load_address>
         <run_address>0x800072c0</run_address>
         <size>0x270</size>
         <input_file_ref idref="fl-10"/>
      </object_component>
      <object_component id="oc-c5">
         <name>.text</name>
         <load_address>0x80007530</load_address>
         <run_address>0x80007530</run_address>
         <size>0x20c</size>
         <input_file_ref idref="fl-9"/>
      </object_component>
      <object_component id="oc-183">
         <name>.text</name>
         <load_address>0x8000773c</load_address>
         <run_address>0x8000773c</run_address>
         <size>0x1c8</size>
         <input_file_ref idref="fl-156"/>
      </object_component>
      <object_component id="oc-570">
         <name>.text</name>
         <load_address>0x80007904</load_address>
         <run_address>0x80007904</run_address>
         <size>0x1a8</size>
         <input_file_ref idref="fl-164"/>
      </object_component>
      <object_component id="oc-36">
         <name>.text</name>
         <load_address>0x80007aac</load_address>
         <run_address>0x80007aac</run_address>
         <size>0x180</size>
         <input_file_ref idref="fl-149"/>
      </object_component>
      <object_component id="oc-6d4">
         <name>.text</name>
         <load_address>0x80007c2c</load_address>
         <run_address>0x80007c2c</run_address>
         <size>0x160</size>
         <input_file_ref idref="fl-172"/>
      </object_component>
      <object_component id="oc-534">
         <name>.text</name>
         <load_address>0x80007d8c</load_address>
         <run_address>0x80007d8c</run_address>
         <size>0x158</size>
         <input_file_ref idref="fl-16f"/>
      </object_component>
      <object_component id="oc-341">
         <name>.text</name>
         <load_address>0x80007ee4</load_address>
         <run_address>0x80007ee4</run_address>
         <size>0x130</size>
         <input_file_ref idref="fl-16b"/>
      </object_component>
      <object_component id="oc-33b">
         <name>.text</name>
         <load_address>0x80008014</load_address>
         <run_address>0x80008014</run_address>
         <size>0x118</size>
         <input_file_ref idref="fl-168"/>
      </object_component>
      <object_component id="oc-561">
         <name>.text</name>
         <load_address>0x8000812c</load_address>
         <run_address>0x8000812c</run_address>
         <size>0x114</size>
         <input_file_ref idref="fl-16d"/>
      </object_component>
      <object_component id="oc-17d">
         <name>.text</name>
         <load_address>0x80008240</load_address>
         <run_address>0x80008240</run_address>
         <size>0x100</size>
         <input_file_ref idref="fl-155"/>
      </object_component>
      <object_component id="oc-755">
         <name>.text</name>
         <load_address>0x80008340</load_address>
         <run_address>0x80008340</run_address>
         <size>0xfc</size>
         <input_file_ref idref="fl-175"/>
      </object_component>
      <object_component id="oc-168">
         <name>.text</name>
         <load_address>0x8000843c</load_address>
         <run_address>0x8000843c</run_address>
         <size>0xf0</size>
         <input_file_ref idref="fl-14f"/>
      </object_component>
      <object_component id="oc-5b">
         <name>.text</name>
         <load_address>0x8000852c</load_address>
         <run_address>0x8000852c</run_address>
         <size>0xec</size>
         <input_file_ref idref="fl-21"/>
      </object_component>
      <object_component id="oc-568">
         <name>.text</name>
         <load_address>0x80008618</load_address>
         <run_address>0x80008618</run_address>
         <size>0xb8</size>
         <input_file_ref idref="fl-165"/>
      </object_component>
      <object_component id="oc-4f">
         <name>.text</name>
         <load_address>0x800086d0</load_address>
         <run_address>0x800086d0</run_address>
         <size>0xb0</size>
         <input_file_ref idref="fl-14a"/>
      </object_component>
      <object_component id="oc-52e">
         <name>.text</name>
         <load_address>0x80008780</load_address>
         <run_address>0x80008780</run_address>
         <size>0xa8</size>
         <input_file_ref idref="fl-16c"/>
      </object_component>
      <object_component id="oc-e9">
         <name>.text</name>
         <load_address>0x80008828</load_address>
         <run_address>0x80008828</run_address>
         <size>0xa4</size>
         <input_file_ref idref="fl-14b"/>
      </object_component>
      <object_component id="oc-764">
         <name>.text</name>
         <load_address>0x800088cc</load_address>
         <run_address>0x800088cc</run_address>
         <size>0xa4</size>
         <input_file_ref idref="fl-161"/>
      </object_component>
      <object_component id="oc-42">
         <name>.text</name>
         <load_address>0x80008970</load_address>
         <run_address>0x80008970</run_address>
         <size>0xa0</size>
         <input_file_ref idref="fl-145"/>
      </object_component>
      <object_component id="oc-92">
         <name>.text:xdc_runtime_Startup_exec__E</name>
         <load_address>0x80008a10</load_address>
         <run_address>0x80008a10</run_address>
         <size>0x8c</size>
         <input_file_ref idref="fl-177"/>
      </object_component>
      <object_component id="oc-386">
         <name>.text</name>
         <load_address>0x80008a9c</load_address>
         <run_address>0x80008a9c</run_address>
         <size>0x84</size>
         <input_file_ref idref="fl-152"/>
      </object_component>
      <object_component id="oc-8c">
         <name>.text</name>
         <load_address>0x80008b20</load_address>
         <run_address>0x80008b20</run_address>
         <size>0x84</size>
         <input_file_ref idref="fl-147"/>
      </object_component>
      <object_component id="oc-362">
         <name>.text</name>
         <load_address>0x80008ba4</load_address>
         <run_address>0x80008ba4</run_address>
         <size>0x80</size>
         <input_file_ref idref="fl-15b"/>
      </object_component>
      <object_component id="oc-2d">
         <name>.text</name>
         <load_address>0x80008c24</load_address>
         <run_address>0x80008c24</run_address>
         <size>0x74</size>
         <input_file_ref idref="fl-20"/>
      </object_component>
      <object_component id="oc-36e">
         <name>.text</name>
         <load_address>0x80008c98</load_address>
         <run_address>0x80008c98</run_address>
         <size>0x70</size>
         <input_file_ref idref="fl-159"/>
      </object_component>
      <object_component id="oc-7ce">
         <name>.text</name>
         <load_address>0x80008d08</load_address>
         <run_address>0x80008d08</run_address>
         <size>0x64</size>
         <input_file_ref idref="fl-170"/>
      </object_component>
      <object_component id="oc-171">
         <name>.text</name>
         <load_address>0x80008d6c</load_address>
         <run_address>0x80008d6c</run_address>
         <size>0x60</size>
         <input_file_ref idref="fl-6"/>
      </object_component>
      <object_component id="oc-6e3">
         <name>.text</name>
         <load_address>0x80008dcc</load_address>
         <run_address>0x80008dcc</run_address>
         <size>0x58</size>
         <input_file_ref idref="fl-16a"/>
      </object_component>
      <object_component id="oc-786">
         <name>.text</name>
         <load_address>0x80008e24</load_address>
         <run_address>0x80008e24</run_address>
         <size>0x4c</size>
         <input_file_ref idref="fl-16e"/>
      </object_component>
      <object_component id="oc-547">
         <name>.text</name>
         <load_address>0x80008e70</load_address>
         <run_address>0x80008e70</run_address>
         <size>0x48</size>
         <input_file_ref idref="fl-15f"/>
      </object_component>
      <object_component id="oc-37a">
         <name>.text</name>
         <load_address>0x80008eb8</load_address>
         <run_address>0x80008eb8</run_address>
         <size>0x48</size>
         <input_file_ref idref="fl-163"/>
      </object_component>
      <object_component id="oc-a1">
         <name>.text:xdc_runtime_System_processAtExit__E</name>
         <load_address>0x80008f00</load_address>
         <run_address>0x80008f00</run_address>
         <size>0x48</size>
         <input_file_ref idref="fl-1d"/>
      </object_component>
      <object_component id="oc-576">
         <name>.text</name>
         <load_address>0x80008f48</load_address>
         <run_address>0x80008f48</run_address>
         <size>0x44</size>
         <input_file_ref idref="fl-166"/>
      </object_component>
      <object_component id="oc-368">
         <name>.text</name>
         <load_address>0x80008f8c</load_address>
         <run_address>0x80008f8c</run_address>
         <size>0x30</size>
         <input_file_ref idref="fl-157"/>
      </object_component>
      <object_component id="oc-380">
         <name>.text</name>
         <load_address>0x80008fbc</load_address>
         <run_address>0x80008fbc</run_address>
         <size>0x2c</size>
         <input_file_ref idref="fl-15c"/>
      </object_component>
      <object_component id="oc-355">
         <name>.text</name>
         <load_address>0x80008fe8</load_address>
         <run_address>0x80008fe8</run_address>
         <size>0x2c</size>
         <input_file_ref idref="fl-15d"/>
      </object_component>
      <object_component id="oc-374">
         <name>.text</name>
         <load_address>0x80009014</load_address>
         <run_address>0x80009014</run_address>
         <size>0x28</size>
         <input_file_ref idref="fl-15e"/>
      </object_component>
      <object_component id="oc-541">
         <name>.text</name>
         <load_address>0x8000903c</load_address>
         <run_address>0x8000903c</run_address>
         <size>0x28</size>
         <input_file_ref idref="fl-14d"/>
      </object_component>
      <object_component id="oc-39d">
         <name>.text</name>
         <load_address>0x80009064</load_address>
         <run_address>0x80009064</run_address>
         <size>0x24</size>
         <input_file_ref idref="fl-150"/>
      </object_component>
      <object_component id="oc-66">
         <name>.text:xdc_runtime_System_exit__E</name>
         <load_address>0x80009088</load_address>
         <run_address>0x80009088</run_address>
         <size>0x24</size>
         <input_file_ref idref="fl-1d"/>
      </object_component>
      <object_component id="oc-60">
         <name>.text</name>
         <load_address>0x800090ac</load_address>
         <run_address>0x800090ac</run_address>
         <size>0x20</size>
         <input_file_ref idref="fl-143"/>
      </object_component>
      <object_component id="oc-34f">
         <name>.text</name>
         <load_address>0x800090cc</load_address>
         <run_address>0x800090cc</run_address>
         <size>0x1c</size>
         <input_file_ref idref="fl-14e"/>
      </object_component>
      <object_component id="oc-76a">
         <name>.text</name>
         <load_address>0x800090e8</load_address>
         <run_address>0x800090e8</run_address>
         <size>0x18</size>
         <input_file_ref idref="fl-171"/>
      </object_component>
      <object_component id="oc-d7">
         <name>.text:xdc_runtime_Error_init__E</name>
         <load_address>0x80009100</load_address>
         <run_address>0x80009100</run_address>
         <size>0x18</size>
         <input_file_ref idref="fl-1b"/>
      </object_component>
      <object_component id="oc-1b">
         <name>.text:decompress:none</name>
         <load_address>0x80009118</load_address>
         <run_address>0x80009118</run_address>
         <size>0x14</size>
         <input_file_ref idref="fl-144"/>
      </object_component>
      <object_component id="oc-27">
         <name>.text:decompress:ZI</name>
         <load_address>0x8000912c</load_address>
         <run_address>0x8000912c</run_address>
         <size>0x10</size>
         <input_file_ref idref="fl-146"/>
      </object_component>
      <object_component id="oc-110">
         <name>.text:xdc_runtime_Gate_enterSystem__E</name>
         <load_address>0x8000913c</load_address>
         <run_address>0x8000913c</run_address>
         <size>0x10</size>
         <input_file_ref idref="fl-1c"/>
      </object_component>
      <object_component id="oc-177">
         <name>.text:CPUIntStatus</name>
         <load_address>0x8000914c</load_address>
         <run_address>0x8000914c</run_address>
         <size>0xc</size>
         <input_file_ref idref="fl-6"/>
      </object_component>
      <object_component id="oc-21">
         <name>.text:decompress:rle24</name>
         <load_address>0x80009158</load_address>
         <run_address>0x80009158</run_address>
         <size>0x8</size>
         <input_file_ref idref="fl-145"/>
      </object_component>
      <object_component id="oc-32d">
         <name>.text</name>
         <load_address>0x80009160</load_address>
         <run_address>0x80009160</run_address>
         <size>0x4</size>
         <input_file_ref idref="fl-158"/>
      </object_component>
      <object_component id="oc-32">
         <name>.stack</name>
         <uninitialized>true</uninitialized>
         <run_address>0x8000de10</run_address>
         <size>0x0</size>
         <input_file_ref idref="fl-20"/>
      </object_component>
      <object_component id="oc-838">
         <name>.stack</name>
         <uninitialized>true</uninitialized>
         <run_address>0x8000de10</run_address>
         <size>0x0</size>
      </object_component>
      <object_component id="oc-178">
         <name>.bss:fnRAMVectors</name>
         <uninitialized>true</uninitialized>
         <run_address>0x8000fe10</run_address>
         <size>0x200</size>
         <input_file_ref idref="fl-b"/>
      </object_component>
      <object_component id="oc-7bc">
         <name>.bss:__TI_tmpnams</name>
         <uninitialized>true</uninitialized>
         <run_address>0x80010130</run_address>
         <size>0xa0</size>
         <input_file_ref idref="fl-154"/>
      </object_component>
      <object_component id="oc-7c3">
         <name>.bss:__CIOBUF_</name>
         <uninitialized>true</uninitialized>
         <run_address>0x80010010</run_address>
         <size>0x120</size>
         <input_file_ref idref="fl-161"/>
      </object_component>
      <object_component id="oc-770">
         <name>.common:parmbuf</name>
         <uninitialized>true</uninitialized>
         <run_address>0x800101d0</run_address>
         <size>0x8</size>
      </object_component>
      <object_component id="oc-86d">
         <name>.cinit..data.load</name>
         <load_address>0x800102e8</load_address>
         <run_address>0x800102e8</run_address>
         <size>0x152b</size>
      </object_component>
      <object_component id="oc-834">
         <name>__TI_handler_table</name>
         <load_address>0x80011814</load_address>
         <run_address>0x80011814</run_address>
         <size>0xc</size>
      </object_component>
      <object_component id="oc-836">
         <name>.cinit..bss.load</name>
         <load_address>0x80011820</load_address>
         <run_address>0x80011820</run_address>
         <size>0x8</size>
      </object_component>
      <object_component id="oc-835">
         <name>__TI_cinit_table</name>
         <load_address>0x80011828</load_address>
         <run_address>0x80011828</run_address>
         <size>0x10</size>
      </object_component>
      <object_component id="oc-584">
         <name>.const:.string:_ctypes_</name>
         <load_address>0x800101d8</load_address>
         <run_address>0x800101d8</run_address>
         <size>0x101</size>
         <input_file_ref idref="fl-153"/>
      </object_component>
      <object_component id="oc-33">
         <name>.sysmem</name>
         <uninitialized>true</uninitialized>
         <run_address>0x800102e0</run_address>
         <size>0x8</size>
         <input_file_ref idref="fl-174"/>
      </object_component>
      <object_component id="oc-839">
         <name>.sysmem</name>
         <uninitialized>true</uninitialized>
         <run_address>0x800102e0</run_address>
         <size>0x0</size>
      </object_component>
      <object_component id="oc-326">
         <name>.data:clk24MhzClkDomain</name>
         <load_address>0x80009168</load_address>
         <run_address>0x80009168</run_address>
         <size>0x154</size>
         <input_file_ref idref="fl-2"/>
      </object_component>
      <object_component id="oc-320">
         <name>.data:cpsw125MhzClkDomain</name>
         <load_address>0x800092bc</load_address>
         <run_address>0x800092bc</run_address>
         <size>0x154</size>
         <input_file_ref idref="fl-2"/>
      </object_component>
      <object_component id="oc-31d">
         <name>.data:l3sClkDomain</name>
         <load_address>0x80009410</load_address>
         <run_address>0x80009410</run_address>
         <size>0x154</size>
         <input_file_ref idref="fl-2"/>
      </object_component>
      <object_component id="oc-311">
         <name>.data:l4WkupAonClkDomain</name>
         <load_address>0x80009564</load_address>
         <run_address>0x80009564</run_address>
         <size>0x154</size>
         <input_file_ref idref="fl-2"/>
      </object_component>
      <object_component id="oc-31a">
         <name>.data:l4fwClkDomain</name>
         <load_address>0x800096b8</load_address>
         <run_address>0x800096b8</run_address>
         <size>0x154</size>
         <input_file_ref idref="fl-2"/>
      </object_component>
      <object_component id="oc-323">
         <name>.data:l4hsClkDomain</name>
         <load_address>0x8000980c</load_address>
         <run_address>0x8000980c</run_address>
         <size>0x154</size>
         <input_file_ref idref="fl-2"/>
      </object_component>
      <object_component id="oc-305">
         <name>.data:l4lsClkDomain</name>
         <load_address>0x80009960</load_address>
         <run_address>0x80009960</run_address>
         <size>0x154</size>
         <input_file_ref idref="fl-2"/>
      </object_component>
      <object_component id="oc-317">
         <name>.data:lcdcClkDomain</name>
         <load_address>0x80009ab4</load_address>
         <run_address>0x80009ab4</run_address>
         <size>0x154</size>
         <input_file_ref idref="fl-2"/>
      </object_component>
      <object_component id="oc-314">
         <name>.data:mpuClkDomain</name>
         <load_address>0x80009c08</load_address>
         <run_address>0x80009c08</run_address>
         <size>0x154</size>
         <input_file_ref idref="fl-2"/>
      </object_component>
      <object_component id="oc-30e">
         <name>.data:perL3ClkDomain</name>
         <load_address>0x80009d5c</load_address>
         <run_address>0x80009d5c</run_address>
         <size>0x154</size>
         <input_file_ref idref="fl-2"/>
      </object_component>
      <object_component id="oc-308">
         <name>.data:rtcClkDomain</name>
         <load_address>0x80009eb0</load_address>
         <run_address>0x80009eb0</run_address>
         <size>0x154</size>
         <input_file_ref idref="fl-2"/>
      </object_component>
      <object_component id="oc-30b">
         <name>.data:wkupClkDomain</name>
         <load_address>0x8000a004</load_address>
         <run_address>0x8000a004</run_address>
         <size>0x154</size>
         <input_file_ref idref="fl-2"/>
      </object_component>
      <object_component id="oc-192">
         <name>.data:_ftable</name>
         <load_address>0x8000a158</load_address>
         <run_address>0x8000a158</run_address>
         <size>0xf0</size>
         <input_file_ref idref="fl-154"/>
      </object_component>
      <object_component id="oc-54d">
         <name>.data</name>
         <load_address>0x8000a248</load_address>
         <run_address>0x8000a248</run_address>
         <size>0xd0</size>
         <input_file_ref idref="fl-15a"/>
      </object_component>
      <object_component id="oc-7f8">
         <name>.data:sigtable</name>
         <load_address>0x8000a318</load_address>
         <run_address>0x8000a318</run_address>
         <size>0xb0</size>
         <input_file_ref idref="fl-170"/>
      </object_component>
      <object_component id="oc-156">
         <name>.data:ModuleClockList</name>
         <load_address>0x8000a3c8</load_address>
         <run_address>0x8000a3c8</run_address>
         <size>0x8c</size>
         <input_file_ref idref="fl-2"/>
      </object_component>
      <object_component id="oc-7e3">
         <name>.data:dpllCore</name>
         <load_address>0x8000a454</load_address>
         <run_address>0x8000a454</run_address>
         <size>0x80</size>
         <input_file_ref idref="fl-2"/>
      </object_component>
      <object_component id="oc-7ac">
         <name>.data:dpllDDR</name>
         <load_address>0x8000a4d4</load_address>
         <run_address>0x8000a4d4</run_address>
         <size>0x80</size>
         <input_file_ref idref="fl-2"/>
      </object_component>
      <object_component id="oc-794">
         <name>.data:dpllMpu</name>
         <load_address>0x8000a554</load_address>
         <run_address>0x8000a554</run_address>
         <size>0x80</size>
         <input_file_ref idref="fl-2"/>
      </object_component>
      <object_component id="oc-79b">
         <name>.data:dpllPer</name>
         <load_address>0x8000a5d4</load_address>
         <run_address>0x8000a5d4</run_address>
         <size>0x80</size>
         <input_file_ref idref="fl-2"/>
      </object_component>
      <object_component id="oc-6e9">
         <name>.data</name>
         <load_address>0x8000a654</load_address>
         <run_address>0x8000a654</run_address>
         <size>0x4</size>
         <input_file_ref idref="fl-169"/>
      </object_component>
      <object_component id="oc-6de">
         <name>.data</name>
         <load_address>0x8000a658</load_address>
         <run_address>0x8000a658</run_address>
         <size>0x80</size>
         <input_file_ref idref="fl-167"/>
      </object_component>
      <object_component id="oc-414">
         <name>.data:adcFclkClock</name>
         <load_address>0x8000a6d8</load_address>
         <run_address>0x8000a6d8</run_address>
         <size>0x58</size>
         <input_file_ref idref="fl-2"/>
      </object_component>
      <object_component id="oc-411">
         <name>.data:adcTscIclkClock</name>
         <load_address>0x8000a730</load_address>
         <run_address>0x8000a730</run_address>
         <size>0x58</size>
         <input_file_ref idref="fl-2"/>
      </object_component>
      <object_component id="oc-651">
         <name>.data:clk192MhzClock</name>
         <load_address>0x8000a788</load_address>
         <run_address>0x8000a788</run_address>
         <size>0x58</size>
         <input_file_ref idref="fl-2"/>
      </object_component>
      <object_component id="oc-528">
         <name>.data:clk24MhzGclkClock</name>
         <load_address>0x8000a7e0</load_address>
         <run_address>0x8000a7e0</run_address>
         <size>0x58</size>
         <input_file_ref idref="fl-2"/>
      </object_component>
      <object_component id="oc-672">
         <name>.data:clk32768Clock</name>
         <load_address>0x8000a838</load_address>
         <run_address>0x8000a838</run_address>
         <size>0x58</size>
         <input_file_ref idref="fl-2"/>
      </object_component>
      <object_component id="oc-64c">
         <name>.data:clk32KhzClock</name>
         <load_address>0x8000a890</load_address>
         <run_address>0x8000a890</run_address>
         <size>0x58</size>
         <input_file_ref idref="fl-2"/>
      </object_component>
      <object_component id="oc-65f">
         <name>.data:clk32KhzTimerClock</name>
         <load_address>0x8000a8e8</load_address>
         <run_address>0x8000a8e8</run_address>
         <size>0x58</size>
         <input_file_ref idref="fl-2"/>
      </object_component>
      <object_component id="oc-689">
         <name>.data:core100MClock</name>
         <load_address>0x8000a940</load_address>
         <run_address>0x8000a940</run_address>
         <size>0x58</size>
         <input_file_ref idref="fl-2"/>
      </object_component>
      <object_component id="oc-731">
         <name>.data:corePllM4Clock</name>
         <load_address>0x8000a998</load_address>
         <run_address>0x8000a998</run_address>
         <size>0x58</size>
         <input_file_ref idref="fl-2"/>
      </object_component>
      <object_component id="oc-744">
         <name>.data:corePllM5Clock</name>
         <load_address>0x8000a9f0</load_address>
         <run_address>0x8000a9f0</run_address>
         <size>0x58</size>
         <input_file_ref idref="fl-2"/>
      </object_component>
      <object_component id="oc-51e">
         <name>.data:cpsw125MhzGclkClock</name>
         <load_address>0x8000aa48</load_address>
         <run_address>0x8000aa48</run_address>
         <size>0x58</size>
         <input_file_ref idref="fl-2"/>
      </object_component>
      <object_component id="oc-458">
         <name>.data:cpsw125MhzIclkClock</name>
         <load_address>0x8000aaa0</load_address>
         <run_address>0x8000aaa0</run_address>
         <size>0x58</size>
         <input_file_ref idref="fl-2"/>
      </object_component>
      <object_component id="oc-461">
         <name>.data:cpsw250MhzFclkClock</name>
         <load_address>0x8000aaf8</load_address>
         <run_address>0x8000aaf8</run_address>
         <size>0x58</size>
         <input_file_ref idref="fl-2"/>
      </object_component>
      <object_component id="oc-5ff">
         <name>.data:cpsw250MhzGclkClock</name>
         <load_address>0x8000ab50</load_address>
         <run_address>0x8000ab50</run_address>
         <size>0x58</size>
         <input_file_ref idref="fl-2"/>
      </object_component>
      <object_component id="oc-45e">
         <name>.data:cpsw50MhzFclkClock</name>
         <load_address>0x8000aba8</load_address>
         <run_address>0x8000aba8</run_address>
         <size>0x58</size>
         <input_file_ref idref="fl-2"/>
      </object_component>
      <object_component id="oc-5fa">
         <name>.data:cpsw50MhzGclkClock</name>
         <load_address>0x8000ac00</load_address>
         <run_address>0x8000ac00</run_address>
         <size>0x58</size>
         <input_file_ref idref="fl-2"/>
      </object_component>
      <object_component id="oc-45b">
         <name>.data:cpsw5MhzFclkClock</name>
         <load_address>0x8000ac58</load_address>
         <run_address>0x8000ac58</run_address>
         <size>0x58</size>
         <input_file_ref idref="fl-2"/>
      </object_component>
      <object_component id="oc-523">
         <name>.data:cpsw5MhzGclkClock</name>
         <load_address>0x8000acb0</load_address>
         <run_address>0x8000acb0</run_address>
         <size>0x58</size>
         <input_file_ref idref="fl-2"/>
      </object_component>
      <object_component id="oc-464">
         <name>.data:cpswCptsFclkClock</name>
         <load_address>0x8000ad08</load_address>
         <run_address>0x8000ad08</run_address>
         <size>0x58</size>
         <input_file_ref idref="fl-2"/>
      </object_component>
      <object_component id="oc-500">
         <name>.data:cpswCptsRftGclkClock</name>
         <load_address>0x8000ad60</load_address>
         <run_address>0x8000ad60</run_address>
         <size>0x58</size>
         <input_file_ref idref="fl-2"/>
      </object_component>
      <object_component id="oc-67b">
         <name>.data:cpswCptsRftMuxClock</name>
         <load_address>0x8000adb8</load_address>
         <run_address>0x8000adb8</run_address>
         <size>0x58</size>
         <input_file_ref idref="fl-2"/>
      </object_component>
      <object_component id="oc-695">
         <name>.data:cpswMuxClock</name>
         <load_address>0x8000ae10</load_address>
         <run_address>0x8000ae10</run_address>
         <size>0x58</size>
         <input_file_ref idref="fl-2"/>
      </object_component>
      <object_component id="oc-680">
         <name>.data:ddrPllM2Clock</name>
         <load_address>0x8000ae68</load_address>
         <run_address>0x8000ae68</run_address>
         <size>0x58</size>
         <input_file_ref idref="fl-2"/>
      </object_component>
      <object_component id="oc-7a4">
         <name>.data:dpllCoreClock</name>
         <load_address>0x8000aec0</load_address>
         <run_address>0x8000aec0</run_address>
         <size>0x58</size>
         <input_file_ref idref="fl-2"/>
      </object_component>
      <object_component id="oc-73a">
         <name>.data:dpllDdrClock</name>
         <load_address>0x8000af18</load_address>
         <run_address>0x8000af18</run_address>
         <size>0x58</size>
         <input_file_ref idref="fl-2"/>
      </object_component>
      <object_component id="oc-6fa">
         <name>.data:dpllMpuClock</name>
         <load_address>0x8000af70</load_address>
         <run_address>0x8000af70</run_address>
         <size>0x58</size>
         <input_file_ref idref="fl-2"/>
      </object_component>
      <object_component id="oc-70c">
         <name>.data:dpllPerClock</name>
         <load_address>0x8000afc8</load_address>
         <run_address>0x8000afc8</run_address>
         <size>0x58</size>
         <input_file_ref idref="fl-2"/>
      </object_component>
      <object_component id="oc-3ca">
         <name>.data:emifFclkClock</name>
         <load_address>0x8000b020</load_address>
         <run_address>0x8000b020</run_address>
         <size>0x58</size>
         <input_file_ref idref="fl-2"/>
      </object_component>
      <object_component id="oc-503">
         <name>.data:emifGclkClock</name>
         <load_address>0x8000b078</load_address>
         <run_address>0x8000b078</run_address>
         <size>0x58</size>
         <input_file_ref idref="fl-2"/>
      </object_component>
      <object_component id="oc-3c7">
         <name>.data:emifIclkClock</name>
         <load_address>0x8000b0d0</load_address>
         <run_address>0x8000b0d0</run_address>
         <size>0x58</size>
         <input_file_ref idref="fl-2"/>
      </object_component>
      <object_component id="oc-4a1">
         <name>.data:epwmss0IclkClock</name>
         <load_address>0x8000b128</load_address>
         <run_address>0x8000b128</run_address>
         <size>0x58</size>
         <input_file_ref idref="fl-2"/>
      </object_component>
      <object_component id="oc-4f5">
         <name>.data:gpio0GclkClock</name>
         <load_address>0x8000b180</load_address>
         <run_address>0x8000b180</run_address>
         <size>0x58</size>
         <input_file_ref idref="fl-2"/>
      </object_component>
      <object_component id="oc-471">
         <name>.data:gpio0IclkClock</name>
         <load_address>0x8000b1d8</load_address>
         <run_address>0x8000b1d8</run_address>
         <size>0x58</size>
         <input_file_ref idref="fl-2"/>
      </object_component>
      <object_component id="oc-474">
         <name>.data:gpio0OptClock</name>
         <load_address>0x8000b230</load_address>
         <run_address>0x8000b230</run_address>
         <size>0x58</size>
         <input_file_ref idref="fl-2"/>
      </object_component>
      <object_component id="oc-610">
         <name>.data:gpio1GclkClock</name>
         <load_address>0x8000b288</load_address>
         <run_address>0x8000b288</run_address>
         <size>0x58</size>
         <input_file_ref idref="fl-2"/>
      </object_component>
      <object_component id="oc-479">
         <name>.data:gpio1IclkClock</name>
         <load_address>0x8000b2e0</load_address>
         <run_address>0x8000b2e0</run_address>
         <size>0x58</size>
         <input_file_ref idref="fl-2"/>
      </object_component>
      <object_component id="oc-47c">
         <name>.data:gpio1OptClock</name>
         <load_address>0x8000b338</load_address>
         <run_address>0x8000b338</run_address>
         <size>0x58</size>
         <input_file_ref idref="fl-2"/>
      </object_component>
      <object_component id="oc-4d3">
         <name>.data:gpio3GclkClock</name>
         <load_address>0x8000b390</load_address>
         <run_address>0x8000b390</run_address>
         <size>0x58</size>
         <input_file_ref idref="fl-2"/>
      </object_component>
      <object_component id="oc-3df">
         <name>.data:gpio3IclkClock</name>
         <load_address>0x8000b3e8</load_address>
         <run_address>0x8000b3e8</run_address>
         <size>0x58</size>
         <input_file_ref idref="fl-2"/>
      </object_component>
      <object_component id="oc-3e2">
         <name>.data:gpio3OptClock</name>
         <load_address>0x8000b440</load_address>
         <run_address>0x8000b440</run_address>
         <size>0x58</size>
         <input_file_ref idref="fl-2"/>
      </object_component>
      <object_component id="oc-446">
         <name>.data:gpmcIclkClock</name>
         <load_address>0x8000b498</load_address>
         <run_address>0x8000b498</run_address>
         <size>0x58</size>
         <input_file_ref idref="fl-2"/>
      </object_component>
      <object_component id="oc-46c">
         <name>.data:i2c0FclkClock</name>
         <load_address>0x8000b4f0</load_address>
         <run_address>0x8000b4f0</run_address>
         <size>0x58</size>
         <input_file_ref idref="fl-2"/>
      </object_component>
      <object_component id="oc-4f2">
         <name>.data:i2c0GclkClock</name>
         <load_address>0x8000b548</load_address>
         <run_address>0x8000b548</run_address>
         <size>0x58</size>
         <input_file_ref idref="fl-2"/>
      </object_component>
      <object_component id="oc-469">
         <name>.data:i2c0IclkClock</name>
         <load_address>0x8000b5a0</load_address>
         <run_address>0x8000b5a0</run_address>
         <size>0x58</size>
         <input_file_ref idref="fl-2"/>
      </object_component>
      <object_component id="oc-3da">
         <name>.data:i2c1FclkClock</name>
         <load_address>0x8000b5f8</load_address>
         <run_address>0x8000b5f8</run_address>
         <size>0x58</size>
         <input_file_ref idref="fl-2"/>
      </object_component>
      <object_component id="oc-3d7">
         <name>.data:i2c1IclkClock</name>
         <load_address>0x8000b650</load_address>
         <run_address>0x8000b650</run_address>
         <size>0x58</size>
         <input_file_ref idref="fl-2"/>
      </object_component>
      <object_component id="oc-4d6">
         <name>.data:i2cGclkClock</name>
         <load_address>0x8000b6a8</load_address>
         <run_address>0x8000b6a8</run_address>
         <size>0x58</size>
         <input_file_ref idref="fl-2"/>
      </object_component>
      <object_component id="oc-506">
         <name>.data:l3GclkClock</name>
         <load_address>0x8000b700</load_address>
         <run_address>0x8000b700</run_address>
         <size>0x58</size>
         <input_file_ref idref="fl-2"/>
      </object_component>
      <object_component id="oc-43e">
         <name>.data:l3IclkClock</name>
         <load_address>0x8000b758</load_address>
         <run_address>0x8000b758</run_address>
         <size>0x58</size>
         <input_file_ref idref="fl-2"/>
      </object_component>
      <object_component id="oc-441">
         <name>.data:l3l4IcEnableClock</name>
         <load_address>0x8000b7b0</load_address>
         <run_address>0x8000b7b0</run_address>
         <size>0x58</size>
         <input_file_ref idref="fl-2"/>
      </object_component>
      <object_component id="oc-519">
         <name>.data:l3sGclkClock</name>
         <load_address>0x8000b808</load_address>
         <run_address>0x8000b808</run_address>
         <size>0x58</size>
         <input_file_ref idref="fl-2"/>
      </object_component>
      <object_component id="oc-5bb">
         <name>.data:l4RtcGclkIclkClock</name>
         <load_address>0x8000b860</load_address>
         <run_address>0x8000b860</run_address>
         <size>0x58</size>
         <input_file_ref idref="fl-2"/>
      </object_component>
      <object_component id="oc-50b">
         <name>.data:l4WkupAonGclkClock</name>
         <load_address>0x8000b8b8</load_address>
         <run_address>0x8000b8b8</run_address>
         <size>0x58</size>
         <input_file_ref idref="fl-2"/>
      </object_component>
      <object_component id="oc-4ec">
         <name>.data:l4WkupGclkClock</name>
         <load_address>0x8000b910</load_address>
         <run_address>0x8000b910</run_address>
         <size>0x58</size>
         <input_file_ref idref="fl-2"/>
      </object_component>
      <object_component id="oc-42c">
         <name>.data:l4WkupIclkClock</name>
         <load_address>0x8000b968</load_address>
         <run_address>0x8000b968</run_address>
         <size>0x58</size>
         <input_file_ref idref="fl-2"/>
      </object_component>
      <object_component id="oc-514">
         <name>.data:l4fwGclkClock</name>
         <load_address>0x8000b9c0</load_address>
         <run_address>0x8000b9c0</run_address>
         <size>0x58</size>
         <input_file_ref idref="fl-2"/>
      </object_component>
      <object_component id="oc-453">
         <name>.data:l4fwIclkClock</name>
         <load_address>0x8000ba18</load_address>
         <run_address>0x8000ba18</run_address>
         <size>0x58</size>
         <input_file_ref idref="fl-2"/>
      </object_component>
      <object_component id="oc-5a2">
         <name>.data:l4lsGclkClock</name>
         <load_address>0x8000ba70</load_address>
         <run_address>0x8000ba70</run_address>
         <size>0x58</size>
         <input_file_ref idref="fl-2"/>
      </object_component>
      <object_component id="oc-404">
         <name>.data:l4lsIclkClock</name>
         <load_address>0x8000bac8</load_address>
         <run_address>0x8000bac8</run_address>
         <size>0x58</size>
         <input_file_ref idref="fl-2"/>
      </object_component>
      <object_component id="oc-5cf">
         <name>.data:lcdL3GclkClock</name>
         <load_address>0x8000bb20</load_address>
         <run_address>0x8000bb20</run_address>
         <size>0x58</size>
         <input_file_ref idref="fl-2"/>
      </object_component>
      <object_component id="oc-5d8">
         <name>.data:lcdL4sGclkClock</name>
         <load_address>0x8000bb78</load_address>
         <run_address>0x8000bb78</run_address>
         <size>0x58</size>
         <input_file_ref idref="fl-2"/>
      </object_component>
      <object_component id="oc-41f">
         <name>.data:lcdcFclkClock</name>
         <load_address>0x8000bbd0</load_address>
         <run_address>0x8000bbd0</run_address>
         <size>0x58</size>
         <input_file_ref idref="fl-2"/>
      </object_component>
      <object_component id="oc-4d0">
         <name>.data:lcdcGclkClock</name>
         <load_address>0x8000bc28</load_address>
         <run_address>0x8000bc28</run_address>
         <size>0x58</size>
         <input_file_ref idref="fl-2"/>
      </object_component>
      <object_component id="oc-419">
         <name>.data:lcdcL3IclkClock</name>
         <load_address>0x8000bc80</load_address>
         <run_address>0x8000bc80</run_address>
         <size>0x58</size>
         <input_file_ref idref="fl-2"/>
      </object_component>
      <object_component id="oc-422">
         <name>.data:lcdcL4ClkEnableClock</name>
         <load_address>0x8000bcd8</load_address>
         <run_address>0x8000bcd8</run_address>
         <size>0x58</size>
         <input_file_ref idref="fl-2"/>
      </object_component>
      <object_component id="oc-41c">
         <name>.data:lcdcL4IclkClock</name>
         <load_address>0x8000bd30</load_address>
         <run_address>0x8000bd30</run_address>
         <size>0x58</size>
         <input_file_ref idref="fl-2"/>
      </object_component>
      <object_component id="oc-647">
         <name>.data:lcdcMuxClock</name>
         <load_address>0x8000bd88</load_address>
         <run_address>0x8000bd88</run_address>
         <size>0x58</size>
         <input_file_ref idref="fl-2"/>
      </object_component>
      <object_component id="oc-3f7">
         <name>.data:mailbox0IclkClock</name>
         <load_address>0x8000bde0</load_address>
         <run_address>0x8000bde0</run_address>
         <size>0x58</size>
         <input_file_ref idref="fl-2"/>
      </object_component>
      <object_component id="oc-434">
         <name>.data:mcasp1FclkClock</name>
         <load_address>0x8000be38</load_address>
         <run_address>0x8000be38</run_address>
         <size>0x58</size>
         <input_file_ref idref="fl-2"/>
      </object_component>
      <object_component id="oc-431">
         <name>.data:mcasp1IclkClock</name>
         <load_address>0x8000be90</load_address>
         <run_address>0x8000be90</run_address>
         <size>0x58</size>
         <input_file_ref idref="fl-2"/>
      </object_component>
      <object_component id="oc-4fd">
         <name>.data:mcaspGclkClock</name>
         <load_address>0x8000bee8</load_address>
         <run_address>0x8000bee8</run_address>
         <size>0x58</size>
         <input_file_ref idref="fl-2"/>
      </object_component>
      <object_component id="oc-3c2">
         <name>.data:mpuIclkClock</name>
         <load_address>0x8000bf40</load_address>
         <run_address>0x8000bf40</run_address>
         <size>0x58</size>
         <input_file_ref idref="fl-2"/>
      </object_component>
      <object_component id="oc-599">
         <name>.data:mpuPllM2Clock</name>
         <load_address>0x8000bf98</load_address>
         <run_address>0x8000bf98</run_address>
         <size>0x58</size>
         <input_file_ref idref="fl-2"/>
      </object_component>
      <object_component id="oc-439">
         <name>.data:ocmcramIclkClock</name>
         <load_address>0x8000bff0</load_address>
         <run_address>0x8000bff0</run_address>
         <size>0x58</size>
         <input_file_ref idref="fl-2"/>
      </object_component>
      <object_component id="oc-5ef">
         <name>.data:perPllClkdcoldoClock</name>
         <load_address>0x8000c048</load_address>
         <run_address>0x8000c048</run_address>
         <size>0x58</size>
         <input_file_ref idref="fl-2"/>
      </object_component>
      <object_component id="oc-4e4">
         <name>.data:rtc32kGclkClock</name>
         <load_address>0x8000c0a0</load_address>
         <run_address>0x8000c0a0</run_address>
         <size>0x58</size>
         <input_file_ref idref="fl-2"/>
      </object_component>
      <object_component id="oc-3ff">
         <name>.data:rtcFclkClock</name>
         <load_address>0x8000c0f8</load_address>
         <run_address>0x8000c0f8</run_address>
         <size>0x58</size>
         <input_file_ref idref="fl-2"/>
      </object_component>
      <object_component id="oc-3fc">
         <name>.data:rtcIclkClock</name>
         <load_address>0x8000c150</load_address>
         <run_address>0x8000c150</run_address>
         <size>0x58</size>
         <input_file_ref idref="fl-2"/>
      </object_component>
      <object_component id="oc-3ea">
         <name>.data:spi0FclkClock</name>
         <load_address>0x8000c1a8</load_address>
         <run_address>0x8000c1a8</run_address>
         <size>0x58</size>
         <input_file_ref idref="fl-2"/>
      </object_component>
      <object_component id="oc-3e7">
         <name>.data:spi0IclkClock</name>
         <load_address>0x8000c200</load_address>
         <run_address>0x8000c200</run_address>
         <size>0x58</size>
         <input_file_ref idref="fl-2"/>
      </object_component>
      <object_component id="oc-4d9">
         <name>.data:spiGclkClock</name>
         <load_address>0x8000c258</load_address>
         <run_address>0x8000c258</run_address>
         <size>0x58</size>
         <input_file_ref idref="fl-2"/>
      </object_component>
      <object_component id="oc-5ca">
         <name>.data:sysClkInClock</name>
         <load_address>0x8000c2b0</load_address>
         <run_address>0x8000c2b0</run_address>
         <size>0x58</size>
         <input_file_ref idref="fl-2"/>
      </object_component>
      <object_component id="oc-669">
         <name>.data:sysclk1Clock</name>
         <load_address>0x8000c308</load_address>
         <run_address>0x8000c308</run_address>
         <size>0x58</size>
         <input_file_ref idref="fl-2"/>
      </object_component>
      <object_component id="oc-690">
         <name>.data:sysclk2Clock</name>
         <load_address>0x8000c360</load_address>
         <run_address>0x8000c360</run_address>
         <size>0x58</size>
         <input_file_ref idref="fl-2"/>
      </object_component>
      <object_component id="oc-484">
         <name>.data:timer1FclkClock</name>
         <load_address>0x8000c3b8</load_address>
         <run_address>0x8000c3b8</run_address>
         <size>0x58</size>
         <input_file_ref idref="fl-2"/>
      </object_component>
      <object_component id="oc-4f8">
         <name>.data:timer1GclkClock</name>
         <load_address>0x8000c410</load_address>
         <run_address>0x8000c410</run_address>
         <size>0x58</size>
         <input_file_ref idref="fl-2"/>
      </object_component>
      <object_component id="oc-481">
         <name>.data:timer1IclkClock</name>
         <load_address>0x8000c468</load_address>
         <run_address>0x8000c468</run_address>
         <size>0x58</size>
         <input_file_ref idref="fl-2"/>
      </object_component>
      <object_component id="oc-633">
         <name>.data:timer2ClkClock</name>
         <load_address>0x8000c4c0</load_address>
         <run_address>0x8000c4c0</run_address>
         <size>0x58</size>
         <input_file_ref idref="fl-2"/>
      </object_component>
      <object_component id="oc-3d2">
         <name>.data:timer2FclkClock</name>
         <load_address>0x8000c518</load_address>
         <run_address>0x8000c518</run_address>
         <size>0x58</size>
         <input_file_ref idref="fl-2"/>
      </object_component>
      <object_component id="oc-4c4">
         <name>.data:timer2GclkClock</name>
         <load_address>0x8000c570</load_address>
         <run_address>0x8000c570</run_address>
         <size>0x58</size>
         <input_file_ref idref="fl-2"/>
      </object_component>
      <object_component id="oc-3cf">
         <name>.data:timer2IclkClock</name>
         <load_address>0x8000c5c8</load_address>
         <run_address>0x8000c5c8</run_address>
         <size>0x58</size>
         <input_file_ref idref="fl-2"/>
      </object_component>
      <object_component id="oc-638">
         <name>.data:timer3ClkClock</name>
         <load_address>0x8000c620</load_address>
         <run_address>0x8000c620</run_address>
         <size>0x58</size>
         <input_file_ref idref="fl-2"/>
      </object_component>
      <object_component id="oc-48c">
         <name>.data:timer3FclkClock</name>
         <load_address>0x8000c678</load_address>
         <run_address>0x8000c678</run_address>
         <size>0x58</size>
         <input_file_ref idref="fl-2"/>
      </object_component>
      <object_component id="oc-4c7">
         <name>.data:timer3GclkClock</name>
         <load_address>0x8000c6d0</load_address>
         <run_address>0x8000c6d0</run_address>
         <size>0x58</size>
         <input_file_ref idref="fl-2"/>
      </object_component>
      <object_component id="oc-489">
         <name>.data:timer3IclkClock</name>
         <load_address>0x8000c728</load_address>
         <run_address>0x8000c728</run_address>
         <size>0x58</size>
         <input_file_ref idref="fl-2"/>
      </object_component>
      <object_component id="oc-63d">
         <name>.data:timer4ClkClock</name>
         <load_address>0x8000c780</load_address>
         <run_address>0x8000c780</run_address>
         <size>0x58</size>
         <input_file_ref idref="fl-2"/>
      </object_component>
      <object_component id="oc-494">
         <name>.data:timer4FclkClock</name>
         <load_address>0x8000c7d8</load_address>
         <run_address>0x8000c7d8</run_address>
         <size>0x58</size>
         <input_file_ref idref="fl-2"/>
      </object_component>
      <object_component id="oc-4ca">
         <name>.data:timer4GclkClock</name>
         <load_address>0x8000c830</load_address>
         <run_address>0x8000c830</run_address>
         <size>0x58</size>
         <input_file_ref idref="fl-2"/>
      </object_component>
      <object_component id="oc-491">
         <name>.data:timer4IclkClock</name>
         <load_address>0x8000c888</load_address>
         <run_address>0x8000c888</run_address>
         <size>0x58</size>
         <input_file_ref idref="fl-2"/>
      </object_component>
      <object_component id="oc-65a">
         <name>.data:timer6ClkClock</name>
         <load_address>0x8000c8e0</load_address>
         <run_address>0x8000c8e0</run_address>
         <size>0x58</size>
         <input_file_ref idref="fl-2"/>
      </object_component>
      <object_component id="oc-4bd">
         <name>.data:timer6FclkClock</name>
         <load_address>0x8000c938</load_address>
         <run_address>0x8000c938</run_address>
         <size>0x58</size>
         <input_file_ref idref="fl-2"/>
      </object_component>
      <object_component id="oc-4df">
         <name>.data:timer6GclkClock</name>
         <load_address>0x8000c990</load_address>
         <run_address>0x8000c990</run_address>
         <size>0x58</size>
         <input_file_ref idref="fl-2"/>
      </object_component>
      <object_component id="oc-4ba">
         <name>.data:timer6IclkClock</name>
         <load_address>0x8000c9e8</load_address>
         <run_address>0x8000c9e8</run_address>
         <size>0x58</size>
         <input_file_ref idref="fl-2"/>
      </object_component>
      <object_component id="oc-642">
         <name>.data:timer7ClkClock</name>
         <load_address>0x8000ca40</load_address>
         <run_address>0x8000ca40</run_address>
         <size>0x58</size>
         <input_file_ref idref="fl-2"/>
      </object_component>
      <object_component id="oc-49c">
         <name>.data:timer7FclkClock</name>
         <load_address>0x8000ca98</load_address>
         <run_address>0x8000ca98</run_address>
         <size>0x58</size>
         <input_file_ref idref="fl-2"/>
      </object_component>
      <object_component id="oc-4cd">
         <name>.data:timer7GclkClock</name>
         <load_address>0x8000caf0</load_address>
         <run_address>0x8000caf0</run_address>
         <size>0x58</size>
         <input_file_ref idref="fl-2"/>
      </object_component>
      <object_component id="oc-499">
         <name>.data:timer7IclkClock</name>
         <load_address>0x8000cb48</load_address>
         <run_address>0x8000cb48</run_address>
         <size>0x58</size>
         <input_file_ref idref="fl-2"/>
      </object_component>
      <object_component id="oc-4a6">
         <name>.data:tpccIclkClock</name>
         <load_address>0x8000cba0</load_address>
         <run_address>0x8000cba0</run_address>
         <size>0x58</size>
         <input_file_ref idref="fl-2"/>
      </object_component>
      <object_component id="oc-4ab">
         <name>.data:tptc0IclkClock</name>
         <load_address>0x8000cbf8</load_address>
         <run_address>0x8000cbf8</run_address>
         <size>0x58</size>
         <input_file_ref idref="fl-2"/>
      </object_component>
      <object_component id="oc-4b0">
         <name>.data:tptc1IclkClock</name>
         <load_address>0x8000cc50</load_address>
         <run_address>0x8000cc50</run_address>
         <size>0x58</size>
         <input_file_ref idref="fl-2"/>
      </object_component>
      <object_component id="oc-4b5">
         <name>.data:tptc2IclkClock</name>
         <load_address>0x8000cca8</load_address>
         <run_address>0x8000cca8</run_address>
         <size>0x58</size>
         <input_file_ref idref="fl-2"/>
      </object_component>
      <object_component id="oc-3f2">
         <name>.data:uart0FclkClock</name>
         <load_address>0x8000cd00</load_address>
         <run_address>0x8000cd00</run_address>
         <size>0x58</size>
         <input_file_ref idref="fl-2"/>
      </object_component>
      <object_component id="oc-4ef">
         <name>.data:uart0GclkClock</name>
         <load_address>0x8000cd58</load_address>
         <run_address>0x8000cd58</run_address>
         <size>0x58</size>
         <input_file_ref idref="fl-2"/>
      </object_component>
      <object_component id="oc-3ef">
         <name>.data:uart0IclkClock</name>
         <load_address>0x8000cdb0</load_address>
         <run_address>0x8000cdb0</run_address>
         <size>0x58</size>
         <input_file_ref idref="fl-2"/>
      </object_component>
      <object_component id="oc-4dc">
         <name>.data:uartGclkClock</name>
         <load_address>0x8000ce08</load_address>
         <run_address>0x8000ce08</run_address>
         <size>0x58</size>
         <input_file_ref idref="fl-2"/>
      </object_component>
      <object_component id="oc-44b">
         <name>.data:usb0IclkClock</name>
         <load_address>0x8000ce60</load_address>
         <run_address>0x8000ce60</run_address>
         <size>0x58</size>
         <input_file_ref idref="fl-2"/>
      </object_component>
      <object_component id="oc-44e">
         <name>.data:usbPllclkClock</name>
         <load_address>0x8000ceb8</load_address>
         <run_address>0x8000ceb8</run_address>
         <size>0x58</size>
         <input_file_ref idref="fl-2"/>
      </object_component>
      <object_component id="oc-664">
         <name>.data:wdt1ClkClock</name>
         <load_address>0x8000cf10</load_address>
         <run_address>0x8000cf10</run_address>
         <size>0x58</size>
         <input_file_ref idref="fl-2"/>
      </object_component>
      <object_component id="oc-40c">
         <name>.data:wdt1FclkClock</name>
         <load_address>0x8000cf68</load_address>
         <run_address>0x8000cf68</run_address>
         <size>0x58</size>
         <input_file_ref idref="fl-2"/>
      </object_component>
      <object_component id="oc-4e9">
         <name>.data:wdt1GclkClock</name>
         <load_address>0x8000cfc0</load_address>
         <run_address>0x8000cfc0</run_address>
         <size>0x58</size>
         <input_file_ref idref="fl-2"/>
      </object_component>
      <object_component id="oc-409">
         <name>.data:wdt1IclkClock</name>
         <load_address>0x8000d018</load_address>
         <run_address>0x8000d018</run_address>
         <size>0x58</size>
         <input_file_ref idref="fl-2"/>
      </object_component>
      <object_component id="oc-427">
         <name>.data:wkupM3IclkClock</name>
         <load_address>0x8000d070</load_address>
         <run_address>0x8000d070</run_address>
         <size>0x58</size>
         <input_file_ref idref="fl-2"/>
      </object_component>
      <object_component id="oc-2ba">
         <name>.data:adcTscModClock</name>
         <load_address>0x8000d0c8</load_address>
         <run_address>0x8000d0c8</run_address>
         <size>0x50</size>
         <input_file_ref idref="fl-2"/>
      </object_component>
      <object_component id="oc-2d8">
         <name>.data:cpgmac0ModClock</name>
         <load_address>0x8000d118</load_address>
         <run_address>0x8000d118</run_address>
         <size>0x50</size>
         <input_file_ref idref="fl-2"/>
      </object_component>
      <object_component id="oc-29c">
         <name>.data:emifModClock</name>
         <load_address>0x8000d168</load_address>
         <run_address>0x8000d168</run_address>
         <size>0x50</size>
         <input_file_ref idref="fl-2"/>
      </object_component>
      <object_component id="oc-2f0">
         <name>.data:epwmss0ModClock</name>
         <load_address>0x8000d1b8</load_address>
         <run_address>0x8000d1b8</run_address>
         <size>0x50</size>
         <input_file_ref idref="fl-2"/>
      </object_component>
      <object_component id="oc-2de">
         <name>.data:gpio0ModClock</name>
         <load_address>0x8000d208</load_address>
         <run_address>0x8000d208</run_address>
         <size>0x50</size>
         <input_file_ref idref="fl-2"/>
      </object_component>
      <object_component id="oc-2e1">
         <name>.data:gpio1ModClock</name>
         <load_address>0x8000d258</load_address>
         <run_address>0x8000d258</run_address>
         <size>0x50</size>
         <input_file_ref idref="fl-2"/>
      </object_component>
      <object_component id="oc-2a5">
         <name>.data:gpio3ModClock</name>
         <load_address>0x8000d2a8</load_address>
         <run_address>0x8000d2a8</run_address>
         <size>0x50</size>
         <input_file_ref idref="fl-2"/>
      </object_component>
      <object_component id="oc-2cf">
         <name>.data:gpmcModClock</name>
         <load_address>0x8000d2f8</load_address>
         <run_address>0x8000d2f8</run_address>
         <size>0x50</size>
         <input_file_ref idref="fl-2"/>
      </object_component>
      <object_component id="oc-2db">
         <name>.data:i2c0ModClock</name>
         <load_address>0x8000d348</load_address>
         <run_address>0x8000d348</run_address>
         <size>0x50</size>
         <input_file_ref idref="fl-2"/>
      </object_component>
      <object_component id="oc-2a2">
         <name>.data:i2c1ModClock</name>
         <load_address>0x8000d398</load_address>
         <run_address>0x8000d398</run_address>
         <size>0x50</size>
         <input_file_ref idref="fl-2"/>
      </object_component>
      <object_component id="oc-2cc">
         <name>.data:l3ModClock</name>
         <load_address>0x8000d3e8</load_address>
         <run_address>0x8000d3e8</run_address>
         <size>0x50</size>
         <input_file_ref idref="fl-2"/>
      </object_component>
      <object_component id="oc-2c3">
         <name>.data:l4WkupModClock</name>
         <load_address>0x8000d438</load_address>
         <run_address>0x8000d438</run_address>
         <size>0x50</size>
         <input_file_ref idref="fl-2"/>
      </object_component>
      <object_component id="oc-2d5">
         <name>.data:l4fwModClock</name>
         <load_address>0x8000d488</load_address>
         <run_address>0x8000d488</run_address>
         <size>0x50</size>
         <input_file_ref idref="fl-2"/>
      </object_component>
      <object_component id="oc-2b4">
         <name>.data:l4lsModClock</name>
         <load_address>0x8000d4d8</load_address>
         <run_address>0x8000d4d8</run_address>
         <size>0x50</size>
         <input_file_ref idref="fl-2"/>
      </object_component>
      <object_component id="oc-2bd">
         <name>.data:lcdcModClock</name>
         <load_address>0x8000d528</load_address>
         <run_address>0x8000d528</run_address>
         <size>0x50</size>
         <input_file_ref idref="fl-2"/>
      </object_component>
      <object_component id="oc-2ae">
         <name>.data:mailbox0ModClock</name>
[...]
         <value>0x80007aac</value>
         <object_component_ref idref="oc-36"/>
      </symbol>
      <symbol id="sm-ad1">
         <name>__aeabi_memcpy</name>
         <value>0x80007aac</value>
         <object_component_ref idref="oc-36"/>
      </symbol>
      <symbol id="sm-ad2">
         <name>__aeabi_memcpy8</name>
         <value>0x80007aac</value>
         <object_component_ref idref="oc-36"/>
      </symbol>
      <symbol id="sm-ad3">
         <name>__aeabi_memcpy4</name>
         <value>0x80007aac</value>
         <object_component_ref idref="oc-36"/>
      </symbol>
      <symbol id="sm-ae2">
         <name>__aeabi_memset</name>
         <value>0x800086d4</value>
         <object_component_ref idref="oc-4f"/>
      </symbol>
      <symbol id="sm-ae3">
         <name>memset</name>
         <value>0x800086e0</value>
         <object_component_ref idref="oc-4f"/>
      </symbol>
      <symbol id="sm-ae4">
         <name>__aeabi_memset8</name>
         <value>0x800086d4</value>
         <object_component_ref idref="oc-4f"/>
      </symbol>
      <symbol id="sm-ae5">
         <name>__aeabi_memset4</name>
         <value>0x800086d4</value>
         <object_component_ref idref="oc-4f"/>
      </symbol>
      <symbol id="sm-ae6">
         <name>__aeabi_memclr8</name>
         <value>0x800086d0</value>
         <object_component_ref idref="oc-4f"/>
      </symbol>
      <symbol id="sm-ae7">
         <name>__aeabi_memclr4</name>
         <value>0x800086d0</value>
         <object_component_ref idref="oc-4f"/>
      </symbol>
      <symbol id="sm-ae8">
         <name>__aeabi_memclr</name>
         <value>0x800086d0</value>
         <object_component_ref idref="oc-4f"/>
      </symbol>
      <symbol id="sm-b06">
         <name>printf</name>
         <value>0x80008830</value>
         <object_component_ref idref="oc-e9"/>
      </symbol>
      <symbol id="sm-b0e">
         <name>main_func_sp</name>
         <value>0x8000de0c</value>
         <object_component_ref idref="oc-6c"/>
      </symbol>
      <symbol id="sm-b1c">
         <name>strcmp</name>
         <value>0x8000903c</value>
         <object_component_ref idref="oc-541"/>
      </symbol>
      <symbol id="sm-b2a">
         <name>strlen</name>
         <value>0x800090cc</value>
         <object_component_ref idref="oc-34f"/>
      </symbol>
      <symbol id="sm-b3e">
         <name>__aeabi_uidivmod</name>
         <value>0x8000843c</value>
         <object_component_ref idref="oc-168"/>
      </symbol>
      <symbol id="sm-b3f">
         <name>__aeabi_uidiv</name>
         <value>0x8000843c</value>
         <object_component_ref idref="oc-168"/>
      </symbol>
      <symbol id="sm-b59">
         <name>_nop</name>
         <value>0x8000907c</value>
         <object_component_ref idref="oc-39d"/>
      </symbol>
      <symbol id="sm-b5a">
         <name>_lock</name>
         <value>0x8000ddf0</value>
         <object_component_ref idref="oc-18f"/>
      </symbol>
      <symbol id="sm-b5b">
         <name>_unlock</name>
         <value>0x8000ddf4</value>
         <object_component_ref idref="oc-18f"/>
      </symbol>
      <symbol id="sm-b5c">
         <name>_register_lock</name>
         <value>0x80009070</value>
         <object_component_ref idref="oc-39d"/>
      </symbol>
      <symbol id="sm-b5d">
         <name>_register_unlock</name>
         <value>0x80009064</value>
         <object_component_ref idref="oc-39d"/>
      </symbol>
      <symbol id="sm-c50">
         <name>__TI_printfi</name>
         <value>0x800030e4</value>
         <object_component_ref idref="oc-189"/>
      </symbol>
      <symbol id="sm-c65">
         <name>atoi</name>
         <value>0x80008a9c</value>
         <object_component_ref idref="oc-386"/>
      </symbol>
      <symbol id="sm-c70">
         <name>_ctypes_</name>
         <value>0x800101d8</value>
         <object_component_ref idref="oc-584"/>
      </symbol>
      <symbol id="sm-c89">
         <name>__aeabi_stdout</name>
         <value>0x8000dddc</value>
         <object_component_ref idref="oc-53c"/>
      </symbol>
      <symbol id="sm-c8a">
         <name>__TI_tmpnams</name>
         <value>0x80010130</value>
         <object_component_ref idref="oc-7bc"/>
      </symbol>
      <symbol id="sm-c8b">
         <name>__aeabi_stderr</name>
         <value>0x8000dde0</value>
         <object_component_ref idref="oc-53c"/>
      </symbol>
      <symbol id="sm-c8c">
         <name>__aeabi_stdin</name>
         <value>0x8000ddd8</value>
         <object_component_ref idref="oc-53c"/>
      </symbol>
      <symbol id="sm-c8d">
         <name>_ftable</name>
         <value>0x8000a158</value>
         <object_component_ref idref="oc-192"/>
      </symbol>
      <symbol id="sm-c8e">
         <name>__TI_ft_end</name>
         <value>0x8000ddd4</value>
         <object_component_ref idref="oc-53c"/>
      </symbol>
      <symbol id="sm-ca5">
         <name>putc</name>
         <value>0x80008240</value>
         <object_component_ref idref="oc-17d"/>
      </symbol>
      <symbol id="sm-ca6">
         <name>fputc</name>
         <value>0x80008240</value>
         <object_component_ref idref="oc-17d"/>
      </symbol>
      <symbol id="sm-ca7">
         <name>putchar</name>
         <value>0x8000832c</value>
         <object_component_ref idref="oc-17d"/>
      </symbol>
      <symbol id="sm-cc7">
         <name>puts</name>
         <value>0x800078cc</value>
         <object_component_ref idref="oc-183"/>
      </symbol>
      <symbol id="sm-cc8">
         <name>fputs</name>
         <value>0x8000773c</value>
         <object_component_ref idref="oc-183"/>
      </symbol>
      <symbol id="sm-cd5">
         <name>frexp</name>
         <value>0x80008f8c</value>
         <object_component_ref idref="oc-368"/>
      </symbol>
      <symbol id="sm-cdf">
         <name>__aeabi_idiv0</name>
         <value>0x80009160</value>
         <object_component_ref idref="oc-32d"/>
      </symbol>
      <symbol id="sm-cef">
         <name>ldexp</name>
         <value>0x80008c98</value>
         <object_component_ref idref="oc-36e"/>
      </symbol>
      <symbol id="sm-d42">
         <name>open</name>
         <value>0x80006170</value>
         <object_component_ref idref="oc-347"/>
      </symbol>
      <symbol id="sm-d43">
         <name>add_device</name>
         <value>0x8000635c</value>
         <object_component_ref idref="oc-347"/>
      </symbol>
      <symbol id="sm-d44">
         <name>remove_device</name>
         <value>0x800060e0</value>
         <object_component_ref idref="oc-347"/>
      </symbol>
      <symbol id="sm-d45">
         <name>lseek</name>
         <value>0x80006288</value>
         <object_component_ref idref="oc-347"/>
      </symbol>
      <symbol id="sm-d46">
         <name>read</name>
         <value>0x8000612c</value>
         <object_component_ref idref="oc-347"/>
      </symbol>
      <symbol id="sm-d47">
         <name>rename</name>
         <value>0x80006074</value>
         <object_component_ref idref="oc-347"/>
      </symbol>
      <symbol id="sm-d48">
         <name>write</name>
         <value>0x80005f3c</value>
         <object_component_ref idref="oc-347"/>
      </symbol>
      <symbol id="sm-d49">
         <name>close</name>
         <value>0x800062cc</value>
         <object_component_ref idref="oc-347"/>
      </symbol>
      <symbol id="sm-d4a">
         <name>unlink</name>
         <value>0x80006034</value>
         <object_component_ref idref="oc-347"/>
      </symbol>
      <symbol id="sm-d58">
         <name>ltoa</name>
         <value>0x80008ba4</value>
         <object_component_ref idref="oc-362"/>
      </symbol>
      <symbol id="sm-d67">
         <name>memccpy</name>
         <value>0x80008fbc</value>
         <object_component_ref idref="oc-380"/>
      </symbol>
      <symbol id="sm-d76">
         <name>memchr</name>
         <value>0x80008fe8</value>
         <object_component_ref idref="oc-355"/>
      </symbol>
      <symbol id="sm-d85">
         <name>strchr</name>
         <value>0x80009014</value>
         <object_component_ref idref="oc-374"/>
      </symbol>
      <symbol id="sm-d94">
         <name>strncpy</name>
         <value>0x80008e70</value>
         <object_component_ref idref="oc-547"/>
      </symbol>
      <symbol id="sm-db5">
         <name>HOSTgetenv</name>
         <value>0x80006814</value>
         <object_component_ref idref="oc-6be"/>
      </symbol>
      <symbol id="sm-db6">
         <name>HOSTrename</name>
         <value>0x800065cc</value>
         <object_component_ref idref="oc-6be"/>
      </symbol>
      <symbol id="sm-db7">
         <name>HOSTclose</name>
         <value>0x8000687c</value>
         <object_component_ref idref="oc-6be"/>
      </symbol>
      <symbol id="sm-db8">
         <name>HOSTunlink</name>
         <value>0x80006508</value>
         <object_component_ref idref="oc-6be"/>
      </symbol>
      <symbol id="sm-db9">
         <name>HOSTlseek</name>
         <value>0x80006774</value>
         <object_component_ref idref="oc-6be"/>
      </symbol>
      <symbol id="sm-dba">
         <name>HOSTopen</name>
         <value>0x800066e8</value>
         <object_component_ref idref="oc-6be"/>
      </symbol>
      <symbol id="sm-dbb">
         <name>HOSTclock</name>
         <value>0x800068e4</value>
         <object_component_ref idref="oc-6be"/>
      </symbol>
      <symbol id="sm-dbc">
         <name>HOSTwrite</name>
         <value>0x80006484</value>
         <object_component_ref idref="oc-6be"/>
      </symbol>
      <symbol id="sm-dbd">
         <name>HOSTread</name>
         <value>0x80006664</value>
         <object_component_ref idref="oc-6be"/>
      </symbol>
      <symbol id="sm-dbe">
         <name>HOSTtime</name>
         <value>0x8000656c</value>
         <object_component_ref idref="oc-6be"/>
      </symbol>
      <symbol id="sm-dd8">
         <name>__TI_readmsg</name>
         <value>0x8000891c</value>
         <object_component_ref idref="oc-764"/>
      </symbol>
      <symbol id="sm-dd9">
         <name>C$$IO$$</name>
         <value>0x80008914</value>
         <object_component_ref idref="oc-764"/>
      </symbol>
      <symbol id="sm-dda">
         <name>__CIOBUF_</name>
         <value>0x80010010</value>
         <object_component_ref idref="oc-7c3"/>
      </symbol>
      <symbol id="sm-ddb">
         <name>__TI_writemsg</name>
         <value>0x800088cc</value>
         <object_component_ref idref="oc-764"/>
      </symbol>
      <symbol id="sm-e05">
         <name>__aeabi_uldivmod</name>
         <value>0x80007008</value>
         <object_component_ref idref="oc-35d"/>
      </symbol>
      <symbol id="sm-e13">
         <name>_Dclass</name>
         <value>0x80008eb8</value>
         <object_component_ref idref="oc-37a"/>
      </symbol>
      <symbol id="sm-e31">
         <name>_Dscale</name>
         <value>0x80007904</value>
         <object_component_ref idref="oc-570"/>
      </symbol>
      <symbol id="sm-e45">
         <name>_Dunscale</name>
         <value>0x80008618</value>
         <object_component_ref idref="oc-568"/>
      </symbol>
      <symbol id="sm-e53">
         <name>_Feraise</name>
         <value>0x80008f48</value>
         <object_component_ref idref="oc-576"/>
      </symbol>
      <symbol id="sm-e63">
         <name>_Rteps</name>
         <value>0x8000a6b8</value>
         <object_component_ref idref="oc-6de"/>
      </symbol>
      <symbol id="sm-e64">
         <name>_Zero</name>
         <value>0x8000a6d0</value>
         <object_component_ref idref="oc-6de"/>
      </symbol>
      <symbol id="sm-e65">
         <name>_Hugeval</name>
         <value>0x8000a678</value>
         <object_component_ref idref="oc-6de"/>
      </symbol>
      <symbol id="sm-e66">
         <name>_Snan</name>
         <value>0x8000a6a8</value>
         <object_component_ref idref="oc-6de"/>
      </symbol>
      <symbol id="sm-e67">
         <name>_Nan</name>
         <value>0x8000a698</value>
         <object_component_ref idref="oc-6de"/>
      </symbol>
      <symbol id="sm-e68">
         <name>_Inf</name>
         <value>0x8000a688</value>
         <object_component_ref idref="oc-6de"/>
      </symbol>
      <symbol id="sm-e69">
         <name>_Xbig</name>
         <value>0x8000a6c8</value>
         <object_component_ref idref="oc-6de"/>
      </symbol>
      <symbol id="sm-e6a">
         <name>_Eps</name>
         <value>0x8000a668</value>
         <object_component_ref idref="oc-6de"/>
      </symbol>
      <symbol id="sm-e6b">
         <name>_Denorm</name>
         <value>0x8000a658</value>
         <object_component_ref idref="oc-6de"/>
      </symbol>
      <symbol id="sm-e87">
         <name>__TI_wrt_ok</name>
         <value>0x80008014</value>
         <object_component_ref idref="oc-33b"/>
      </symbol>
      <symbol id="sm-e88">
         <name>__TI_rd_ok</name>
         <value>0x800080b4</value>
         <object_component_ref idref="oc-33b"/>
      </symbol>
      <symbol id="sm-e90">
         <name>_Errno</name>
         <value>0x8000a654</value>
         <object_component_ref idref="oc-6e9"/>
      </symbol>
      <symbol id="sm-eaf">
         <name>feraiseexcept</name>
         <value>0x80008dcc</value>
         <object_component_ref idref="oc-6e3"/>
      </symbol>
      <symbol id="sm-eb0">
         <name>_Tls_setup__Fenv</name>
         <value>0x8000de04</value>
         <object_component_ref idref="oc-78c"/>
      </symbol>
      <symbol id="sm-eb1">
         <name>_Fenv</name>
         <value>0x8000de00</value>
         <object_component_ref idref="oc-78c"/>
      </symbol>
      <symbol id="sm-ecb">
         <name>__TI_doflush</name>
         <value>0x80007ee4</value>
         <object_component_ref idref="oc-341"/>
      </symbol>
      <symbol id="sm-ecc">
         <name>fflush</name>
         <value>0x80007f68</value>
         <object_component_ref idref="oc-341"/>
      </symbol>
      <symbol id="sm-ede">
         <name>fseek</name>
         <value>0x80008780</value>
         <object_component_ref idref="oc-52e"/>
      </symbol>
      <symbol id="sm-ef3">
         <name>__aeabi_idivmod</name>
         <value>0x8000812c</value>
         <object_component_ref idref="oc-561"/>
      </symbol>
      <symbol id="sm-ef4">
         <name>__aeabi_idiv</name>
         <value>0x8000812c</value>
         <object_component_ref idref="oc-561"/>
      </symbol>
      <symbol id="sm-f07">
         <name>raise</name>
         <value>0x80008e24</value>
         <object_component_ref idref="oc-786"/>
      </symbol>
      <symbol id="sm-f22">
         <name>setvbuf</name>
         <value>0x80007d8c</value>
         <object_component_ref idref="oc-534"/>
      </symbol>
      <symbol id="sm-f3c">
         <name>signal</name>
         <value>0x80008d08</value>
         <object_component_ref idref="oc-7ce"/>
      </symbol>
      <symbol id="sm-f4a">
         <name>strcpy</name>
         <value>0x800090e8</value>
         <object_component_ref idref="oc-76a"/>
      </symbol>
      <symbol id="sm-f5f">
         <name>_Dnorm</name>
         <value>0x80007c2c</value>
         <object_component_ref idref="oc-6d4"/>
      </symbol>
      <symbol id="sm-f93">
         <name>__TI_cleanup</name>
         <value>0x80006e74</value>
         <object_component_ref idref="oc-6a7"/>
      </symbol>
      <symbol id="sm-f94">
         <name>freopen</name>
         <value>0x80006ec0</value>
         <object_component_ref idref="oc-6a7"/>
      </symbol>
      <symbol id="sm-f95">
         <name>fopen</name>
         <value>0x80006f0c</value>
         <object_component_ref idref="oc-6a7"/>
      </symbol>
      <symbol id="sm-ffa">
         <name>_sys_memory</name>
         <value>0x800102e0</value>
         <object_component_ref idref="oc-33"/>
      </symbol>
      <symbol id="sm-ffb">
         <name>free</name>
         <value>0x80005ab8</value>
         <object_component_ref idref="oc-69e"/>
      </symbol>
      <symbol id="sm-ffc">
         <name>realloc</name>
         <value>0x80005c10</value>
         <object_component_ref idref="oc-69e"/>
      </symbol>
      <symbol id="sm-ffd">
         <name>memalign</name>
         <value>0x80005da4</value>
         <object_component_ref idref="oc-69e"/>
      </symbol>
      <symbol id="sm-ffe">
         <name>calloc</name>
         <value>0x80005ee4</value>
         <object_component_ref idref="oc-69e"/>
      </symbol>
      <symbol id="sm-fff">
         <name>malloc</name>
         <value>0x800059fc</value>
         <object_component_ref idref="oc-69e"/>
      </symbol>
      <symbol id="sm-1000">
         <name>minit</name>
         <value>0x80005900</value>
         <object_component_ref idref="oc-69e"/>
      </symbol>
      <symbol id="sm-1016">
         <name>__TI_closefile</name>
         <value>0x80008340</value>
         <object_component_ref idref="oc-755"/>
      </symbol>
      <symbol id="sm-1017">
         <name>fclose</name>
         <value>0x800083ec</value>
         <object_component_ref idref="oc-755"/>
      </symbol>
      <symbol id="sm-102b">
         <name>xdc_runtime_Startup_exec__E</name>
         <value>0x80008a10</value>
         <object_component_ref idref="oc-92"/>
      </symbol>
      <symbol id="sm-102c">
         <name>__TI_static_base__</name>
         <value>0x800102e8</value>
      </symbol>
      <symbol id="sm-102f">
         <name>xdc_runtime_System_printf__E</name>
         <value>0x0</value>
      </symbol>
      <symbol id="sm-1030">
         <name>ti_sysbios_knl_Task_sleep__E</name>
         <value>0x0</value>
      </symbol>
      <symbol id="sm-1031">
         <name>xdc_runtime_System_SupportProxy_flush__E</name>
         <value>0x0</value>
      </symbol>
      <symbol id="sm-1032">
         <name>ti_sysbios_knl_Task_create</name>
         <value>0x0</value>
      </symbol>
      <symbol id="sm-1033">
         <name>ti_sysbios_BIOS_exit__E</name>
         <value>0x0</value>
      </symbol>
      <symbol id="sm-1034">
         <name>ti_sysbios_BIOS_start__E</name>
         <value>0x0</value>
      </symbol>
      <symbol id="sm-1035">
         <name>xdc_runtime_System_Module_GateProxy_enter__E</name>
         <value>0x0</value>
      </symbol>
      <symbol id="sm-1036">
         <name>xdc_runtime_System_Module__gateObj__C</name>
         <value>0x0</value>
      </symbol>
      <symbol id="sm-1037">
         <name>xdc_runtime_System_SupportProxy_exit__E</name>
         <value>0x0</value>
      </symbol>
      <symbol id="sm-1038">
         <name>xdc_runtime_System_Module__state__V</name>
         <value>0x0</value>
      </symbol>
      <symbol id="sm-1039">
         <name>xdc_runtime_System_exitFxn__C</name>
         <value>0x0</value>
      </symbol>
      <symbol id="sm-103a">
         <name>xdc_runtime_Startup_reset__I</name>
         <value>0x0</value>
      </symbol>
      <symbol id="sm-103b">
         <name>SHT$$INIT_ARRAY$$Base</name>
         <value>0x0</value>
      </symbol>
      <symbol id="sm-103c">
         <name>SHT$$INIT_ARRAY$$Limit</name>
         <value>0x0</value>
      </symbol>
      <symbol id="sm-103d">
         <name>xdc_runtime_Startup_Module__state__V</name>
         <value>0x0</value>
      </symbol>
      <symbol id="sm-103e">
         <name>xdc_runtime_Startup_firstFxns__C</name>
         <value>0x0</value>
      </symbol>
      <symbol id="sm-103f">
         <name>xdc_runtime_Startup_execImpl__C</name>
         <value>0x0</value>
      </symbol>
      <symbol id="sm-1040">
         <name>xdc_runtime_Startup_lastFxns__C</name>
         <value>0x0</value>
      </symbol>
      <symbol id="sm-1041">
         <name>xdc_runtime_System_flush__E</name>
         <value>0x0</value>
      </symbol>
      <symbol id="sm-1042">
         <name>remove</name>
         <value>0x80006034</value>
      </symbol>
   </symbol_table>
   <title>Link errors: red sections failed placement</title>
</link_info>
