******************************************************************************
                  TI ARM Linker PC v5.2.4                      
******************************************************************************
>> Linked Mon Apr 11 11:36:01 2016

OUTPUT FILE NAME:   <TIRTOSTTypical.out>
ENTRY POINT SYMBOL: "_c_int00"  address: 800115ec


MEMORY CONFIGURATION

         name            origin    length      used     unused   attr    fill
----------------------  --------  ---------  --------  --------  ----  --------
  SRAM_LO               402f0000   00000400  00000000  00000400  RW X
  SRAM_HI               402f0400   0000fc00  00000000  0000fc00  RW X
  OCMC_SRAM             40300000   00010000  00000000  00010000  RW X
  DDR2                  80000000   10000000  00027f2a  0ffd80d6  RWIX


SEGMENT ALLOCATION MAP

run origin  load origin   length   init length attrs members
----------  ----------- ---------- ----------- ----- -------
80000000    80000000    00013390   00013390    r-x
  80000000    80000000    0000fd1a   0000fd1a    r-x .text.1
  8000fd1c    8000fd1c    00003674   00003674    r-x .text.2
80013390    80013390    0000a4b0   00000000    rw-
  80013390    80013390    00005850   00000000    rw- .data
  80018be0    80018be0    00004c60   00000000    rw- .bss
8001d840    8001d840    0000223c   0000223c    r--
  8001d840    8001d840    0000223c   0000223c    r-- .const
8001fc00    8001fc00    00000040   00000040    r--
  8001fc00    8001fc00    00000040   00000040    r-- .vecs
80020000    80020000    00006000   00000000    rw-
  80020000    80020000    00004000   00000000    rw- ti.sysbios.family.arm.a8.mmuTableSection
  80024000    80024000    00002000   00000000    rw- .stack
80026000    80026000    00002470   00002470    r--
  80026000    80026000    00002470   00002470    r-- .cinit


SECTION ALLOCATION MAP

 output                                  attributes/
section   page    origin      length       input sections
--------  ----  ----------  ----------   ----------------
.bss       0    80018be0    00004c60     UNINITIALIZED
                  80018be0    00002000     app_pea8fnv.oea8fnv (.bss:ti_sysbios_family_arm_exc_Exception_Module_State_0_excStack_0__A)
                  8001abe0    00001000     app_pea8fnv.oea8fnv (.bss:taskStackSection)
                  8001bbe0    00001000     app_pea8fnv.oea8fnv (.bss:ti_sysbios_heaps_HeapMem_Instance_State_0_buf__A)
                  8001cbe0    00000400     app_pea8fnv.oea8fnv (.bss:ti_sysbios_family_arm_a8_intcps_Hwi_Module_State_0_fiqStack__A)
                  8001cfe0    00000200     interrupt.obj (.bss:fnRAMVectors)
                  8001d1e0    00000200     app_pea8fnv.oea8fnv (.bss:xdc_runtime_LoggerBuf_Instance_State_0_entryArr__A)
                  8001d3e0    00000200     app_pea8fnv.oea8fnv (.bss:xdc_runtime_SysMin_Module_State_0_outbuf__A)
                  8001d5e0    00000120     rtsv7A8_A_le_n_v3_eabi.lib : trgmsg.obj (.bss:__CIOBUF_)
                  8001d700    00000100     main.obj (.bss:UARTinput1)
                  8001d800    0000000c     (.common:dataToSlaveAr)
                  8001d80c    0000000c     (.common:numOfBytesAr)
                  8001d818    0000000c     (.common:rCountAr)
                  8001d824    0000000c     (.common:tCountAr)
                  8001d830    00000008     (.common:dataFromSlaveAr)
                  8001d838    00000008     (.common:parmbuf)

.neardata 
*          0    8001d840    00000000     UNINITIALIZED

.rodata    0    8001d840    00000000     UNINITIALIZED

.vecs      0    8001fc00    00000040     
                  8001fc00    00000040     app_pea8fnv.oea8fnv (.vecs)

ti.sysbios.family.arm.a8.mmuTableSection 
*          0    80020000    00004000     UNINITIALIZED
                  80020000    00004000     app_pea8fnv.oea8fnv (ti.sysbios.family.arm.a8.mmuTableSection)

.stack     0    80024000    00002000     UNINITIALIZED
                  80024000    00002000     --HOLE--

.cinit     0    80026000    00002470     
                  80026000    0000244a     (.cinit..data.load) [load image, compression = rle]
                  8002844a    00000002     --HOLE-- [fill = 0]
                  8002844c    0000000c     (__TI_handler_table)
                  80028458    00000008     (.cinit..bss.load) [load image, compression = zero_init]
                  80028460    00000010     (__TI_cinit_table)

.init_array 
*          0    80000000    00000000     UNINITIALIZED

xdc.meta   0    80000000    000000e3     COPY SECTION
                  80000000    000000e3     app_pea8fnv.oea8fnv (xdc.meta)

.text.1    0    80000000    0000fd1a     
                  80000000    0000242c     main.obj (.text)
                  8000242c    00001d10     uart_irda_cir.obj (.text)
                  8000413c    000017f4     rtc.obj (.text)
                  80005930    00000e0c     clock.obj (.text)
                  8000673c    00000c68     app_pea8fnv.oea8fnv (.text:ti_sysbios_family_arm_a8_Mmu_initTableBuf__I)
                  800073a4    00000c20     gpio_v2.obj (.text)
                  80007fc4    00000ad0     hsi2cMaster.obj (.text)
                  80008a94    000006c4     ecap.obj (.text)
                  80009158    00000698     dmtimer.obj (.text)
                  800097f0    00000534     ti.targets.arm.rtsarm.aea8fnv : System.oea8fnv (.text:xdc_runtime_System_doPrint__I)
                  80009d24    000004cc     rtsv7A8_A_le_n_v3_eabi.lib : trgdrv.obj (.text)
                  8000a1f0    000004cc     sysbios.aea8fnv : BIOS.obj (.text:ti_sysbios_knl_Semaphore_pend__E)
                  8000a6bc    00000428     eeprom.obj (.text)
                  8000aae4    00000418     hsi2c.obj (.text)
                  8000aefc    000003e4     interrupt.obj (.text)
                  8000b2e0    00000390     sysbios.aea8fnv : BIOS.obj (.text:ti_sysbios_heaps_HeapMem_free__E)
                  8000b670    0000037c                     : BIOS.obj (.text:ti_sysbios_heaps_HeapMem_alloc__E)
                  8000b9ec    00000378                     : BIOS.obj (.text:ti_sysbios_knl_Task_Instance_finalize__E)
                  8000bd64    00000324                     : BIOS.obj (.text:ti_sysbios_knl_Task_sleep__E)
                  8000c088    000002fc                     : BIOS.obj (.text:ti_sysbios_family_arm_exc_Exception_excDumpContext__I)
                  8000c384    000002c0                     : BIOS.obj (.text:ti_sysbios_knl_Task_Instance_init__E)
                  8000c644    000002b8     rtsv7A8_A_le_n_v3_eabi.lib : ull_div32.obj (.text)
                  8000c8fc    00000280     sysbios.aea8fnv : BIOS.obj (.text:ti_sysbios_family_arm_exc_Exception_excHandler__I)
                  8000cb7c    00000270     uart.obj (.text)
                  8000cdec    00000260     sysbios.aea8fnv : BIOS.obj (.text:ti_sysbios_knl_Task_Module_startup__E)
                  8000d04c    00000230     gpio.obj (.text)
                  8000d27c    00000228     sysbios.aea8fnv : BIOS.obj (.text:ti_sysbios_timers_dmtimer_Timer_checkFreq__I)
                  8000d4a4    000001fc                     : BIOS.obj (.text:ti_sysbios_family_arm_a8_intcps_Hwi_dispatchIRQC__I)
                  8000d6a0    000001f8                     : BIOS.obj (.text:ti_sysbios_heaps_HeapMem_Instance_init__E)
                  8000d898    000001e4                     : BIOS.obj (.text:ti_sysbios_knl_Semaphore_post__E)
                  8000da7c    000001dc     ti.targets.arm.rtsarm.aea8fnv : LoggerBuf.oea8fnv (.text:xdc_runtime_LoggerBuf_write8__E)
                  8000dc58    000001b8     sysbios.aea8fnv : BIOS.obj (.text:ti_sysbios_knl_Clock_workFunc__E)
                  8000de10    000001b0                     : BIOS.obj (.text:ti_sysbios_knl_Swi_run__I)
                  8000dfc0    000001b0                     : BIOS.obj (.text:ti_sysbios_timers_dmtimer_Timer_deviceConfig__I)
                  8000e170    000001a8     ti.targets.arm.rtsarm.aea8fnv : Error.oea8fnv (.text:xdc_runtime_Error_policyDefault__E)
                  8000e318    000001a4                                   : Core-mem.oea8fnv (.text:xdc_runtime_Core_createObject__I)
                  8000e4bc    00000188     app_pea8fnv.oea8fnv (.text:xdc_runtime_System_printfExtend__I)
                  8000e644    00000180     rtsv7A8_A_le_n_v3_eabi.lib : memcpy32.obj (.text)
                  8000e7c4    00000178     sysbios.aea8fnv : BIOS.obj (.text:ti_sysbios_family_arm_a8_Cache_startup__I)
                  8000e93c    0000015c                     : BIOS.obj (.text:ti_sysbios_family_arm_a8_intcps_Hwi_Module_startup__E)
                  8000ea98    0000015c                     : BIOS.obj (.text:ti_sysbios_knl_Task_yield__E)
                  8000ebf4    00000154     ti.targets.arm.rtsarm.aea8fnv : Startup.oea8fnv (.text:xdc_runtime_Startup_startMods__I)
                  8000ed48    00000144                                   : Core-smem.oea8fnv (.text:xdc_runtime_Core_constructObject__I)
                  8000ee8c    0000013c     sysbios.aea8fnv : BIOS.obj (.text:ti_sysbios_knl_Task_schedule__I)
                  8000efc8    0000013c                     : BIOS.obj (.text:ti_sysbios_knl_Task_startCore__E)
                  8000f104    0000013c                     : BIOS.obj (.text:ti_sysbios_timers_dmtimer_Timer_setPeriodMicroSecs__E)
                  8000f240    00000138     ti.targets.arm.rtsarm.aea8fnv : LoggerBuf.oea8fnv (.text:xdc_runtime_LoggerBuf_write4__E)
                  8000f378    00000134     sysbios.aea8fnv : BIOS.obj (.text:ti_sysbios_knl_Task_checkStacks__E)
                  8000f4ac    00000130                     : BIOS.obj (.text:ti_sysbios_knl_Task_exit__E)
                  8000f5dc    00000124                     : BIOS.obj (.text:ti_sysbios_gates_GateMutex_enter__E)
                  8000f700    00000124                     : BIOS.obj (.text:ti_sysbios_knl_Swi_post__E)
                  8000f824    00000108                     : BIOS.obj (.text:ti_sysbios_knl_Semaphore_Instance_init__E)
                  8000f92c    00000104                     : BIOS.obj (.text:ti_sysbios_knl_Task_postInit__I)
                  8000fa30    000000fc                     : BIOS.obj (.text:ti_sysbios_knl_Task_blockI__E)
                  8000fb2c    000000fc                     : BIOS.obj (.text:ti_sysbios_knl_Task_unblockI__E)
                  8000fc28    000000f2     ti.targets.arm.rtsarm.aea8fnv : Text.oea8fnv (.text:xdc_runtime_Text_putSite__E)

.text.2    0    8000fd1c    00003674     
                  8000fd1c    000000f0     rtsv7A8_A_le_n_v3_eabi.lib : u_div32.obj (.text)
                  8000fe0c    000000f0     sysbios.aea8fnv : BIOS.obj (.text:ti_sysbios_family_arm_a8_intcps_Hwi_disableInterrupt__E)
                  8000fefc    000000f0                     : BIOS.obj (.text:ti_sysbios_family_arm_a8_intcps_Hwi_enableInterrupt__E)
                  8000ffec    000000ec     auto_init.aea8fnv : auto_init.oea8fnv (.text)
                  800100d8    000000ec     ti.targets.arm.rtsarm.aea8fnv : LoggerBuf.oea8fnv (.text:xdc_runtime_LoggerBuf_setFilterLevel__E)
                  800101c4    000000dc     sysbios.aea8fnv : BIOS.obj (.text:ti_sysbios_timers_dmtimer_Timer_start__E)
                  800102a0    000000d8     ti.targets.arm.rtsarm.aea8fnv : Text.oea8fnv (.text:xdc_runtime_Text_putMod__E)
                  80010378    000000d0     sysbios.aea8fnv : exc_Exception_asm.obj (.text:ti_sysbios_family_arm_exc_Exception_excHandlerAsm__I)
                  80010448    000000c4     ti.targets.arm.rtsarm.aea8fnv : LoggerBuf.oea8fnv (.text:xdc_runtime_LoggerBuf_getFilterLevel__E)
                  8001050c    000000c0     sysbios.aea8fnv : intcps_Hwi_asm.obj (.text:ti_sysbios_family_arm_a8_intcps_Hwi_dispatchIRQ__I)
                  800105cc    000000b8                     : BIOS.obj (.text:ti_sysbios_knl_Swi_restoreHwi__E)
                  80010684    000000b4                     : BIOS.obj (.text:ti_sysbios_timers_dmtimer_Timer_Module_startup__E)
                  80010738    000000b4     ti.targets.arm.rtsarm.aea8fnv : Memory.oea8fnv (.text:xdc_runtime_Memory_alloc__E)
                  800107ec    000000b0     rtsv7A8_A_le_n_v3_eabi.lib : memset32.obj (.text)
                  8001089c    000000a4                                : trgmsg.obj (.text)
                  80010940    000000a0                                : copy_decompress_rle.obj (.text)
                  800109e0    0000009f     ti.targets.arm.rtsarm.aea8fnv : Text.oea8fnv (.text:xdc_runtime_Text_putLab__E)
                  80010a7f    00000001     --HOLE-- [fill = 0]
                  80010a80    0000009c     sysbios.aea8fnv : BIOS.obj (.text:ti_sysbios_knl_Clock_logTick__E)
                  80010b1c    00000098     app_pea8fnv.oea8fnv (.text:ti_sysbios_knl_Task_create)
                  80010bb4    00000098     ti.targets.arm.rtsarm.aea8fnv : Core-mem.oea8fnv (.text:xdc_runtime_Core_deleteObject__I)
                  80010c4c    00000098                                   : Error.oea8fnv (.text:xdc_runtime_Error_print__E)
                  80010ce4    00000098     app_pea8fnv.oea8fnv (.text:xdc_runtime_LoggerBuf_Object__create__S)
                  80010d7c    00000098     ti.targets.arm.rtsarm.aea8fnv : System.oea8fnv (.text:xdc_runtime_System_formatNum__I)
                  80010e14    00000094     sysbios.aea8fnv : a8_Cache_asm.obj (.text:ti_sysbios_family_arm_a8_Cache_invL1dAll__E)
                  80010ea8    00000094                     : a8_Cache_asm.obj (.text:ti_sysbios_family_arm_a8_Cache_wbInvAll__E)
                  80010f3c    00000094                     : BIOS.obj (.text:ti_sysbios_timers_dmtimer_Timer_initDevice__I)
                  80010fd0    0000008c                     : intcps_Hwi_asm_switch.obj (.text:_ti_sysbios_family_xxx_Hwi_switchToIsrStack)
                  8001105c    0000008c     ti.targets.arm.rtsarm.aea8fnv : Startup.oea8fnv (.text:xdc_runtime_Startup_exec__E)
                  800110e8    00000088     sysbios.aea8fnv : BIOS.obj (.text:ti_sysbios_family_arm_a8_Mmu_Module_startup__E)
                  80011170    00000084     rtsv7A8_A_le_n_v3_eabi.lib : cpy_tbl.obj (.text)
                  800111f4    00000084     sysbios.aea8fnv : BIOS.obj (.text:ti_sysbios_knl_Swi_schedule__I)
                  80011278    00000084                     : BIOS.obj (.text:ti_sysbios_knl_Task_allBlockedFunction__I)
                  800112fc    00000080                     : BIOS.obj (.text:ti_sysbios_heaps_HeapMem_getStats__E)
                  8001137c    00000080                     : BIOS.obj (.text:ti_sysbios_knl_Swi_runLoop__I)
                  800113fc    00000080     ti.targets.arm.rtsarm.aea8fnv : Text.oea8fnv (.text:xdc_runtime_Text_visitRope2__I)
                  8001147c    0000007c     sysbios.aea8fnv : arm_TaskSupport_asm.obj (.text:_ti_sysbios_family_arm_TaskSupport_buildTaskStack)
                  800114f8    0000007c     ti.targets.arm.rtsarm.aea8fnv : Assert.oea8fnv (.text:xdc_runtime_Assert_raise__I)
                  80011574    00000078     rtsv7A8_A_le_n_v3_eabi.lib : exit.obj (.text)
                  800115ec    00000074     boot.aea8fnv : boot.oea8fnv (.text)
                  80011660    00000074     sysbios.aea8fnv : BIOS.obj (.text:ti_sysbios_family_arm_a8_intcps_Hwi_dispatchFIQC__I)
                  800116d4    00000074                     : BIOS.obj (.text:ti_sysbios_timers_dmtimer_Timer_startup__E)
                  80011748    00000074     ti.targets.arm.rtsarm.aea8fnv : LoggerBuf.oea8fnv (.text:xdc_runtime_LoggerBuf_filterOutEvent__I)
                  800117bc    00000070     sysbios.aea8fnv : BIOS.obj (.text:ti_sysbios_family_arm_a8_Mmu_enable__E)
                  8001182c    00000070     ti.targets.arm.rtsarm.aea8fnv : SysMin.oea8fnv (.text:xdc_runtime_SysMin_flush__E)
                  8001189c    0000006c     sysbios.aea8fnv : BIOS.obj (.text:ti_sysbios_family_arm_a8_intcps_Hwi_getStackInfo__E)
                  80011908    00000068                     : BIOS.obj (.text:ti_sysbios_family_arm_TaskSupport_start__E)
                  80011970    00000068                     : BIOS.obj (.text:ti_sysbios_heaps_HeapMem_init__I)
                  800119d8    00000068     ti.targets.arm.rtsarm.aea8fnv : Error.oea8fnv (.text:xdc_runtime_Error_setX__E)
                  80011a40    00000068                                   : LoggerBuf.oea8fnv (.text:xdc_runtime_LoggerBuf_Instance_init__E)
                  80011aa8    00000064     sysbios.aea8fnv : BIOS.obj (.text:ti_sysbios_family_arm_a8_Cache_disable__E)
                  80011b0c    00000064                     : exc_Exception_asm.obj (.text:ti_sysbios_family_arm_exc_Exception_initCore0__I)
                  80011b70    00000064     ti.targets.arm.rtsarm.aea8fnv : Core-params.oea8fnv (.text:xdc_runtime_Core_assignParams__I)
                  80011bd4    00000060     cpu.obj (.text)
                  80011c34    00000060     sysbios.aea8fnv : BIOS.obj (.text:ti_sysbios_timers_dmtimer_Timer_stop__E)
                  80011c94    00000060     ti.targets.arm.rtsarm.aea8fnv : Text.oea8fnv (.text:xdc_runtime_Text_xprintf__I)
                  80011cf4    0000005c     sysbios.aea8fnv : BIOS.obj (.text:ti_sysbios_knl_Task_restore__E)
                  80011d50    0000005c     ti.targets.arm.rtsarm.aea8fnv : Core-label.oea8fnv (.text:xdc_runtime_Core_assignLabel__I)
                  80011dac    0000005c                                   : SysMin.oea8fnv (.text:xdc_runtime_SysMin_putch__E)
                  80011e08    00000058     sysbios.aea8fnv : BIOS.obj (.text:ti_sysbios_family_arm_a8_intcps_Hwi_nonPluggedHwiHandler__I)
                  80011e60    00000058                     : BIOS.obj (.text:ti_sysbios_hal_Hwi_checkStack)
                  80011eb8    00000058                     : BIOS.obj (.text:ti_sysbios_knl_Swi_startup__E)
                  80011f10    00000058     ti.targets.arm.rtsarm.aea8fnv : SysMin.oea8fnv (.text:xdc_runtime_SysMin_abort__E)
                  80011f68    00000054     sysbios.aea8fnv : BIOS.obj (.text:ti_sysbios_knl_Semaphore_pendTimeout__I)
                  80011fbc    00000054                     : BIOS.obj (.text:ti_sysbios_knl_Task_processVitalTaskFlag__I)
                  80012010    00000054     ti.targets.arm.rtsarm.aea8fnv : System.oea8fnv (.text:xdc_runtime_System_atexit__E)
                  80012064    00000054                                   : System.oea8fnv (.text:xdc_runtime_System_putchar__I)
                  800120b8    00000053                                   : Text.oea8fnv (.text:xdc_runtime_Text_printVisFxn__I)
                  8001210b    00000001     --HOLE-- [fill = 0]
                  8001210c    00000050     app_pea8fnv.oea8fnv (.text:ti_sysbios_gates_GateHwi_Object__create__S)
                  8001215c    00000050     app_pea8fnv.oea8fnv (.text:ti_sysbios_gates_GateMutex_Object__create__S)
                  800121ac    00000050     app_pea8fnv.oea8fnv (.text:ti_sysbios_heaps_HeapMem_Object__create__S)
                  800121fc    00000050     app_pea8fnv.oea8fnv (.text:ti_sysbios_knl_Semaphore_construct)
                  8001224c    0000004c     sysbios.aea8fnv : BIOS.obj (.text:ti_sysbios_family_arm_a8_TimestampProvider_get64__E)
                  80012298    0000004c                     : BIOS.obj (.text:ti_sysbios_hal_Hwi_initStack)
                  800122e4    00000048     app_pea8fnv.oea8fnv (.text:ti_sysbios_knl_Queue_construct)
                  8001232c    00000048     ti.targets.arm.rtsarm.aea8fnv : System.oea8fnv (.text:xdc_runtime_System_processAtExit__E)
                  80012374    00000044     app_pea8fnv.oea8fnv (.text:ti_sysbios_BIOS_atExitFunc__I)
                  800123b8    00000044     app_pea8fnv.oea8fnv (.text:ti_sysbios_knl_Clock_doTick__I)
                  800123fc    00000044     sysbios.aea8fnv : BIOS.obj (.text:ti_sysbios_knl_Task_restoreHwi__E)
                  80012440    00000044     app_pea8fnv.oea8fnv (.text:xdc_runtime_SysMin_output__I)
                  80012484    00000044     ti.targets.arm.rtsarm.aea8fnv : Text.oea8fnv (.text:xdc_runtime_Text_cordText__E)
                  800124c8    00000040     sysbios.aea8fnv : BIOS.obj (.text:ti_sysbios_family_arm_a8_Cache_enable__E)
                  80012508    00000040     ti.targets.arm.rtsarm.aea8fnv : LoggerBuf.oea8fnv (.text:xdc_runtime_LoggerBuf_Module_startup__E)
                  80012548    00000040                                   : System.oea8fnv (.text:xdc_runtime_System_avprintf__E)
                  80012588    0000003c     sysbios.aea8fnv : BIOS.obj (.text:ti_sysbios_family_arm_a8_TimestampProvider_autoRefreshFxn__I)
                  800125c4    0000003c                     : BIOS.obj (.text:ti_sysbios_knl_Swi_Module_startup__E)
                  80012600    0000003c                     : BIOS.obj (.text:ti_sysbios_timers_dmtimer_Timer_stub__E)
                  8001263c    0000003c     ti.targets.arm.rtsarm.aea8fnv : System.oea8fnv (.text:xdc_runtime_System_vprintf__E)
                  80012678    00000038     sysbios.aea8fnv : a8_Cache_asm.obj (.text:ti_sysbios_family_arm_a8_Cache_getEnabled__E)
                  800126b0    00000038     ti.targets.arm.rtsarm.aea8fnv : LoggerBuf.oea8fnv (.text:xdc_runtime_LoggerBuf_reset__E)
                  800126e8    00000034     app_pea8fnv.oea8fnv (.text:ti_sysbios_gates_GateMutex_Object__delete__S)
                  8001271c    00000034     sysbios.aea8fnv : BIOS.obj (.text:ti_sysbios_knl_Clock_Module_startup__E)
                  80012750    00000034                     : BIOS.obj (.text:ti_sysbios_knl_Idle_run__E)
                  80012784    00000034                     : BIOS.obj (.text:ti_sysbios_knl_Task_enter__I)
                  800127b8    00000034     app_pea8fnv.oea8fnv (.text:xdc_runtime_LoggerBuf_Object__delete__S)
                  800127ec    00000034     ti.targets.arm.rtsarm.aea8fnv : Registry.oea8fnv (.text:xdc_runtime_Registry_findById__E)
                  80012820    00000034                                   : SysMin.oea8fnv (.text:xdc_runtime_SysMin_Module_startup__E)
                  80012854    00000030     sysbios.aea8fnv : a8_Mmu_asm.obj (.text:_ti_sysbios_family_arm_a8_Mmu_enableAsm)
                  80012884    00000030     app_pea8fnv.oea8fnv (.text:ti_sysbios_BIOS_errorRaiseHook__I)
                  800128b4    00000030     app_pea8fnv.oea8fnv (.text:ti_sysbios_gates_GateHwi_Object__delete__S)
                  800128e4    00000030     sysbios.aea8fnv : BIOS.obj (.text:ti_sysbios_gates_GateMutex_Instance_init__E)
                  80012914    00000030     app_pea8fnv.oea8fnv (.text:ti_sysbios_heaps_HeapMem_Object__delete__S)
                  80012944    00000030     ti.targets.arm.rtsarm.aea8fnv : Error.oea8fnv (.text:xdc_runtime_Error_raiseX__E)
                  80012974    00000030                                   : Memory.oea8fnv (.text:xdc_runtime_Memory_valloc__E)
                  800129a4    00000030                                   : SysMin.oea8fnv (.text:xdc_runtime_SysMin_exit__E)
                  800129d4    0000002c     app_pea8fnv.oea8fnv (.text:ti_sysbios_gates_GateHwi_Handle__label__S)
                  80012a00    0000002c     app_pea8fnv.oea8fnv (.text:ti_sysbios_gates_GateMutex_Handle__label__S)
                  80012a2c    0000002c     sysbios.aea8fnv : BIOS.obj (.text:ti_sysbios_gates_GateMutex_leave__E)
                  80012a58    0000002c     app_pea8fnv.oea8fnv (.text:ti_sysbios_heaps_HeapMem_Handle__label__S)
                  80012a84    0000002c     app_pea8fnv.oea8fnv (.text:ti_sysbios_knl_Semaphore_Object__destruct__S)
                  80012ab0    0000002c     ti.targets.arm.rtsarm.aea8fnv : Error.oea8fnv (.text:xdc_runtime_Error_check__E)
                  80012adc    0000002c     app_pea8fnv.oea8fnv (.text:xdc_runtime_LoggerBuf_Handle__label__S)
                  80012b08    00000028     app_pea8fnv.oea8fnv (.text:ti_sysbios_family_arm_a8_intcps_Hwi_Module__startupDone__F)
                  80012b30    00000028     app_pea8fnv.oea8fnv (.text:ti_sysbios_family_arm_a8_ti81xx_TimerSupport_Module__startupDone__F)
                  80012b58    00000028     app_pea8fnv.oea8fnv (.text:ti_sysbios_knl_Queue_Object__destruct__S)
                  80012b80    00000028     app_pea8fnv.oea8fnv (.text:ti_sysbios_timers_dmtimer_Timer_Module__startupDone__F)
                  80012ba8    00000028     ti.targets.arm.rtsarm.aea8fnv : System.oea8fnv (.text:xdc_runtime_System_abort__E)
                  80012bd0    00000028     app_pea8fnv.oea8fnv (.text:xdc_runtime_System_aprintf__E)
                  80012bf8    00000028     app_pea8fnv.oea8fnv (.text:xdc_runtime_System_printf__E)
                  80012c20    00000024     rtsv7A8_A_le_n_v3_eabi.lib : _lock.obj (.text)
                  80012c44    00000024     app_pea8fnv.oea8fnv (.text:ti_sysbios_BIOS_startFunc__I)
                  80012c68    00000024     sysbios.aea8fnv : intcps_Hwi_asm.obj (.text:ti_sysbios_family_arm_a8_intcps_Hwi_init__I)
                  80012c8c    00000024                     : BIOS.obj (.text:ti_sysbios_knl_Task_sleepTimeout__I)
                  80012cb0    00000024     ti.targets.arm.rtsarm.aea8fnv : System.oea8fnv (.text:xdc_runtime_System_exit__E)
                  80012cd4    00000020     sysbios.aea8fnv : a8_Mmu_asm.obj (.text:_ti_sysbios_family_arm_a8_Mmu_disableAsm)
                  80012cf4    00000020     rtsv7A8_A_le_n_v3_eabi.lib : args_main.obj (.text)
                  80012d14    00000020     sysbios.aea8fnv : BIOS.obj (.text:ti_sysbios_family_arm_a8_intcps_Hwi_startup__E)
                  80012d34    00000020     ti.targets.arm.rtsarm.aea8fnv : LoggerBuf.oea8fnv (.text:xdc_runtime_LoggerBuf_Instance_finalize__E)
                  80012d54    00000020                                   : LoggerBuf.oea8fnv (.text:xdc_runtime_LoggerBuf_write2__E)
                  80012d74    0000001c     sysbios.aea8fnv : arm_TaskSupport_asm.obj (.text:_ti_sysbios_family_arm_TaskSupport_glue)
                  80012d90    0000001c     rtsv7A8_A_le_n_v3_eabi.lib : strlen.obj (.text)
                  80012dac    0000001c     app_pea8fnv.oea8fnv (.text:ti_sysbios_BIOS_exitFunc__I)
                  80012dc8    0000001c     sysbios.aea8fnv : a8_Cache_asm.obj (.text:ti_sysbios_family_arm_a8_Cache_disableBP__E)
                  80012de4    0000001c                     : a8_Cache_asm.obj (.text:ti_sysbios_family_arm_a8_Cache_disableL1d__I)
                  80012e00    0000001c                     : a8_Cache_asm.obj (.text:ti_sysbios_family_arm_a8_Cache_enableBP__E)
                  80012e1c    0000001c                     : a8_TimestampProvider_asm.obj (.text:ti_sysbios_family_arm_a8_TimestampProvider_initCCNT__I)
                  80012e38    0000001c     app_pea8fnv.oea8fnv (.text:ti_sysbios_heaps_HeapMem_Object__get__S)
                  80012e54    0000001c     app_pea8fnv.oea8fnv (.text:ti_sysbios_knl_Swi_Object__get__S)
                  80012e70    0000001c     app_pea8fnv.oea8fnv (.text:xdc_runtime_LoggerBuf_Object__get__S)
                  80012e8c    0000001c     ti.targets.arm.rtsarm.aea8fnv : LoggerBuf.oea8fnv (.text:xdc_runtime_LoggerBuf_write0__E)
                  80012ea8    0000001c                                   : LoggerBuf.oea8fnv (.text:xdc_runtime_LoggerBuf_write1__E)
                  80012ec4    0000001c     app_pea8fnv.oea8fnv (.text:xdc_runtime_Startup_exec__I)
                  80012ee0    0000001c     ti.targets.arm.rtsarm.aea8fnv : SysMin.oea8fnv (.text:xdc_runtime_SysMin_ready__E)
                  80012efc    0000001c                                   : System.oea8fnv (.text:xdc_runtime_System_vsnprintf__E)
                  80012f18    0000001c                                   : Text.oea8fnv (.text:xdc_runtime_Text_ropeText__E)
                  80012f34    00000018     sysbios.aea8fnv : arm_TaskSupport_asm.obj (.text:_ti_sysbios_family_arm_TaskSupport_swap__E)
                  80012f4c    00000018     rtsv7A8_A_le_n_v3_eabi.lib : strcpy.obj (.text)
                  80012f64    00000018     sysbios.aea8fnv : BIOS.obj (.text:ti_sysbios_BIOS_exit__E)
                  80012f7c    00000018                     : BIOS.obj (.text:ti_sysbios_BIOS_setThreadType__E)
                  80012f94    00000018                     : BIOS.obj (.text:ti_sysbios_BIOS_start__E)
                  80012fac    00000018                     : BIOS.obj (.text:ti_sysbios_hal_Hwi_Module_startup__E)
                  80012fc4    00000018                     : BIOS.obj (.text:ti_sysbios_hal_Timer_Module_startup__E)
                  80012fdc    00000018                     : BIOS.obj (.text:ti_sysbios_knl_Queue_empty__E)
                  80012ff4    00000018                     : BIOS.obj (.text:ti_sysbios_knl_Swi_disable__E)
                  8001300c    00000018     app_pea8fnv.oea8fnv (.text:ti_sysbios_knl_Task_Object__get__S)
                  80013024    00000018     sysbios.aea8fnv : BIOS.obj (.text:ti_sysbios_knl_Task_disable__E)
                  8001303c    00000018     ti.targets.arm.rtsarm.aea8fnv : Error.oea8fnv (.text:xdc_runtime_Error_init__E)
                  80013054    00000018     app_pea8fnv.oea8fnv (.text:xdc_runtime_Text_visitRope__I)
                  8001306c    00000014     sysbios.aea8fnv : a8_Mmu_asm.obj (.text:_ti_sysbios_family_arm_a8_Mmu_init)
                  80013080    00000014                     : a8_Mmu_asm.obj (.text:_ti_sysbios_family_arm_a8_Mmu_isEnabled)
                  80013094    00000014     rtsv7A8_A_le_n_v3_eabi.lib : copy_decompress_none.obj (.text:decompress:none)
                  800130a8    00000014     sysbios.aea8fnv : BIOS.obj (.text:ti_sysbios_family_arm_TaskSupport_checkStack__E)
                  800130bc    00000014                     : a8_Cache_asm.obj (.text:ti_sysbios_family_arm_a8_Cache_disableL1p__I)
                  800130d0    00000014                     : a8_Cache_asm.obj (.text:ti_sysbios_family_arm_a8_Cache_enableL1p__I)
                  800130e4    00000014                     : BIOS.obj (.text:ti_sysbios_family_arm_a8_intcps_Hwi_clearInterrupt__E)
                  800130f8    00000014                     : BIOS.obj (.text:ti_sysbios_family_arm_a8_intcps_Hwi_switchFromBootStack__E)
                  8001310c    00000014                     : BIOS.obj (.text:ti_sysbios_gates_GateMutex_Instance_finalize__E)
                  80013120    00000014                     : BIOS.obj (.text:ti_sysbios_knl_Semaphore_Instance_finalize__E)
                  80013134    00000014     ti.targets.arm.rtsarm.aea8fnv : Gate.oea8fnv (.text:xdc_runtime_Gate_leaveSystem__E)
                  80013148    00000014     app_pea8fnv.oea8fnv (.text:xdc_runtime_IHeap_alloc)
                  8001315c    00000014     app_pea8fnv.oea8fnv (.text:xdc_runtime_IHeap_free)
                  80013170    00000014     ti.targets.arm.rtsarm.aea8fnv : LoggerBuf.oea8fnv (.text:xdc_runtime_LoggerBuf_disable__E)
                  80013184    00000014                                   : LoggerBuf.oea8fnv (.text:xdc_runtime_LoggerBuf_enable__E)
                  80013198    00000014                                   : Memory.oea8fnv (.text:xdc_runtime_Memory_calloc__E)
                  800131ac    00000014                                   : Memory.oea8fnv (.text:xdc_runtime_Memory_free__E)
                  800131c0    00000010     rtsv7A8_A_le_n_v3_eabi.lib : copy_zero_init.obj (.text:decompress:ZI)
                  800131d0    00000010     sysbios.aea8fnv : BIOS.obj (.text:ti_sysbios_BIOS_getCpuFreq__E)
                  800131e0    00000010                     : BIOS.obj (.text:ti_sysbios_family_arm_TaskSupport_getStackAlignment__E)
                  800131f0    00000010                     : a8_Cache_asm.obj (.text:ti_sysbios_family_arm_a8_Cache_disableL2__I)
                  80013200    00000010                     : a8_Cache_asm.obj (.text:ti_sysbios_family_arm_a8_Cache_enableL1d__I)
                  80013210    00000010                     : a8_Cache_asm.obj (.text:ti_sysbios_family_arm_a8_Cache_enableL2__I)
                  80013220    00000010                     : BIOS.obj (.text:ti_sysbios_family_arm_a8_TimestampProvider_Module_startup__E)
                  80013230    00000010                     : intcps_Hwi_asm.obj (.text:ti_sysbios_family_arm_a8_intcps_Hwi_initVbar__I)
                  80013240    00000010                     : BIOS.obj (.text:ti_sysbios_family_arm_exc_Exception_Module_startup__E)
                  80013250    00000010                     : BIOS.obj (.text:ti_sysbios_gates_GateHwi_enter__E)
                  80013260    00000010     app_pea8fnv.oea8fnv (.text:ti_sysbios_knl_Queue_Object__get__S)
                  80013270    00000010     ti.targets.arm.rtsarm.aea8fnv : Gate.oea8fnv (.text:xdc_runtime_Gate_enterSystem__E)
                  80013280    00000010                                   : Memory.oea8fnv (.text:xdc_runtime_Memory_getMaxDefaultTypeAlign__E)
                  80013290    00000010                                   : Startup.oea8fnv (.text:xdc_runtime_Startup_rtsDone__E)
                  800132a0    0000000c     cpu.obj (.text:CPUIntStatus)
                  800132ac    0000000c     sysbios.aea8fnv : a8_Cache_asm.obj (.text:ti_sysbios_family_arm_a8_Cache_getCacheLevelInfo__I)
                  800132b8    0000000c                     : BIOS.obj (.text:ti_sysbios_knl_Idle_loop__E)
                  800132c4    0000000c                     : BIOS.obj (.text:ti_sysbios_knl_Queue_Instance_init__E)
                  800132d0    0000000c                     : BIOS.obj (.text:ti_sysbios_timers_dmtimer_Timer_getMaxTicks__E)
                  800132dc    00000008     ti.targets.arm.rtsarm.aea8fnv : xdc_noinit.oea8fnv (.text:__xdc__init)
                  800132e4    00000008     sysbios.aea8fnv : a8_Mmu_asm.obj (.text:_ti_sysbios_family_arm_a8_Mmu_setDomainAccessCtrlReg)
                  800132ec    00000008     rtsv7A8_A_le_n_v3_eabi.lib : copy_decompress_rle.obj (.text:decompress:rle24)
                  800132f4    00000008     app_pea8fnv.oea8fnv (.text:ti_sysbios_family_arm_TaskSupport_Module__startupDone__S)
                  800132fc    00000008     sysbios.aea8fnv : a8_Cache_asm.obj (.text:ti_sysbios_family_arm_a8_Cache_getLockdownReg__I)
                  80013304    00000008                     : a8_Cache_asm.obj (.text:ti_sysbios_family_arm_a8_Cache_invL1pAll__E)
                  8001330c    00000008                     : a8_Cache_asm.obj (.text:ti_sysbios_family_arm_a8_Cache_setLockdownReg__I)
                  80013314    00000008                     : a8_TimestampProvider_asm.obj (.text:ti_sysbios_family_arm_a8_TimestampProvider_get32__E)
                  8001331c    00000008                     : BIOS.obj (.text:ti_sysbios_family_arm_a8_ti81xx_TimerSupport_Module_startup__E)
                  80013324    00000008                     : BIOS.obj (.text:ti_sysbios_gates_GateHwi_leave__E)
                  8001332c    00000008                     : BIOS.obj (.text:ti_sysbios_gates_GateHwi_query__E)
                  80013334    00000008                     : BIOS.obj (.text:ti_sysbios_gates_GateMutex_query__E)
                  8001333c    00000008                     : BIOS.obj (.text:ti_sysbios_heaps_HeapMem_isBlocking__E)
                  80013344    00000008     ti.targets.arm.rtsarm.aea8fnv : Error.oea8fnv (.text:xdc_runtime_Error_getSite__E)
                  8001334c    00000008                                   : System.oea8fnv (.text:xdc_runtime_System_Module_startup__E)
                  80013354    00000004     rtsv7A8_A_le_n_v3_eabi.lib : i_div0.obj (.text)
                  80013358    00000004     sysbios.aea8fnv : BIOS.obj (.text:ti_sysbios_family_arm_a8_ti81xx_TimerSupport_enable__E)
                  8001335c    00000004                     : BIOS.obj (.text:ti_sysbios_gates_GateHwi_Instance_init__E)
                  80013360    00000004     app_pea8fnv.oea8fnv (.text:ti_sysbios_heaps_HeapMem_Module_GateProxy_enter__E)
                  80013364    00000004     app_pea8fnv.oea8fnv (.text:ti_sysbios_heaps_HeapMem_Module_GateProxy_leave__E)
                  80013368    00000004     app_pea8fnv.oea8fnv (.text:ti_sysbios_knl_Clock_TimerProxy_getMaxTicks__E)
                  8001336c    00000004     app_pea8fnv.oea8fnv (.text:ti_sysbios_knl_Queue_destruct)
                  80013370    00000004     app_pea8fnv.oea8fnv (.text:ti_sysbios_knl_Semaphore_destruct)
                  80013374    00000004     sysbios.aea8fnv : BIOS.obj (.text:ti_sysbios_knl_Task_startup__E)
                  80013378    00000004     app_pea8fnv.oea8fnv (.text:xdc_runtime_LoggerBuf_Module_GateProxy_enter__E)
                  8001337c    00000004     app_pea8fnv.oea8fnv (.text:xdc_runtime_LoggerBuf_Module_GateProxy_leave__E)
                  80013380    00000004     app_pea8fnv.oea8fnv (.text:xdc_runtime_System_Module_GateProxy_enter__E)
                  80013384    00000004     app_pea8fnv.oea8fnv (.text:xdc_runtime_System_Module_GateProxy_leave__E)
                  80013388    00000004     ti.targets.arm.rtsarm.aea8fnv : System.oea8fnv (.text:xdc_runtime_System_aprintf_va__F)
                  8001338c    00000004                                   : System.oea8fnv (.text:xdc_runtime_System_printf_va__F)

.data      0    80013390    00005850     UNINITIALIZED
                  80013390    00000310     app_pea8fnv.oea8fnv (.data:ti_sysbios_family_arm_a8_intcps_Hwi_Object__table__V)
                  800136a0    00000250     app_pea8fnv.oea8fnv (.data:ti_sysbios_family_arm_a8_intcps_Hwi_Module__state__V)
                  800138f0    000001a8     app_pea8fnv.oea8fnv (.data)
                  80013a98    0000018c     main.obj (.data:PimState1)
                  80013c24    00000154     am335x_clock_data.obj (.data:clk24MhzClkDomain)
                  80013d78    00000154     am335x_clock_data.obj (.data:cpsw125MhzClkDomain)
                  80013ecc    00000154     am335x_clock_data.obj (.data:l3sClkDomain)
                  80014020    00000154     am335x_clock_data.obj (.data:l4WkupAonClkDomain)
                  80014174    00000154     am335x_clock_data.obj (.data:l4fwClkDomain)
                  800142c8    00000154     am335x_clock_data.obj (.data:l4hsClkDomain)
                  8001441c    00000154     am335x_clock_data.obj (.data:l4lsClkDomain)
                  80014570    00000154     am335x_clock_data.obj (.data:lcdcClkDomain)
                  800146c4    00000154     am335x_clock_data.obj (.data:mpuClkDomain)
                  80014818    00000154     am335x_clock_data.obj (.data:perL3ClkDomain)
                  8001496c    00000154     am335x_clock_data.obj (.data:rtcClkDomain)
                  80014ac0    00000154     am335x_clock_data.obj (.data:wkupClkDomain)
                  80014c14    000000e0     app_pea8fnv.oea8fnv (.data:ti_sysbios_hal_Hwi_Object__table__V)
                  80014cf4    000000a8     main.obj (.data)
                  80014d9c    00000098     app_pea8fnv.oea8fnv (.data:ti_sysbios_knl_Task_Object__table__V)
                  80014e34    00000094     am335x_clock_data.obj (.data:ModuleClockList)
                  80014ec8    00000080     am335x_clock_data.obj (.data:dpllCore)
                  80014f48    00000080     am335x_clock_data.obj (.data:dpllDDR)
                  80014fc8    00000080     am335x_clock_data.obj (.data:dpllMpu)
                  80015048    00000080     am335x_clock_data.obj (.data:dpllPer)
                  800150c8    00000080     app_pea8fnv.oea8fnv (.data:ti_sysbios_knl_Swi_Module_State_0_readyQ__A)
                  80015148    00000080     app_pea8fnv.oea8fnv (.data:ti_sysbios_knl_Task_Module_State_0_readyQ__A)
                  800151c8    0000005c     app_pea8fnv.oea8fnv (.data:ti_sysbios_timers_dmtimer_Timer_Object__table__V)
                  80015224    00000058     am335x_clock_data.obj (.data:adcFclkClock)
                  8001527c    00000058     am335x_clock_data.obj (.data:adcTscIclkClock)
                  800152d4    00000058     am335x_clock_data.obj (.data:clk192MhzClock)
                  8001532c    00000058     am335x_clock_data.obj (.data:clk24MhzGclkClock)
                  80015384    00000058     am335x_clock_data.obj (.data:clk32768Clock)
                  800153dc    00000058     am335x_clock_data.obj (.data:clk32KhzClock)
                  80015434    00000058     am335x_clock_data.obj (.data:clk32KhzTimerClock)
                  8001548c    00000058     am335x_clock_data.obj (.data:core100MClock)
                  800154e4    00000058     am335x_clock_data.obj (.data:corePllM4Clock)
                  8001553c    00000058     am335x_clock_data.obj (.data:corePllM5Clock)
                  80015594    00000058     am335x_clock_data.obj (.data:cpsw125MhzGclkClock)
                  800155ec    00000058     am335x_clock_data.obj (.data:cpsw125MhzIclkClock)
                  80015644    00000058     am335x_clock_data.obj (.data:cpsw250MhzFclkClock)
                  8001569c    00000058     am335x_clock_data.obj (.data:cpsw250MhzGclkClock)
                  800156f4    00000058     am335x_clock_data.obj (.data:cpsw50MhzFclkClock)
                  8001574c    00000058     am335x_clock_data.obj (.data:cpsw50MhzGclkClock)
                  800157a4    00000058     am335x_clock_data.obj (.data:cpsw5MhzFclkClock)
                  800157fc    00000058     am335x_clock_data.obj (.data:cpsw5MhzGclkClock)
                  80015854    00000058     am335x_clock_data.obj (.data:cpswCptsFclkClock)
                  800158ac    00000058     am335x_clock_data.obj (.data:cpswCptsRftGclkClock)
                  80015904    00000058     am335x_clock_data.obj (.data:cpswCptsRftMuxClock)
                  8001595c    00000058     am335x_clock_data.obj (.data:cpswMuxClock)
                  800159b4    00000058     am335x_clock_data.obj (.data:ddrPllM2Clock)
                  80015a0c    00000058     am335x_clock_data.obj (.data:dpllCoreClock)
                  80015a64    00000058     am335x_clock_data.obj (.data:dpllDdrClock)
                  80015abc    00000058     am335x_clock_data.obj (.data:dpllMpuClock)
                  80015b14    00000058     am335x_clock_data.obj (.data:dpllPerClock)
                  80015b6c    00000058     am335x_clock_data.obj (.data:emifFclkClock)
                  80015bc4    00000058     am335x_clock_data.obj (.data:emifGclkClock)
                  80015c1c    00000058     am335x_clock_data.obj (.data:emifIclkClock)
                  80015c74    00000058     am335x_clock_data.obj (.data:epwmss0IclkClock)
                  80015ccc    00000058     am335x_clock_data.obj (.data:epwmss1IclkClock)
                  80015d24    00000058     am335x_clock_data.obj (.data:epwmss2IclkClock)
                  80015d7c    00000058     am335x_clock_data.obj (.data:gpio0GclkClock)
                  80015dd4    00000058     am335x_clock_data.obj (.data:gpio0IclkClock)
                  80015e2c    00000058     am335x_clock_data.obj (.data:gpio0OptClock)
                  80015e84    00000058     am335x_clock_data.obj (.data:gpio1GclkClock)
                  80015edc    00000058     am335x_clock_data.obj (.data:gpio1IclkClock)
                  80015f34    00000058     am335x_clock_data.obj (.data:gpio1OptClock)
                  80015f8c    00000058     am335x_clock_data.obj (.data:gpio3GclkClock)
                  80015fe4    00000058     am335x_clock_data.obj (.data:gpio3IclkClock)
                  8001603c    00000058     am335x_clock_data.obj (.data:gpio3OptClock)
                  80016094    00000058     am335x_clock_data.obj (.data:gpmcIclkClock)
                  800160ec    00000058     am335x_clock_data.obj (.data:i2c0FclkClock)
                  80016144    00000058     am335x_clock_data.obj (.data:i2c0GclkClock)
                  8001619c    00000058     am335x_clock_data.obj (.data:i2c0IclkClock)
                  800161f4    00000058     am335x_clock_data.obj (.data:i2c1FclkClock)
                  8001624c    00000058     am335x_clock_data.obj (.data:i2c1IclkClock)
                  800162a4    00000058     am335x_clock_data.obj (.data:i2cGclkClock)
                  800162fc    00000058     am335x_clock_data.obj (.data:l3GclkClock)
                  80016354    00000058     am335x_clock_data.obj (.data:l3IclkClock)
                  800163ac    00000058     am335x_clock_data.obj (.data:l3l4IcEnableClock)
                  80016404    00000058     am335x_clock_data.obj (.data:l3sGclkClock)
                  8001645c    00000058     am335x_clock_data.obj (.data:l4RtcGclkIclkClock)
                  800164b4    00000058     am335x_clock_data.obj (.data:l4WkupAonGclkClock)
                  8001650c    00000058     am335x_clock_data.obj (.data:l4WkupGclkClock)
                  80016564    00000058     am335x_clock_data.obj (.data:l4WkupIclkClock)
                  800165bc    00000058     am335x_clock_data.obj (.data:l4fwGclkClock)
                  80016614    00000058     am335x_clock_data.obj (.data:l4fwIclkClock)
                  8001666c    00000058     am335x_clock_data.obj (.data:l4lsGclkClock)
                  800166c4    00000058     am335x_clock_data.obj (.data:l4lsIclkClock)
                  8001671c    00000058     am335x_clock_data.obj (.data:lcdL3GclkClock)
                  80016774    00000058     am335x_clock_data.obj (.data:lcdL4sGclkClock)
                  800167cc    00000058     am335x_clock_data.obj (.data:lcdcFclkClock)
                  80016824    00000058     am335x_clock_data.obj (.data:lcdcGclkClock)
                  8001687c    00000058     am335x_clock_data.obj (.data:lcdcL3IclkClock)
                  800168d4    00000058     am335x_clock_data.obj (.data:lcdcL4ClkEnableClock)
                  8001692c    00000058     am335x_clock_data.obj (.data:lcdcL4IclkClock)
                  80016984    00000058     am335x_clock_data.obj (.data:lcdcMuxClock)
                  800169dc    00000058     am335x_clock_data.obj (.data:mailbox0IclkClock)
                  80016a34    00000058     am335x_clock_data.obj (.data:mcasp1FclkClock)
                  80016a8c    00000058     am335x_clock_data.obj (.data:mcasp1IclkClock)
                  80016ae4    00000058     am335x_clock_data.obj (.data:mcaspGclkClock)
                  80016b3c    00000058     am335x_clock_data.obj (.data:mpuIclkClock)
                  80016b94    00000058     am335x_clock_data.obj (.data:mpuPllM2Clock)
                  80016bec    00000058     am335x_clock_data.obj (.data:ocmcramIclkClock)
                  80016c44    00000058     am335x_clock_data.obj (.data:perPllClkdcoldoClock)
                  80016c9c    00000058     am335x_clock_data.obj (.data:rtc32kGclkClock)
                  80016cf4    00000058     am335x_clock_data.obj (.data:rtcFclkClock)
                  80016d4c    00000058     am335x_clock_data.obj (.data:rtcIclkClock)
                  80016da4    00000058     am335x_clock_data.obj (.data:spi0FclkClock)
                  80016dfc    00000058     am335x_clock_data.obj (.data:spi0IclkClock)
                  80016e54    00000058     am335x_clock_data.obj (.data:spiGclkClock)
                  80016eac    00000058     am335x_clock_data.obj (.data:sysClkInClock)
                  80016f04    00000058     am335x_clock_data.obj (.data:sysclk1Clock)
                  80016f5c    00000058     am335x_clock_data.obj (.data:sysclk2Clock)
                  80016fb4    00000058     am335x_clock_data.obj (.data:timer1FclkClock)
                  8001700c    00000058     am335x_clock_data.obj (.data:timer1GclkClock)
                  80017064    00000058     am335x_clock_data.obj (.data:timer1IclkClock)
                  800170bc    00000058     am335x_clock_data.obj (.data:timer2ClkClock)
                  80017114    00000058     am335x_clock_data.obj (.data:timer2FclkClock)
                  8001716c    00000058     am335x_clock_data.obj (.data:timer2GclkClock)
                  800171c4    00000058     am335x_clock_data.obj (.data:timer2IclkClock)
                  8001721c    00000058     am335x_clock_data.obj (.data:timer3ClkClock)
                  80017274    00000058     am335x_clock_data.obj (.data:timer3FclkClock)
                  800172cc    00000058     am335x_clock_data.obj (.data:timer3GclkClock)
                  80017324    00000058     am335x_clock_data.obj (.data:timer3IclkClock)
                  8001737c    00000058     am335x_clock_data.obj (.data:timer4ClkClock)
                  800173d4    00000058     am335x_clock_data.obj (.data:timer4FclkClock)
                  8001742c    00000058     am335x_clock_data.obj (.data:timer4GclkClock)
                  80017484    00000058     am335x_clock_data.obj (.data:timer4IclkClock)
                  800174dc    00000058     am335x_clock_data.obj (.data:timer6ClkClock)
                  80017534    00000058     am335x_clock_data.obj (.data:timer6FclkClock)
                  8001758c    00000058     am335x_clock_data.obj (.data:timer6GclkClock)
                  800175e4    00000058     am335x_clock_data.obj (.data:timer6IclkClock)
                  8001763c    00000058     am335x_clock_data.obj (.data:timer7ClkClock)
                  80017694    00000058     am335x_clock_data.obj (.data:timer7FclkClock)
                  800176ec    00000058     am335x_clock_data.obj (.data:timer7GclkClock)
                  80017744    00000058     am335x_clock_data.obj (.data:timer7IclkClock)
                  8001779c    00000058     am335x_clock_data.obj (.data:tpccIclkClock)
                  800177f4    00000058     am335x_clock_data.obj (.data:tptc0IclkClock)
                  8001784c    00000058     am335x_clock_data.obj (.data:tptc1IclkClock)
                  800178a4    00000058     am335x_clock_data.obj (.data:tptc2IclkClock)
                  800178fc    00000058     am335x_clock_data.obj (.data:uart0FclkClock)
                  80017954    00000058     am335x_clock_data.obj (.data:uart0GclkClock)
                  800179ac    00000058     am335x_clock_data.obj (.data:uart0IclkClock)
                  80017a04    00000058     am335x_clock_data.obj (.data:uartGclkClock)
                  80017a5c    00000058     am335x_clock_data.obj (.data:usb0IclkClock)
                  80017ab4    00000058     am335x_clock_data.obj (.data:usbPllclkClock)
                  80017b0c    00000058     am335x_clock_data.obj (.data:wdt1ClkClock)
                  80017b64    00000058     am335x_clock_data.obj (.data:wdt1FclkClock)
                  80017bbc    00000058     am335x_clock_data.obj (.data:wdt1GclkClock)
                  80017c14    00000058     am335x_clock_data.obj (.data:wdt1IclkClock)
                  80017c6c    00000058     am335x_clock_data.obj (.data:wkupM3IclkClock)
                  80017cc4    00000050     am335x_clock_data.obj (.data:adcTscModClock)
                  80017d14    00000050     am335x_clock_data.obj (.data:cpgmac0ModClock)
                  80017d64    00000050     am335x_clock_data.obj (.data:emifModClock)
                  80017db4    00000050     am335x_clock_data.obj (.data:epwmss0ModClock)
                  80017e04    00000050     am335x_clock_data.obj (.data:epwmss1ModClock)
                  80017e54    00000050     am335x_clock_data.obj (.data:epwmss2ModClock)
                  80017ea4    00000050     am335x_clock_data.obj (.data:gpio0ModClock)
                  80017ef4    00000050     am335x_clock_data.obj (.data:gpio1ModClock)
                  80017f44    00000050     am335x_clock_data.obj (.data:gpio3ModClock)
                  80017f94    00000050     am335x_clock_data.obj (.data:gpmcModClock)
                  80017fe4    00000050     am335x_clock_data.obj (.data:i2c0ModClock)
                  80018034    00000050     am335x_clock_data.obj (.data:i2c1ModClock)
                  80018084    00000050     am335x_clock_data.obj (.data:l3ModClock)
                  800180d4    00000050     am335x_clock_data.obj (.data:l4WkupModClock)
                  80018124    00000050     am335x_clock_data.obj (.data:l4fwModClock)
                  80018174    00000050     am335x_clock_data.obj (.data:l4lsModClock)
                  800181c4    00000050     am335x_clock_data.obj (.data:lcdcModClock)
                  80018214    00000050     am335x_clock_data.obj (.data:mailbox0ModClock)
                  80018264    00000050     am335x_clock_data.obj (.data:mcasp1ModClock)
                  800182b4    00000050     am335x_clock_data.obj (.data:mpuModClock)
                  80018304    00000050     am335x_clock_data.obj (.data:ocmcramModClock)
                  80018354    00000050     am335x_clock_data.obj (.data:rtcModClock)
                  800183a4    00000050     am335x_clock_data.obj (.data:spi0ModClock)
                  800183f4    00000050     am335x_clock_data.obj (.data:timer1ModClock)
                  80018444    00000050     am335x_clock_data.obj (.data:timer2ModClock)
                  80018494    00000050     am335x_clock_data.obj (.data:timer3ModClock)
                  800184e4    00000050     am335x_clock_data.obj (.data:timer4ModClock)
                  80018534    00000050     am335x_clock_data.obj (.data:timer6ModClock)
                  80018584    00000050     am335x_clock_data.obj (.data:timer7ModClock)
                  800185d4    00000050     am335x_clock_data.obj (.data:tpccModClock)
                  80018624    00000050     am335x_clock_data.obj (.data:tptc0ModClock)
                  80018674    00000050     am335x_clock_data.obj (.data:tptc1ModClock)
                  800186c4    00000050     am335x_clock_data.obj (.data:tptc2ModClock)
                  80018714    00000050     am335x_clock_data.obj (.data:uart0ModClock)
                  80018764    00000050     am335x_clock_data.obj (.data:usbModClock)
                  800187b4    00000050     am335x_clock_data.obj (.data:wdt1ModClock)
                  80018804    00000050     am335x_clock_data.obj (.data:wkupM3ModClock)
                  80018854    00000048     app_pea8fnv.oea8fnv (.data:ti_sysbios_timers_dmtimer_Timer_Module_State_0_device__A)
                  8001889c    00000044     app_pea8fnv.oea8fnv (.data:ti_sysbios_knl_Task_Module__state__V)
                  800188e0    0000003c     am335x_clock_data.obj (.data:dpllCoreM4ClkDivider)
                  8001891c    0000003c     am335x_clock_data.obj (.data:dpllCoreM5ClkDivider)
                  80018958    0000003c     am335x_clock_data.obj (.data:dpllDdrM2ClkDivider)
                  80018994    0000003c     am335x_clock_data.obj (.data:dpllMpuM2ClkDivider)
                  800189d0    0000003c     am335x_clock_data.obj (.data:dpllPerClkdcoldoDivider)
                  80018a0c    0000003c     am335x_clock_data.obj (.data:dpllPerM2ClkDivider)
                  80018a48    00000034     app_pea8fnv.oea8fnv (.data:ti_sysbios_family_arm_a8_Cache_Module__state__V)
                  80018a7c    00000030     am335x_clock_data.obj (.data:clockDomainList)
                  80018aac    00000030     app_pea8fnv.oea8fnv (.data:ti_sysbios_knl_Swi_Object__table__V)
                  80018adc    00000030     app_pea8fnv.oea8fnv (.data:ti_sysbios_timers_dmtimer_Timer_Module_State_0_intFreqs__A)
                  80018b0c    0000002c     app_pea8fnv.oea8fnv (.data:ti_sysbios_knl_Clock_Module__state__V)
                  80018b38    00000028     app_pea8fnv.oea8fnv (.data:ti_sysbios_knl_Semaphore_Object__table__V)
                  80018b60    00000024     main.obj (.data:PimCurrentState)
                  80018b84    00000024     app_pea8fnv.oea8fnv (.data:ti_sysbios_BIOS_Module__state__V)
                  80018ba8    00000024     app_pea8fnv.oea8fnv (.data:xdc_runtime_LoggerBuf_Object__table__V)
                  80018bcc    00000008     rtsv7A8_A_le_n_v3_eabi.lib : _lock.obj (.data)
                  80018bd4    00000008                                : exit.obj (.data)
                  80018bdc    00000004                                : stkdepth_vars.obj (.data)

.const     0    8001d840    0000223c     
                  8001d840    00001ae8     app_pea8fnv.oea8fnv (.const:xdc_runtime_Text_charTab__A)
                  8001f328    000000ec     app_pea8fnv.oea8fnv (.const:xdc_runtime_Text_nodeTab__A)
                  8001f414    00000078     app_pea8fnv.oea8fnv (.const)
                  8001f48c    00000048     app_pea8fnv.oea8fnv (.const:.string)
                  8001f4d4    0000003c     app_pea8fnv.oea8fnv (.const:ti_sysbios_knl_Task_Object__PARAMS__C)
                  8001f510    0000003c     app_pea8fnv.oea8fnv (.const:xdc_runtime_LoggerBuf_Module__FXNS__C)
                  8001f54c    00000038     app_pea8fnv.oea8fnv (.const:xdc_runtime_Startup_sfxnTab__A)
                  8001f584    00000028     app_pea8fnv.oea8fnv (.const:ti_sysbios_heaps_HeapMem_Module__FXNS__C)
                  8001f5ac    00000024     app_pea8fnv.oea8fnv (.const:ti_sysbios_gates_GateHwi_Module__FXNS__C)
                  8001f5d0    00000024     app_pea8fnv.oea8fnv (.const:ti_sysbios_gates_GateMutex_Module__FXNS__C)
                  8001f5f4    00000024     app_pea8fnv.oea8fnv (.const:ti_sysbios_heaps_HeapMem_Object__PARAMS__C)
                  8001f618    00000024     app_pea8fnv.oea8fnv (.const:ti_sysbios_knl_Semaphore_Object__PARAMS__C)
                  8001f63c    00000024     app_pea8fnv.oea8fnv (.const:xdc_runtime_LoggerBuf_Object__PARAMS__C)
                  8001f660    00000020     main.obj (.const:.string)
                  8001f680    00000020     app_pea8fnv.oea8fnv (.const:ti_sysbios_gates_GateHwi_Object__DESC__C)
                  8001f6a0    00000020     app_pea8fnv.oea8fnv (.const:ti_sysbios_gates_GateMutex_Object__DESC__C)
                  8001f6c0    00000020     app_pea8fnv.oea8fnv (.const:ti_sysbios_heaps_HeapMem_Object__DESC__C)
                  8001f6e0    00000020     app_pea8fnv.oea8fnv (.const:ti_sysbios_knl_Queue_Object__DESC__C)
                  8001f700    00000020     app_pea8fnv.oea8fnv (.const:ti_sysbios_knl_Semaphore_Object__DESC__C)
                  8001f720    00000020     app_pea8fnv.oea8fnv (.const:ti_sysbios_knl_Task_Object__DESC__C)
                  8001f740    00000020     app_pea8fnv.oea8fnv (.const:xdc_runtime_LoggerBuf_Object__DESC__C)
                  8001f760    0000001c     app_pea8fnv.oea8fnv (.const:xdc_runtime_Startup_sfxnRts__A)
                  8001f77c    00000018     app_pea8fnv.oea8fnv (.const:ti_sysbios_gates_GateHwi_Object__PARAMS__C)
                  8001f794    00000018     app_pea8fnv.oea8fnv (.const:ti_sysbios_gates_GateMutex_Object__PARAMS__C)
                  8001f7ac    00000018     app_pea8fnv.oea8fnv (.const:ti_sysbios_knl_Queue_Object__PARAMS__C)
                  8001f7c4    00000011     ti.targets.arm.rtsarm.aea8fnv : System.oea8fnv (.const:.string)
                  8001f7d5    00000001     app_pea8fnv.oea8fnv (.const:xdc_runtime_Error_policy__C)
                  8001f7d6    00000002     app_pea8fnv.oea8fnv (.const:ti_sysbios_family_arm_a8_Cache_branchPredictionEnabled__C)
                  8001f7d8    0000000c     app_pea8fnv.oea8fnv (.const:xdc_runtime_Startup_firstFxns__A)
                  8001f7e4    00000008     app_pea8fnv.oea8fnv (.const:ti_sysbios_knl_Idle_funcList__A)
                  8001f7ec    00000008     app_pea8fnv.oea8fnv (.const:ti_sysbios_knl_Idle_funcList__C)
                  8001f7f4    00000008     app_pea8fnv.oea8fnv (.const:xdc_runtime_Startup_firstFxns__C)
                  8001f7fc    00000008     app_pea8fnv.oea8fnv (.const:xdc_runtime_Startup_lastFxns__C)
                  8001f804    00000004     app_pea8fnv.oea8fnv (.const:ti_sysbios_family_arm_TaskSupport_stackAlignment__C)
                  8001f808    00000004     app_pea8fnv.oea8fnv (.const:ti_sysbios_family_arm_a8_intcps_Hwi_E_undefined__C)
                  8001f80c    00000004     app_pea8fnv.oea8fnv (.const:ti_sysbios_family_arm_a8_intcps_Hwi_LD_end__C)
                  8001f810    00000004     app_pea8fnv.oea8fnv (.const:ti_sysbios_family_arm_a8_intcps_Hwi_LM_begin__C)
                  8001f814    00000004     app_pea8fnv.oea8fnv (.const:ti_sysbios_family_arm_a8_intcps_Hwi_Module__diagsEnabled__C)
                  8001f818    00000004     app_pea8fnv.oea8fnv (.const:ti_sysbios_family_arm_a8_intcps_Hwi_Module__diagsIncluded__C)
                  8001f81c    00000004     app_pea8fnv.oea8fnv (.const:ti_sysbios_family_arm_a8_intcps_Hwi_Module__diagsMask__C)
                  8001f820    00000004     app_pea8fnv.oea8fnv (.const:ti_sysbios_family_arm_a8_intcps_Hwi_Module__loggerFxn1__C)
                  8001f824    00000004     app_pea8fnv.oea8fnv (.const:ti_sysbios_family_arm_a8_intcps_Hwi_Module__loggerFxn8__C)
                  8001f828    00000004     app_pea8fnv.oea8fnv (.const:ti_sysbios_family_arm_a8_intcps_Hwi_Module__loggerObj__C)
                  8001f82c    00000004     app_pea8fnv.oea8fnv (.const:ti_sysbios_family_arm_a8_intcps_Hwi_NUM_PRIORITIES__C)
                  8001f830    00000004     app_pea8fnv.oea8fnv (.const:ti_sysbios_family_arm_a8_intcps_Hwi_taskDisable__C)
                  8001f834    00000004     app_pea8fnv.oea8fnv (.const:ti_sysbios_family_arm_a8_intcps_Hwi_taskRestoreHwi__C)
                  8001f838    00000004     app_pea8fnv.oea8fnv (.const:ti_sysbios_family_arm_exc_Exception_E_dataAbort__C)
                  8001f83c    00000004     app_pea8fnv.oea8fnv (.const:ti_sysbios_family_arm_exc_Exception_E_prefetchAbort__C)
                  8001f840    00000004     app_pea8fnv.oea8fnv (.const:ti_sysbios_family_arm_exc_Exception_E_swi__C)
                  8001f844    00000004     app_pea8fnv.oea8fnv (.const:ti_sysbios_family_arm_exc_Exception_E_undefinedInstruction__C)
                  8001f848    00000004     app_pea8fnv.oea8fnv (.const:ti_sysbios_family_arm_exc_Exception_excHookFuncs__A)
                  8001f84c    00000004     app_pea8fnv.oea8fnv (.const:ti_sysbios_family_arm_exc_Exception_excHookFuncs__C)
                  8001f850    00000004     app_pea8fnv.oea8fnv (.const:ti_sysbios_gates_GateMutex_A_badContext__C)
                  8001f854    00000004     app_pea8fnv.oea8fnv (.const:ti_sysbios_gates_GateMutex_Instance_State_sem__O)
                  8001f858    00000004     app_pea8fnv.oea8fnv (.const:ti_sysbios_gates_GateMutex_Module__diagsEnabled__C)
                  8001f85c    00000004     app_pea8fnv.oea8fnv (.const:ti_sysbios_gates_GateMutex_Module__diagsIncluded__C)
                  8001f860    00000004     app_pea8fnv.oea8fnv (.const:ti_sysbios_gates_GateMutex_Module__diagsMask__C)
                  8001f864    00000004     app_pea8fnv.oea8fnv (.const:ti_sysbios_hal_Hwi_E_stackOverflow__C)
                  8001f868    00000004     app_pea8fnv.oea8fnv (.const:ti_sysbios_heaps_HeapMem_A_align__C)
                  8001f86c    00000004     app_pea8fnv.oea8fnv (.const:ti_sysbios_heaps_HeapMem_A_heapSize__C)
                  8001f870    00000004     app_pea8fnv.oea8fnv (.const:ti_sysbios_heaps_HeapMem_A_invalidFree__C)
                  8001f874    00000004     app_pea8fnv.oea8fnv (.const:ti_sysbios_heaps_HeapMem_A_zeroBlock__C)
                  8001f878    00000004     app_pea8fnv.oea8fnv (.const:ti_sysbios_heaps_HeapMem_E_memory__C)
                  8001f87c    00000004     app_pea8fnv.oea8fnv (.const:ti_sysbios_heaps_HeapMem_Module__diagsEnabled__C)
                  8001f880    00000004     app_pea8fnv.oea8fnv (.const:ti_sysbios_heaps_HeapMem_Module__diagsIncluded__C)
                  8001f884    00000004     app_pea8fnv.oea8fnv (.const:ti_sysbios_heaps_HeapMem_Module__diagsMask__C)
                  8001f888    00000004     app_pea8fnv.oea8fnv (.const:ti_sysbios_heaps_HeapMem_Module__gateObj__C)
                  8001f88c    00000004     app_pea8fnv.oea8fnv (.const:ti_sysbios_heaps_HeapMem_Object__count__C)
                  8001f890    00000004     app_pea8fnv.oea8fnv (.const:ti_sysbios_heaps_HeapMem_reqAlign__C)
                  8001f894    00000004     app_pea8fnv.oea8fnv (.const:ti_sysbios_knl_Clock_LM_begin__C)
                  8001f898    00000004     app_pea8fnv.oea8fnv (.const:ti_sysbios_knl_Clock_LM_tick__C)
                  8001f89c    00000004     app_pea8fnv.oea8fnv (.const:ti_sysbios_knl_Clock_LW_delayed__C)
                  8001f8a0    00000004     app_pea8fnv.oea8fnv (.const:ti_sysbios_knl_Clock_Module_State_clockQ__O)
                  8001f8a4    00000004     app_pea8fnv.oea8fnv (.const:ti_sysbios_knl_Clock_Module__diagsEnabled__C)
                  8001f8a8    00000004     app_pea8fnv.oea8fnv (.const:ti_sysbios_knl_Clock_Module__diagsIncluded__C)
                  8001f8ac    00000004     app_pea8fnv.oea8fnv (.const:ti_sysbios_knl_Clock_Module__diagsMask__C)
                  8001f8b0    00000004     app_pea8fnv.oea8fnv (.const:ti_sysbios_knl_Clock_Module__loggerFxn1__C)
                  8001f8b4    00000004     app_pea8fnv.oea8fnv (.const:ti_sysbios_knl_Clock_Module__loggerFxn2__C)
                  8001f8b8    00000004     app_pea8fnv.oea8fnv (.const:ti_sysbios_knl_Clock_Module__loggerObj__C)
                  8001f8bc    00000004     app_pea8fnv.oea8fnv (.const:ti_sysbios_knl_Semaphore_A_badContext__C)
                  8001f8c0    00000004     app_pea8fnv.oea8fnv (.const:ti_sysbios_knl_Semaphore_A_noEvents__C)
                  8001f8c4    00000004     app_pea8fnv.oea8fnv (.const:ti_sysbios_knl_Semaphore_A_overflow__C)
                  8001f8c8    00000004     app_pea8fnv.oea8fnv (.const:ti_sysbios_knl_Semaphore_A_pendTaskDisabled__C)
                  8001f8cc    00000004     app_pea8fnv.oea8fnv (.const:ti_sysbios_knl_Semaphore_Instance_State_pendQ__O)
                  8001f8d0    00000004     app_pea8fnv.oea8fnv (.const:ti_sysbios_knl_Semaphore_LM_pend__C)
                  8001f8d4    00000004     app_pea8fnv.oea8fnv (.const:ti_sysbios_knl_Semaphore_LM_post__C)
                  8001f8d8    00000004     app_pea8fnv.oea8fnv (.const:ti_sysbios_knl_Semaphore_Module__diagsEnabled__C)
                  8001f8dc    00000004     app_pea8fnv.oea8fnv (.const:ti_sysbios_knl_Semaphore_Module__diagsIncluded__C)
                  8001f8e0    00000004     app_pea8fnv.oea8fnv (.const:ti_sysbios_knl_Semaphore_Module__diagsMask__C)
                  8001f8e4    00000004     app_pea8fnv.oea8fnv (.const:ti_sysbios_knl_Semaphore_Module__loggerFxn2__C)
                  8001f8e8    00000004     app_pea8fnv.oea8fnv (.const:ti_sysbios_knl_Semaphore_Module__loggerFxn4__C)
                  8001f8ec    00000004     app_pea8fnv.oea8fnv (.const:ti_sysbios_knl_Semaphore_Module__loggerObj__C)
                  8001f8f0    00000004     app_pea8fnv.oea8fnv (.const:ti_sysbios_knl_Swi_LD_end__C)
                  8001f8f4    00000004     app_pea8fnv.oea8fnv (.const:ti_sysbios_knl_Swi_LM_begin__C)
                  8001f8f8    00000004     app_pea8fnv.oea8fnv (.const:ti_sysbios_knl_Swi_LM_post__C)
                  8001f8fc    00000004     app_pea8fnv.oea8fnv (.const:ti_sysbios_knl_Swi_Module__diagsEnabled__C)
                  8001f900    00000004     app_pea8fnv.oea8fnv (.const:ti_sysbios_knl_Swi_Module__diagsIncluded__C)
                  8001f904    00000004     app_pea8fnv.oea8fnv (.const:ti_sysbios_knl_Swi_Module__diagsMask__C)
                  8001f908    00000004     app_pea8fnv.oea8fnv (.const:ti_sysbios_knl_Swi_Module__loggerFxn1__C)
                  8001f90c    00000004     app_pea8fnv.oea8fnv (.const:ti_sysbios_knl_Swi_Module__loggerFxn4__C)
                  8001f910    00000004     app_pea8fnv.oea8fnv (.const:ti_sysbios_knl_Swi_Module__loggerObj__C)
                  8001f914    00000004     app_pea8fnv.oea8fnv (.const:ti_sysbios_knl_Swi_Object__count__C)
                  8001f918    00000004     app_pea8fnv.oea8fnv (.const:ti_sysbios_knl_Task_A_badPriority__C)
                  8001f91c    00000004     app_pea8fnv.oea8fnv (.const:ti_sysbios_knl_Task_A_badTaskState__C)
                  8001f920    00000004     app_pea8fnv.oea8fnv (.const:ti_sysbios_knl_Task_A_badThreadType__C)
                  8001f924    00000004     app_pea8fnv.oea8fnv (.const:ti_sysbios_knl_Task_A_badTimeout__C)
                  8001f928    00000004     app_pea8fnv.oea8fnv (.const:ti_sysbios_knl_Task_A_noPendElem__C)
                  8001f92c    00000004     app_pea8fnv.oea8fnv (.const:ti_sysbios_knl_Task_A_sleepTaskDisabled__C)
                  8001f930    00000004     app_pea8fnv.oea8fnv (.const:ti_sysbios_knl_Task_E_spOutOfBounds__C)
                  8001f934    00000004     app_pea8fnv.oea8fnv (.const:ti_sysbios_knl_Task_E_stackOverflow__C)
                  8001f938    00000004     app_pea8fnv.oea8fnv (.const:ti_sysbios_knl_Task_LD_block__C)
                  8001f93c    00000004     app_pea8fnv.oea8fnv (.const:ti_sysbios_knl_Task_LD_exit__C)
                  8001f940    00000004     app_pea8fnv.oea8fnv (.const:ti_sysbios_knl_Task_LD_ready__C)
                  8001f944    00000004     app_pea8fnv.oea8fnv (.const:ti_sysbios_knl_Task_LM_sleep__C)
                  8001f948    00000004     app_pea8fnv.oea8fnv (.const:ti_sysbios_knl_Task_LM_switch__C)
                  8001f94c    00000004     app_pea8fnv.oea8fnv (.const:ti_sysbios_knl_Task_LM_yield__C)
                  8001f950    00000004     app_pea8fnv.oea8fnv (.const:ti_sysbios_knl_Task_Module_State_inactiveQ__O)
                  8001f954    00000004     app_pea8fnv.oea8fnv (.const:ti_sysbios_knl_Task_Module__diagsEnabled__C)
                  8001f958    00000004     app_pea8fnv.oea8fnv (.const:ti_sysbios_knl_Task_Module__diagsIncluded__C)
                  8001f95c    00000004     app_pea8fnv.oea8fnv (.const:ti_sysbios_knl_Task_Module__diagsMask__C)
                  8001f960    00000004     app_pea8fnv.oea8fnv (.const:ti_sysbios_knl_Task_Module__loggerFxn2__C)
                  8001f964    00000004     app_pea8fnv.oea8fnv (.const:ti_sysbios_knl_Task_Module__loggerFxn4__C)
                  8001f968    00000004     app_pea8fnv.oea8fnv (.const:ti_sysbios_knl_Task_Module__loggerObj__C)
                  8001f96c    00000004     app_pea8fnv.oea8fnv (.const:ti_sysbios_knl_Task_Object__count__C)
                  8001f970    00000004     app_pea8fnv.oea8fnv (.const:ti_sysbios_knl_Task_allBlockedFunc__C)
                  8001f974    00000004     app_pea8fnv.oea8fnv (.const:ti_sysbios_knl_Task_defaultStackHeap__C)
                  8001f978    00000004     app_pea8fnv.oea8fnv (.const:ti_sysbios_knl_Task_defaultStackSize__C)
                  8001f97c    00000004     app_pea8fnv.oea8fnv (.const:ti_sysbios_knl_Task_numConstructedTasks__C)
                  8001f980    00000004     app_pea8fnv.oea8fnv (.const:ti_sysbios_timers_dmtimer_Timer_E_cannotSupport__C)
                  8001f984    00000004     app_pea8fnv.oea8fnv (.const:ti_sysbios_timers_dmtimer_Timer_E_freqMismatch__C)
                  8001f988    00000004     app_pea8fnv.oea8fnv (.const:ti_sysbios_timers_dmtimer_Timer_Module__diagsEnabled__C)
                  8001f98c    00000004     app_pea8fnv.oea8fnv (.const:ti_sysbios_timers_dmtimer_Timer_Module__diagsIncluded__C)
                  8001f990    00000004     app_pea8fnv.oea8fnv (.const:ti_sysbios_timers_dmtimer_Timer_Module__diagsMask__C)
                  8001f994    00000004     app_pea8fnv.oea8fnv (.const:ti_sysbios_timers_dmtimer_Timer_numTimerDevices__C)
                  8001f998    00000004     app_pea8fnv.oea8fnv (.const:xdc_runtime_Assert_E_assertFailed__C)
                  8001f99c    00000004     app_pea8fnv.oea8fnv (.const:xdc_runtime_Core_A_initializedParams__C)
                  8001f9a0    00000004     app_pea8fnv.oea8fnv (.const:xdc_runtime_Core_Module__diagsEnabled__C)
                  8001f9a4    00000004     app_pea8fnv.oea8fnv (.const:xdc_runtime_Core_Module__diagsIncluded__C)
                  8001f9a8    00000004     app_pea8fnv.oea8fnv (.const:xdc_runtime_Core_Module__diagsMask__C)
                  8001f9ac    00000004     app_pea8fnv.oea8fnv (.const:xdc_runtime_Error_E_memory__C)
                  8001f9b0    00000004     app_pea8fnv.oea8fnv (.const:xdc_runtime_Error_Module__diagsEnabled__C)
                  8001f9b4    00000004     app_pea8fnv.oea8fnv (.const:xdc_runtime_Error_Module__diagsIncluded__C)
                  8001f9b8    00000004     app_pea8fnv.oea8fnv (.const:xdc_runtime_Error_Module__diagsMask__C)
                  8001f9bc    00000004     app_pea8fnv.oea8fnv (.const:xdc_runtime_Error_Module__loggerFxn8__C)
                  8001f9c0    00000004     app_pea8fnv.oea8fnv (.const:xdc_runtime_Error_Module__loggerObj__C)
                  8001f9c4    00000004     app_pea8fnv.oea8fnv (.const:xdc_runtime_Error_policyFxn__C)
                  8001f9c8    00000004     app_pea8fnv.oea8fnv (.const:xdc_runtime_Error_raiseHook__C)
                  8001f9cc    00000004     app_pea8fnv.oea8fnv (.const:xdc_runtime_IFilterLogger_Interface__BASE__C)
                  8001f9d0    00000004     app_pea8fnv.oea8fnv (.const:xdc_runtime_IGateProvider_Interface__BASE__C)
                  8001f9d4    00000004     app_pea8fnv.oea8fnv (.const:xdc_runtime_IHeap_Interface__BASE__C)
                  8001f9d8    00000004     app_pea8fnv.oea8fnv (.const:xdc_runtime_ILogger_Interface__BASE__C)
                  8001f9dc    00000004     app_pea8fnv.oea8fnv (.const:xdc_runtime_IModule_Interface__BASE__C)
                  8001f9e0    00000004     app_pea8fnv.oea8fnv (.const:xdc_runtime_Log_L_error__C)
                  8001f9e4    00000004     app_pea8fnv.oea8fnv (.const:xdc_runtime_LoggerBuf_E_badLevel__C)
                  8001f9e8    00000004     app_pea8fnv.oea8fnv (.const:xdc_runtime_LoggerBuf_Module__gateObj__C)
                  8001f9ec    00000004     app_pea8fnv.oea8fnv (.const:xdc_runtime_LoggerBuf_Object__count__C)
                  8001f9f0    00000004     app_pea8fnv.oea8fnv (.const:xdc_runtime_LoggerBuf_statusLogger__C)
                  8001f9f4    00000004     app_pea8fnv.oea8fnv (.const:xdc_runtime_Memory_defaultHeapInstance__C)
                  8001f9f8    00000004     app_pea8fnv.oea8fnv (.const:xdc_runtime_Startup_execImpl__C)
                  8001f9fc    00000004     app_pea8fnv.oea8fnv (.const:xdc_runtime_Startup_maxPasses__C)
                  8001fa00    00000004     app_pea8fnv.oea8fnv (.const:xdc_runtime_Startup_sfxnRts__C)
                  8001fa04    00000004     app_pea8fnv.oea8fnv (.const:xdc_runtime_Startup_sfxnTab__C)
                  8001fa08    00000004     app_pea8fnv.oea8fnv (.const:xdc_runtime_SysMin_bufSize__C)
                  8001fa0c    00000004     app_pea8fnv.oea8fnv (.const:xdc_runtime_SysMin_outputFunc__C)
                  8001fa10    00000004     app_pea8fnv.oea8fnv (.const:xdc_runtime_System_Module__gateObj__C)
                  8001fa14    00000004     app_pea8fnv.oea8fnv (.const:xdc_runtime_System_abortFxn__C)
                  8001fa18    00000004     app_pea8fnv.oea8fnv (.const:xdc_runtime_System_exitFxn__C)
                  8001fa1c    00000004     app_pea8fnv.oea8fnv (.const:xdc_runtime_System_extendFxn__C)
                  8001fa20    00000004     app_pea8fnv.oea8fnv (.const:xdc_runtime_System_maxAtexitHandlers__C)
                  8001fa24    00000004     app_pea8fnv.oea8fnv (.const:xdc_runtime_Text_charTab__C)
                  8001fa28    00000004     app_pea8fnv.oea8fnv (.const:xdc_runtime_Text_nameEmpty__C)
                  8001fa2c    00000004     app_pea8fnv.oea8fnv (.const:xdc_runtime_Text_nameStatic__C)
                  8001fa30    00000004     app_pea8fnv.oea8fnv (.const:xdc_runtime_Text_nameUnknown__C)
                  8001fa34    00000004     app_pea8fnv.oea8fnv (.const:xdc_runtime_Text_nodeTab__C)
                  8001fa38    00000004     app_pea8fnv.oea8fnv (.const:xdc_runtime_Text_visitRopeFxn__C)
                  8001fa3c    00000002     app_pea8fnv.oea8fnv (.const:ti_sysbios_family_arm_a8_Cache_enableCache__C)
                  8001fa3e    00000002     app_pea8fnv.oea8fnv (.const:ti_sysbios_family_arm_a8_Cache_unlockL2Cache__C)
                  8001fa40    00000002     app_pea8fnv.oea8fnv (.const:ti_sysbios_family_arm_a8_Mmu_enableMMU__C)
                  8001fa42    00000002     app_pea8fnv.oea8fnv (.const:ti_sysbios_family_arm_a8_intcps_Hwi_Module__id__C)
                  8001fa44    00000002     app_pea8fnv.oea8fnv (.const:ti_sysbios_family_arm_a8_intcps_Hwi_Module__loggerDefined__C)
                  8001fa46    00000002     app_pea8fnv.oea8fnv (.const:ti_sysbios_family_arm_exc_Exception_Module__id__C)
                  8001fa48    00000002     app_pea8fnv.oea8fnv (.const:ti_sysbios_gates_GateMutex_Module__id__C)
                  8001fa4a    00000002     app_pea8fnv.oea8fnv (.const:ti_sysbios_hal_Hwi_Module__id__C)
                  8001fa4c    00000002     app_pea8fnv.oea8fnv (.const:ti_sysbios_heaps_HeapMem_Module__id__C)
                  8001fa4e    00000002     app_pea8fnv.oea8fnv (.const:ti_sysbios_knl_Clock_Module__id__C)
                  8001fa50    00000002     app_pea8fnv.oea8fnv (.const:ti_sysbios_knl_Clock_Module__loggerDefined__C)
                  8001fa52    00000002     app_pea8fnv.oea8fnv (.const:ti_sysbios_knl_Semaphore_Module__id__C)
                  8001fa54    00000002     app_pea8fnv.oea8fnv (.const:ti_sysbios_knl_Semaphore_Module__loggerDefined__C)
                  8001fa56    00000002     app_pea8fnv.oea8fnv (.const:ti_sysbios_knl_Swi_Module__id__C)
                  8001fa58    00000002     app_pea8fnv.oea8fnv (.const:ti_sysbios_knl_Swi_Module__loggerDefined__C)
                  8001fa5a    00000002     app_pea8fnv.oea8fnv (.const:ti_sysbios_knl_Task_Module__id__C)
                  8001fa5c    00000002     app_pea8fnv.oea8fnv (.const:ti_sysbios_knl_Task_Module__loggerDefined__C)
                  8001fa5e    00000002     app_pea8fnv.oea8fnv (.const:ti_sysbios_knl_Task_initStackFlag__C)
                  8001fa60    00000002     app_pea8fnv.oea8fnv (.const:ti_sysbios_timers_dmtimer_Timer_Module__id__C)
                  8001fa62    00000002     app_pea8fnv.oea8fnv (.const:ti_sysbios_timers_dmtimer_Timer_checkFrequency__C)
                  8001fa64    00000002     app_pea8fnv.oea8fnv (.const:ti_sysbios_timers_dmtimer_Timer_startupNeeded__C)
                  8001fa66    00000002     app_pea8fnv.oea8fnv (.const:xdc_runtime_Core_Module__id__C)
                  8001fa68    00000002     app_pea8fnv.oea8fnv (.const:xdc_runtime_Error_Module__loggerDefined__C)
                  8001fa6a    00000002     app_pea8fnv.oea8fnv (.const:xdc_runtime_Error_maxDepth__C)
                  8001fa6c    00000002     app_pea8fnv.oea8fnv (.const:xdc_runtime_LoggerBuf_Module__id__C)
                  8001fa6e    00000002     app_pea8fnv.oea8fnv (.const:xdc_runtime_LoggerBuf_filterByLevel__C)
                  8001fa70    00000002     app_pea8fnv.oea8fnv (.const:xdc_runtime_Memory_Module__id__C)
                  8001fa72    00000002     app_pea8fnv.oea8fnv (.const:xdc_runtime_SysMin_flushAtExit__C)
                  8001fa74    00000002     app_pea8fnv.oea8fnv (.const:xdc_runtime_Text_charCnt__C)
                  8001fa76    00000002     app_pea8fnv.oea8fnv (.const:xdc_runtime_Text_isLoaded__C)
                  8001fa78    00000002     app_pea8fnv.oea8fnv (.const:xdc_runtime_Text_registryModsLastId__C)
                  8001fa7a    00000002     app_pea8fnv.oea8fnv (.const:xdc_runtime_Text_unnamedModsLastId__C)


LINKER GENERATED COPY TABLES

__TI_cinit_table @ 80028460 records: 2, size/record: 8, table size: 16
	.data: load addr=80026000, load size=0000244a bytes, run addr=80013390, run size=00005850 bytes, compression=rle
	.bss: load addr=80028458, load size=00000008 bytes, run addr=80018be0, run size=00004c60 bytes, compression=zero_init


LINKER GENERATED HANDLER TABLE

__TI_handler_table @ 8002844c records: 3, size/record: 4, table size: 12
	index: 0, handler: __TI_zero_init
	index: 1, handler: __TI_decompress_rle24
	index: 2, handler: __TI_decompress_none


[...]
8001f428  timer3                                                                  
8001f42c  timer4                                                                  
8001f430  timer6                                                                  
8001f434  timer7                                                                  
8001f438  taskPIMRun                                                              
8001f43c  rtcint                                                                  
8001f440  isr79eQEP0INThn                                                         
8001f444  isr88eQEP1INThn                                                         
8001f448  isr89eQEP2INThn                                                         
8001f44c  isr96gpio0hn                                                            
8001f450  isr98gpio1hn                                                            
8001f454  isr70I2C0hn                                                             
8001f458  isr57gpiohn                                                             
8001f45c  isr99gpio1hn                                                            
8001f460  isr71I2C1hn                                                             
8001f464  isr30I2C2hn                                                             
8001f468  isr17USBSSINThn                                                         
8001f46c  isr18USBINT0hn                                                          
8001f470  isr19USBINT1hn                                                          
8001f474  isr72UART0INTThn                                                        
8001f478  isr73UART1INThn                                                         
8001f47c  isr74UART2INThn                                                         
8001f480  isr44UART3INThn                                                         
8001f484  isr45UART4INThn                                                         
8001f488  isr46UART5INThn                                                         
8001f4d4  ti_sysbios_knl_Task_Object__PARAMS__C                                   
8001f510  xdc_runtime_LoggerBuf_Module__FXNS__C                                   
8001f54c  xdc_runtime_Startup_sfxnTab__A                                          
8001f584  ti_sysbios_heaps_HeapMem_Module__FXNS__C                                
8001f5ac  ti_sysbios_gates_GateHwi_Module__FXNS__C                                
8001f5d0  ti_sysbios_gates_GateMutex_Module__FXNS__C                              
8001f5f4  ti_sysbios_heaps_HeapMem_Object__PARAMS__C                              
8001f618  ti_sysbios_knl_Semaphore_Object__PARAMS__C                              
8001f63c  xdc_runtime_LoggerBuf_Object__PARAMS__C                                 
8001f680  ti_sysbios_gates_GateHwi_Object__DESC__C                                
8001f6a0  ti_sysbios_gates_GateMutex_Object__DESC__C                              
8001f6c0  ti_sysbios_heaps_HeapMem_Object__DESC__C                                
8001f6e0  ti_sysbios_knl_Queue_Object__DESC__C                                    
8001f700  ti_sysbios_knl_Semaphore_Object__DESC__C                                
8001f720  ti_sysbios_knl_Task_Object__DESC__C                                     
8001f740  xdc_runtime_LoggerBuf_Object__DESC__C                                   
8001f760  xdc_runtime_Startup_sfxnRts__A                                          
8001f77c  ti_sysbios_gates_GateHwi_Object__PARAMS__C                              
8001f794  ti_sysbios_gates_GateMutex_Object__PARAMS__C                            
8001f7ac  ti_sysbios_knl_Queue_Object__PARAMS__C                                  
8001f7d5  xdc_runtime_Error_policy__C                                             
8001f7d6  ti_sysbios_family_arm_a8_Cache_branchPredictionEnabled__C               
8001f7d8  xdc_runtime_Startup_firstFxns__A                                        
8001f7e4  ti_sysbios_knl_Idle_funcList__A                                         
8001f7ec  ti_sysbios_knl_Idle_funcList__C                                         
8001f7f4  xdc_runtime_Startup_firstFxns__C                                        
8001f7fc  xdc_runtime_Startup_lastFxns__C                                         
8001f804  ti_sysbios_family_arm_TaskSupport_stackAlignment__C                     
8001f808  ti_sysbios_family_arm_a8_intcps_Hwi_E_undefined__C                      
8001f80c  ti_sysbios_family_arm_a8_intcps_Hwi_LD_end__C                           
8001f810  ti_sysbios_family_arm_a8_intcps_Hwi_LM_begin__C                         
8001f814  ti_sysbios_family_arm_a8_intcps_Hwi_Module__diagsEnabled__C             
8001f818  ti_sysbios_family_arm_a8_intcps_Hwi_Module__diagsIncluded__C            
8001f81c  ti_sysbios_family_arm_a8_intcps_Hwi_Module__diagsMask__C                
8001f820  ti_sysbios_family_arm_a8_intcps_Hwi_Module__loggerFxn1__C               
8001f824  ti_sysbios_family_arm_a8_intcps_Hwi_Module__loggerFxn8__C               
8001f828  ti_sysbios_family_arm_a8_intcps_Hwi_Module__loggerObj__C                
8001f82c  ti_sysbios_family_arm_a8_intcps_Hwi_NUM_PRIORITIES__C                   
8001f830  ti_sysbios_family_arm_a8_intcps_Hwi_taskDisable__C                      
8001f834  ti_sysbios_family_arm_a8_intcps_Hwi_taskRestoreHwi__C                   
8001f838  ti_sysbios_family_arm_exc_Exception_E_dataAbort__C                      
8001f83c  ti_sysbios_family_arm_exc_Exception_E_prefetchAbort__C                  
8001f840  ti_sysbios_family_arm_exc_Exception_E_swi__C                            
8001f844  ti_sysbios_family_arm_exc_Exception_E_undefinedInstruction__C           
8001f848  ti_sysbios_family_arm_exc_Exception_excHookFuncs__A                     
8001f84c  ti_sysbios_family_arm_exc_Exception_excHookFuncs__C                     
8001f850  ti_sysbios_gates_GateMutex_A_badContext__C                              
8001f854  ti_sysbios_gates_GateMutex_Instance_State_sem__O                        
8001f858  ti_sysbios_gates_GateMutex_Module__diagsEnabled__C                      
8001f85c  ti_sysbios_gates_GateMutex_Module__diagsIncluded__C                     
8001f860  ti_sysbios_gates_GateMutex_Module__diagsMask__C                         
8001f864  ti_sysbios_hal_Hwi_E_stackOverflow__C                                   
8001f868  ti_sysbios_heaps_HeapMem_A_align__C                                     
8001f86c  ti_sysbios_heaps_HeapMem_A_heapSize__C                                  
8001f870  ti_sysbios_heaps_HeapMem_A_invalidFree__C                               
8001f874  ti_sysbios_heaps_HeapMem_A_zeroBlock__C                                 
8001f878  ti_sysbios_heaps_HeapMem_E_memory__C                                    
8001f87c  ti_sysbios_heaps_HeapMem_Module__diagsEnabled__C                        
8001f880  ti_sysbios_heaps_HeapMem_Module__diagsIncluded__C                       
8001f884  ti_sysbios_heaps_HeapMem_Module__diagsMask__C                           
8001f888  ti_sysbios_heaps_HeapMem_Module__gateObj__C                             
8001f88c  ti_sysbios_heaps_HeapMem_Object__count__C                               
8001f890  ti_sysbios_heaps_HeapMem_reqAlign__C                                    
8001f894  ti_sysbios_knl_Clock_LM_begin__C                                        
8001f898  ti_sysbios_knl_Clock_LM_tick__C                                         
8001f89c  ti_sysbios_knl_Clock_LW_delayed__C                                      
8001f8a0  ti_sysbios_knl_Clock_Module_State_clockQ__O                             
8001f8a4  ti_sysbios_knl_Clock_Module__diagsEnabled__C                            
8001f8a8  ti_sysbios_knl_Clock_Module__diagsIncluded__C                           
8001f8ac  ti_sysbios_knl_Clock_Module__diagsMask__C                               
8001f8b0  ti_sysbios_knl_Clock_Module__loggerFxn1__C                              
8001f8b4  ti_sysbios_knl_Clock_Module__loggerFxn2__C                              
8001f8b8  ti_sysbios_knl_Clock_Module__loggerObj__C                               
8001f8bc  ti_sysbios_knl_Semaphore_A_badContext__C                                
8001f8c0  ti_sysbios_knl_Semaphore_A_noEvents__C                                  
8001f8c4  ti_sysbios_knl_Semaphore_A_overflow__C                                  
8001f8c8  ti_sysbios_knl_Semaphore_A_pendTaskDisabled__C                          
8001f8cc  ti_sysbios_knl_Semaphore_Instance_State_pendQ__O                        
8001f8d0  ti_sysbios_knl_Semaphore_LM_pend__C                                     
8001f8d4  ti_sysbios_knl_Semaphore_LM_post__C                                     
8001f8d8  ti_sysbios_knl_Semaphore_Module__diagsEnabled__C                        
8001f8dc  ti_sysbios_knl_Semaphore_Module__diagsIncluded__C                       
8001f8e0  ti_sysbios_knl_Semaphore_Module__diagsMask__C                           
8001f8e4  ti_sysbios_knl_Semaphore_Module__loggerFxn2__C                          
8001f8e8  ti_sysbios_knl_Semaphore_Module__loggerFxn4__C                          
8001f8ec  ti_sysbios_knl_Semaphore_Module__loggerObj__C                           
8001f8f0  ti_sysbios_knl_Swi_LD_end__C                                            
8001f8f4  ti_sysbios_knl_Swi_LM_begin__C                                          
8001f8f8  ti_sysbios_knl_Swi_LM_post__C                                           
8001f8fc  ti_sysbios_knl_Swi_Module__diagsEnabled__C                              
8001f900  ti_sysbios_knl_Swi_Module__diagsIncluded__C                             
8001f904  ti_sysbios_knl_Swi_Module__diagsMask__C                                 
8001f908  ti_sysbios_knl_Swi_Module__loggerFxn1__C                                
8001f90c  ti_sysbios_knl_Swi_Module__loggerFxn4__C                                
8001f910  ti_sysbios_knl_Swi_Module__loggerObj__C                                 
8001f914  ti_sysbios_knl_Swi_Object__count__C                                     
8001f918  ti_sysbios_knl_Task_A_badPriority__C                                    
8001f91c  ti_sysbios_knl_Task_A_badTaskState__C                                   
8001f920  ti_sysbios_knl_Task_A_badThreadType__C                                  
8001f924  ti_sysbios_knl_Task_A_badTimeout__C                                     
8001f928  ti_sysbios_knl_Task_A_noPendElem__C                                     
8001f92c  ti_sysbios_knl_Task_A_sleepTaskDisabled__C                              
8001f930  ti_sysbios_knl_Task_E_spOutOfBounds__C                                  
8001f934  ti_sysbios_knl_Task_E_stackOverflow__C                                  
8001f938  ti_sysbios_knl_Task_LD_block__C                                         
8001f93c  ti_sysbios_knl_Task_LD_exit__C                                          
8001f940  ti_sysbios_knl_Task_LD_ready__C                                         
8001f944  ti_sysbios_knl_Task_LM_sleep__C                                         
8001f948  ti_sysbios_knl_Task_LM_switch__C                                        
8001f94c  ti_sysbios_knl_Task_LM_yield__C                                         
8001f950  ti_sysbios_knl_Task_Module_State_inactiveQ__O                           
8001f954  ti_sysbios_knl_Task_Module__diagsEnabled__C                             
8001f958  ti_sysbios_knl_Task_Module__diagsIncluded__C                            
8001f95c  ti_sysbios_knl_Task_Module__diagsMask__C                                
8001f960  ti_sysbios_knl_Task_Module__loggerFxn2__C                               
8001f964  ti_sysbios_knl_Task_Module__loggerFxn4__C                               
8001f968  ti_sysbios_knl_Task_Module__loggerObj__C                                
8001f96c  ti_sysbios_knl_Task_Object__count__C                                    
8001f970  ti_sysbios_knl_Task_allBlockedFunc__C                                   
8001f974  ti_sysbios_knl_Task_defaultStackHeap__C                                 
8001f978  ti_sysbios_knl_Task_defaultStackSize__C                                 
8001f97c  ti_sysbios_knl_Task_numConstructedTasks__C                              
8001f980  ti_sysbios_timers_dmtimer_Timer_E_cannotSupport__C                      
8001f984  ti_sysbios_timers_dmtimer_Timer_E_freqMismatch__C                       
8001f988  ti_sysbios_timers_dmtimer_Timer_Module__diagsEnabled__C                 
8001f98c  ti_sysbios_timers_dmtimer_Timer_Module__diagsIncluded__C                
8001f990  ti_sysbios_timers_dmtimer_Timer_Module__diagsMask__C                    
8001f994  ti_sysbios_timers_dmtimer_Timer_numTimerDevices__C                      
8001f998  xdc_runtime_Assert_E_assertFailed__C                                    
8001f99c  xdc_runtime_Core_A_initializedParams__C                                 
8001f9a0  xdc_runtime_Core_Module__diagsEnabled__C                                
8001f9a4  xdc_runtime_Core_Module__diagsIncluded__C                               
8001f9a8  xdc_runtime_Core_Module__diagsMask__C                                   
8001f9ac  xdc_runtime_Error_E_memory__C                                           
8001f9b0  xdc_runtime_Error_Module__diagsEnabled__C                               
8001f9b4  xdc_runtime_Error_Module__diagsIncluded__C                              
8001f9b8  xdc_runtime_Error_Module__diagsMask__C                                  
8001f9bc  xdc_runtime_Error_Module__loggerFxn8__C                                 
8001f9c0  xdc_runtime_Error_Module__loggerObj__C                                  
8001f9c4  xdc_runtime_Error_policyFxn__C                                          
8001f9c8  xdc_runtime_Error_raiseHook__C                                          
8001f9cc  xdc_runtime_IFilterLogger_Interface__BASE__C                            
8001f9d0  xdc_runtime_IGateProvider_Interface__BASE__C                            
8001f9d4  xdc_runtime_IHeap_Interface__BASE__C                                    
8001f9d8  xdc_runtime_ILogger_Interface__BASE__C                                  
8001f9dc  xdc_runtime_IModule_Interface__BASE__C                                  
8001f9e0  xdc_runtime_Log_L_error__C                                              
8001f9e4  xdc_runtime_LoggerBuf_E_badLevel__C                                     
8001f9e8  xdc_runtime_LoggerBuf_Module__gateObj__C                                
8001f9ec  xdc_runtime_LoggerBuf_Object__count__C                                  
8001f9f0  xdc_runtime_LoggerBuf_statusLogger__C                                   
8001f9f4  xdc_runtime_Memory_defaultHeapInstance__C                               
8001f9f8  xdc_runtime_Startup_execImpl__C                                         
8001f9fc  xdc_runtime_Startup_maxPasses__C                                        
8001fa00  xdc_runtime_Startup_sfxnRts__C                                          
8001fa04  xdc_runtime_Startup_sfxnTab__C                                          
8001fa08  xdc_runtime_SysMin_bufSize__C                                           
8001fa0c  xdc_runtime_SysMin_outputFunc__C                                        
8001fa10  xdc_runtime_System_Module__gateObj__C                                   
8001fa14  xdc_runtime_System_abortFxn__C                                          
8001fa18  xdc_runtime_System_exitFxn__C                                           
8001fa1c  xdc_runtime_System_extendFxn__C                                         
8001fa20  xdc_runtime_System_maxAtexitHandlers__C                                 
8001fa24  xdc_runtime_Text_charTab__C                                             
8001fa28  xdc_runtime_Text_nameEmpty__C                                           
8001fa2c  xdc_runtime_Text_nameStatic__C                                          
8001fa30  xdc_runtime_Text_nameUnknown__C                                         
8001fa34  xdc_runtime_Text_nodeTab__C                                             
8001fa38  xdc_runtime_Text_visitRopeFxn__C                                        
8001fa3c  ti_sysbios_family_arm_a8_Cache_enableCache__C                           
8001fa3e  ti_sysbios_family_arm_a8_Cache_unlockL2Cache__C                         
8001fa40  ti_sysbios_family_arm_a8_Mmu_enableMMU__C                               
8001fa42  ti_sysbios_family_arm_a8_intcps_Hwi_Module__id__C                       
8001fa44  ti_sysbios_family_arm_a8_intcps_Hwi_Module__loggerDefined__C            
8001fa46  ti_sysbios_family_arm_exc_Exception_Module__id__C                       
8001fa48  ti_sysbios_gates_GateMutex_Module__id__C                                
8001fa4a  ti_sysbios_hal_Hwi_Module__id__C                                        
8001fa4c  ti_sysbios_heaps_HeapMem_Module__id__C                                  
8001fa4e  ti_sysbios_knl_Clock_Module__id__C                                      
8001fa50  ti_sysbios_knl_Clock_Module__loggerDefined__C                           
8001fa52  ti_sysbios_knl_Semaphore_Module__id__C                                  
8001fa54  ti_sysbios_knl_Semaphore_Module__loggerDefined__C                       
8001fa56  ti_sysbios_knl_Swi_Module__id__C                                        
8001fa58  ti_sysbios_knl_Swi_Module__loggerDefined__C                             
8001fa5a  ti_sysbios_knl_Task_Module__id__C                                       
8001fa5c  ti_sysbios_knl_Task_Module__loggerDefined__C                            
8001fa5e  ti_sysbios_knl_Task_initStackFlag__C                                    
8001fa60  ti_sysbios_timers_dmtimer_Timer_Module__id__C                           
8001fa62  ti_sysbios_timers_dmtimer_Timer_checkFrequency__C                       
8001fa64  ti_sysbios_timers_dmtimer_Timer_startupNeeded__C                        
8001fa66  xdc_runtime_Core_Module__id__C                                          
8001fa68  xdc_runtime_Error_Module__loggerDefined__C                              
8001fa6a  xdc_runtime_Error_maxDepth__C                                           
8001fa6c  xdc_runtime_LoggerBuf_Module__id__C                                     
8001fa6e  xdc_runtime_LoggerBuf_filterByLevel__C                                  
8001fa70  xdc_runtime_Memory_Module__id__C                                        
8001fa72  xdc_runtime_SysMin_flushAtExit__C                                       
8001fa74  xdc_runtime_Text_charCnt__C                                             
8001fa76  xdc_runtime_Text_isLoaded__C                                            
8001fa78  xdc_runtime_Text_registryModsLastId__C                                  
8001fa7a  xdc_runtime_Text_unnamedModsLastId__C                                   
8001fc00  ti_sysbios_family_arm_a8_intcps_Hwi_vectors                             
80020000  ti_sysbios_family_arm_a8_Mmu_Module_State_0_tableBuf__A                 
80024000  __stack                                                                 
80026000  __STACK_END                                                             
80026000  __TI_static_base__                                                      
8002844c  __TI_Handler_Table_Base                                                 
80028458  __TI_Handler_Table_Limit                                                
80028460  __TI_CINIT_Base                                                         
80028470  __TI_CINIT_Limit                                                        
ffffffff  __binit__                                                               
ffffffff  __c_args__                                                              
ffffffff  binit                                                                   
UNDEFED   SHT$$INIT_ARRAY$$Base                                                   
UNDEFED   SHT$$INIT_ARRAY$$Limit                                                  

[1326 symbols]
